[0.025s] Invoking command in '/mnt/emmc/cat_home/arm-platform/build/manipulator': CMAKE_PREFIX_PATH=${CMAKE_PREFIX_PATH}:/opt/ros/humble /usr/bin/cmake --build /mnt/emmc/cat_home/arm-platform/build/manipulator -- -j8 -l8
[0.114s] -- Found ament_cmake: 1.3.12 (/opt/ros/humble/share/ament_cmake/cmake)
[0.248s] -- Found Python3: /usr/bin/python3 (found version "3.10.12") found components: Interpreter 
[0.455s] -- Found rclcpp: 16.0.16 (/opt/ros/humble/share/rclcpp/cmake)
[0.576s] -- Found rosidl_generator_c: 3.1.7 (/opt/ros/humble/share/rosidl_generator_c/cmake)
[0.582s] -- Found rosidl_adapter: 3.1.7 (/opt/ros/humble/share/rosidl_adapter/cmake)
[0.597s] -- Found rosidl_generator_cpp: 3.1.7 (/opt/ros/humble/share/rosidl_generator_cpp/cmake)
[0.622s] -- Using all available rosidl_typesupport_c: rosidl_typesupport_fastrtps_c;rosidl_typesupport_introspection_c
[0.651s] -- Using all available rosidl_typesupport_cpp: rosidl_typesupport_fastrtps_cpp;rosidl_typesupport_introspection_cpp
[0.732s] -- Found rmw_implementation_cmake: 6.1.2 (/opt/ros/humble/share/rmw_implementation_cmake/cmake)
[0.738s] -- Found rmw_cyclonedds_cpp: 1.3.4 (/opt/ros/humble/share/rmw_cyclonedds_cpp/cmake)
[0.785s] -- Using RMW implementation 'rmw_cyclonedds_cpp' as default
[0.900s] -- Found sensor_msgs: 4.9.0 (/opt/ros/humble/share/sensor_msgs/cmake)
[0.970s] -- Found dummy_interface: 0.0.0 (/home/cat/ArmRemoteController/install/dummy_interface/share/dummy_interface/cmake)
[0.995s] -- Found serial: 1.2.1 (/usr/local/share/serial/cmake)
[1.002s] -- pinocchio_default FOUND. pinocchio_default at /opt/ros/humble/lib/aarch64-linux-gnu/libpinocchio_default.so
[1.002s] -- pinocchio_parsers FOUND. pinocchio_parsers at /opt/ros/humble/lib/aarch64-linux-gnu/libpinocchio_parsers.so
[1.008s] -- boost_filesystem FOUND. boost_filesystem at /lib/aarch64-linux-gnu/libboost_filesystem.so
[1.028s] -- Found Boost: /usr/include (found version "1.74.0") found components: filesystem serialization 
[1.031s] -- eigenpy FOUND. eigenpy at /opt/ros/humble/lib/aarch64-linux-gnu/libeigenpy.so
[1.087s] -- Checking for NumPy
[1.486s] --   NUMPY_INCLUDE_DIRS=/usr/lib/python3/dist-packages/numpy/core/include
[1.681s] --   NUMPY_VERSION=1.21.5
[2.186s] -- Found Python3: /usr/bin/python3 (found version "3.10.12") found components: Interpreter Development.Module NumPy 
[2.187s] -- PythonLibraryDirs: 
[2.187s] -- PythonLibVersionString: 3.10.12
[2.231s] -- Python site lib: lib/python3.10/site-packages
[2.231s] -- Python include dirs: /usr/include/python3.10
[2.325s] -- Checking for NumPy
[2.515s] --   NUMPY_INCLUDE_DIRS=/usr/lib/python3/dist-packages/numpy/core/include
[2.710s] --   NUMPY_VERSION=1.21.5
[2.710s] -- NumPy include dir: /usr/lib/python3/dist-packages/numpy/core/include
[2.716s] [33mCMake Warning at /usr/share/cmake-3.22/Modules/FindBoost.cmake:2201 (message):
[2.716s]   No header defined for python310; skipping header check (note: header-only
[2.717s]   libraries have no designated component)
[2.717s] Call Stack (most recent call first):
[2.717s]   /opt/ros/humble/lib/aarch64-linux-gnu/cmake/eigenpy/boost.cmake:148 (find_package)
[2.717s]   /opt/ros/humble/lib/aarch64-linux-gnu/cmake/eigenpy/eigenpyConfig.cmake:149 (SEARCH_FOR_BOOST_PYTHON)
[2.717s]   /usr/share/cmake-3.22/Modules/CMakeFindDependencyMacro.cmake:47 (find_package)
[2.717s]   /opt/ros/humble/lib/aarch64-linux-gnu/cmake/pinocchio/pinocchioConfig.cmake:161 (find_dependency)
[2.717s]   CMakeLists.txt:19 (find_package)
[2.717s] 
[2.717s] [0m
[2.718s] -- Found Boost: /usr/include (found version "1.74.0") found components: python310 
[3.275s] -- Default C++ standard: 201703
[3.275s] -- C++ standard sufficient: Minimal required 11, currently defined: 17
[3.275s] -- CMAKE_CXX_STANDARD was not set: automatically set to currently defined standard 17
[3.279s] -- hpp-fcl FOUND. hpp-fcl at /opt/ros/humble/lib/aarch64-linux-gnu/libhpp-fcl.so
[3.289s] -- Found Boost: /usr/include (found version "1.74.0") found components: chrono serialization filesystem 
[3.295s] -- C++ standard sufficient: Minimal required 11, currently defined: 17
[3.300s] -- C++ standard sufficient: Minimal required 11, currently defined: 17
[3.327s] -- Found ament_lint_auto: 0.12.14 (/opt/ros/humble/share/ament_lint_auto/cmake)
[3.515s] -- Added test 'cppcheck' to perform static code analysis on C / C++ code
[3.516s] -- Configured cppcheck include dirs: $<BUILD_INTERFACE:/mnt/emmc/cat_home/arm-platform/include>
[3.516s] -- Configured cppcheck exclude dirs and/or files: 
[3.522s] -- Added test 'flake8' to check Python code syntax and style conventions
[3.530s] -- Added test 'lint_cmake' to check CMake code style
[3.534s] -- Added test 'pep257' to check Python code against some of the docstring style conventions in PEP 257
[3.561s] -- Added test 'uncrustify' to check C / C++ code style
[3.561s] -- Configured uncrustify additional arguments: 
[3.567s] -- Added test 'xmllint' to check XML markup files
[3.572s] -- Configuring done
[3.631s] -- Generating done
[3.649s] -- Build files have been written to: /mnt/emmc/cat_home/arm-platform/build/manipulator
[3.735s] [35m[1mConsolidate compiler generated dependencies of target gravity_compensation[0m
[3.746s] [35m[1mConsolidate compiler generated dependencies of target manipulator_core[0m
[3.761s] [35m[1mConsolidate compiler generated dependencies of target gravity_compensation_pinocchio[0m
[3.768s] [  9%] Built target gravity_compensation
[3.845s] [ 33%] Built target gravity_compensation_pinocchio
[3.846s] [ 71%] Built target manipulator_core
[3.873s] [35m[1mConsolidate compiler generated dependencies of target slave_arm_node[0m
[3.886s] [35m[1mConsolidate compiler generated dependencies of target arm_hardware_node[0m
[3.906s] [35m[1mConsolidate compiler generated dependencies of target master_arm_node[0m
[3.925s] [ 80%] Built target arm_hardware_node
[3.928s] [ 85%] [32mBuilding CXX object CMakeFiles/slave_arm_node.dir/src/slave_arm_node.cc.o[0m
[4.019s] [ 90%] [32mBuilding CXX object CMakeFiles/master_arm_node.dir/src/master_arm_node.cc.o[0m
[15.113s] [01m[K/mnt/emmc/cat_home/arm-platform/src/slave_arm_node.cc:[m[K In constructor ‘[01m[Kmanipulator::SlaveArmNode::SlaveArmNode()[m[K’:
[15.113s] [01m[K/mnt/emmc/cat_home/arm-platform/src/slave_arm_node.cc:72:8:[m[K [01;35m[Kwarning: [m[Kunused variable ‘[01m[Kpublish_joint_state[m[K’ [[01;35m[K]8;;https://gcc.gnu.org/onlinedocs/gcc/Warning-Options.html#index-Wunused-variable-Wunused-variable]8;;[m[K]
[15.114s]    72 |   bool [01;35m[Kpublish_joint_state[m[K = this->get_parameter("publish_joint_state").as_bool();
[15.114s]       |        [01;35m[K^~~~~~~~~~~~~~~~~~~[m[K
[15.183s] [01m[K/mnt/emmc/cat_home/arm-platform/src/master_arm_node.cc:[m[K In constructor ‘[01m[Kmanipulator::MasterArmNode::MasterArmNode()[m[K’:
[15.184s] [01m[K/mnt/emmc/cat_home/arm-platform/src/master_arm_node.cc:72:8:[m[K [01;35m[Kwarning: [m[Kunused variable ‘[01m[Kpublish_joint_state[m[K’ [[01;35m[K]8;;https://gcc.gnu.org/onlinedocs/gcc/Warning-Options.html#index-Wunused-variable-Wunused-variable]8;;[m[K]
[15.184s]    72 |   bool [01;35m[Kpublish_joint_state[m[K = this->get_parameter("publish_joint_state").as_bool();
[15.185s]       |        [01;35m[K^~~~~~~~~~~~~~~~~~~[m[K
[28.538s] [ 95%] [32m[1mLinking CXX executable slave_arm_node[0m
[28.636s] [100%] [32m[1mLinking CXX executable master_arm_node[0m
[30.100s] [100%] Built target slave_arm_node
[30.185s] [100%] Built target master_arm_node
[30.203s] Invoked command in '/mnt/emmc/cat_home/arm-platform/build/manipulator' returned '0': CMAKE_PREFIX_PATH=${CMAKE_PREFIX_PATH}:/opt/ros/humble /usr/bin/cmake --build /mnt/emmc/cat_home/arm-platform/build/manipulator -- -j8 -l8
[30.220s] Invoking command in '/mnt/emmc/cat_home/arm-platform/build/manipulator': CMAKE_PREFIX_PATH=${CMAKE_PREFIX_PATH}:/opt/ros/humble /usr/bin/cmake --install /mnt/emmc/cat_home/arm-platform/build/manipulator
[30.230s] -- Install configuration: ""
[30.230s] -- Up-to-date: /mnt/emmc/cat_home/arm-platform/install/manipulator/lib/libmanipulator_core.a
[30.231s] -- Up-to-date: /mnt/emmc/cat_home/arm-platform/install/manipulator/lib/libgravity_compensation.a
[30.231s] -- Installing: /mnt/emmc/cat_home/arm-platform/install/manipulator/lib/libgravity_compensation_pinocchio.a
[30.244s] -- Up-to-date: /mnt/emmc/cat_home/arm-platform/install/manipulator/lib/manipulator/arm_hardware_node
[30.244s] -- Installing: /mnt/emmc/cat_home/arm-platform/install/manipulator/lib/manipulator/master_arm_node
[30.258s] -- Set runtime path of "/mnt/emmc/cat_home/arm-platform/install/manipulator/lib/manipulator/master_arm_node" to ""
[30.259s] -- Installing: /mnt/emmc/cat_home/arm-platform/install/manipulator/lib/manipulator/slave_arm_node
[30.271s] -- Set runtime path of "/mnt/emmc/cat_home/arm-platform/install/manipulator/lib/manipulator/slave_arm_node" to ""
[30.272s] -- Up-to-date: /mnt/emmc/cat_home/arm-platform/install/manipulator/include
[30.272s] -- Up-to-date: /mnt/emmc/cat_home/arm-platform/install/manipulator/include/manipulator
[30.273s] -- Installing: /mnt/emmc/cat_home/arm-platform/install/manipulator/include/manipulator/slave_arm_node.h
[30.273s] -- Up-to-date: /mnt/emmc/cat_home/arm-platform/install/manipulator/include/manipulator/arm
[30.274s] -- Up-to-date: /mnt/emmc/cat_home/arm-platform/install/manipulator/include/manipulator/arm/abs_arm.h
[30.274s] -- Up-to-date: /mnt/emmc/cat_home/arm-platform/install/manipulator/include/manipulator/arm/i_arm.h
[30.275s] -- Up-to-date: /mnt/emmc/cat_home/arm-platform/install/manipulator/include/manipulator/arm/a_l1_gamma.h
[30.275s] -- Up-to-date: /mnt/emmc/cat_home/arm-platform/install/manipulator/include/manipulator/arm/a_l1_beta.h
[30.275s] -- Up-to-date: /mnt/emmc/cat_home/arm-platform/install/manipulator/include/manipulator/arm/arm_factory.h
[30.276s] -- Up-to-date: /mnt/emmc/cat_home/arm-platform/install/manipulator/include/manipulator/arm_types.h
[30.277s] -- Up-to-date: /mnt/emmc/cat_home/arm-platform/install/manipulator/include/manipulator/bus
[30.278s] -- Up-to-date: /mnt/emmc/cat_home/arm-platform/install/manipulator/include/manipulator/bus/i_bus.h
[30.279s] -- Up-to-date: /mnt/emmc/cat_home/arm-platform/install/manipulator/include/manipulator/bus/abs_bus.h
[30.280s] -- Up-to-date: /mnt/emmc/cat_home/arm-platform/install/manipulator/include/manipulator/bus/serial_bus.h
[30.280s] -- Up-to-date: /mnt/emmc/cat_home/arm-platform/install/manipulator/include/manipulator/arm_hardware_node.h
[30.281s] -- Up-to-date: /mnt/emmc/cat_home/arm-platform/install/manipulator/include/manipulator/motor
[30.281s] -- Up-to-date: /mnt/emmc/cat_home/arm-platform/install/manipulator/include/manipulator/motor/dm_motor.h
[30.282s] -- Up-to-date: /mnt/emmc/cat_home/arm-platform/install/manipulator/include/manipulator/motor/abs_motor.h
[30.283s] -- Up-to-date: /mnt/emmc/cat_home/arm-platform/install/manipulator/include/manipulator/motor/i_motor.h
[30.284s] -- Up-to-date: /mnt/emmc/cat_home/arm-platform/install/manipulator/include/manipulator/master_arm_node.h
[30.284s] -- Installing: /mnt/emmc/cat_home/arm-platform/install/manipulator/include/manipulator/gravity_compensation_pinocchio.h
[30.285s] -- Up-to-date: /mnt/emmc/cat_home/arm-platform/install/manipulator/include/manipulator/controller
[30.285s] -- Up-to-date: /mnt/emmc/cat_home/arm-platform/install/manipulator/include/manipulator/controller/dummy_controller.h
[30.286s] -- Up-to-date: /mnt/emmc/cat_home/arm-platform/install/manipulator/include/manipulator/controller/i_arm_controller.h
[30.286s] -- Up-to-date: /mnt/emmc/cat_home/arm-platform/install/manipulator/include/manipulator/protocol
[30.287s] -- Up-to-date: /mnt/emmc/cat_home/arm-platform/install/manipulator/include/manipulator/protocol/protocol_v1.h
[30.287s] -- Up-to-date: /mnt/emmc/cat_home/arm-platform/install/manipulator/include/manipulator/protocol/i_protocol.h
[30.289s] -- Up-to-date: /mnt/emmc/cat_home/arm-platform/install/manipulator/include/manipulator/protocol/abs_protocol.h
[30.289s] -- Up-to-date: /mnt/emmc/cat_home/arm-platform/install/manipulator/include/manipulator/protocol/protocol_factory.h
[30.290s] -- Up-to-date: /mnt/emmc/cat_home/arm-platform/install/manipulator/include/manipulator/gravity_compensation.h
[30.291s] -- Up-to-date: /mnt/emmc/cat_home/arm-platform/install/manipulator/share/manipulator/
[30.292s] -- Up-to-date: /mnt/emmc/cat_home/arm-platform/install/manipulator/share/manipulator//master_arm.launch.py
[30.295s] -- Up-to-date: /mnt/emmc/cat_home/arm-platform/install/manipulator/share/manipulator//demo.launch.py
[30.296s] -- Up-to-date: /mnt/emmc/cat_home/arm-platform/install/manipulator/share/manipulator//slave_arm.launch.py
[30.296s] -- Up-to-date: /mnt/emmc/cat_home/arm-platform/install/manipulator/share/manipulator/environment/library_path.sh
[30.297s] -- Installing: /mnt/emmc/cat_home/arm-platform/install/manipulator/share/manipulator/environment/library_path.dsv
[30.299s] -- Up-to-date: /mnt/emmc/cat_home/arm-platform/install/manipulator/share/ament_index/resource_index/package_run_dependencies/manipulator
[30.299s] -- Installing: /mnt/emmc/cat_home/arm-platform/install/manipulator/share/ament_index/resource_index/parent_prefix_path/manipulator
[30.300s] -- Up-to-date: /mnt/emmc/cat_home/arm-platform/install/manipulator/share/manipulator/environment/ament_prefix_path.sh
[30.301s] -- Installing: /mnt/emmc/cat_home/arm-platform/install/manipulator/share/manipulator/environment/ament_prefix_path.dsv
[30.302s] -- Up-to-date: /mnt/emmc/cat_home/arm-platform/install/manipulator/share/manipulator/environment/path.sh
[30.303s] -- Installing: /mnt/emmc/cat_home/arm-platform/install/manipulator/share/manipulator/environment/path.dsv
[30.303s] -- Up-to-date: /mnt/emmc/cat_home/arm-platform/install/manipulator/share/manipulator/local_setup.bash
[30.304s] -- Up-to-date: /mnt/emmc/cat_home/arm-platform/install/manipulator/share/manipulator/local_setup.sh
[30.304s] -- Up-to-date: /mnt/emmc/cat_home/arm-platform/install/manipulator/share/manipulator/local_setup.zsh
[30.305s] -- Installing: /mnt/emmc/cat_home/arm-platform/install/manipulator/share/manipulator/local_setup.dsv
[30.305s] -- Installing: /mnt/emmc/cat_home/arm-platform/install/manipulator/share/manipulator/package.dsv
[30.306s] -- Up-to-date: /mnt/emmc/cat_home/arm-platform/install/manipulator/share/ament_index/resource_index/packages/manipulator
[30.307s] -- Up-to-date: /mnt/emmc/cat_home/arm-platform/install/manipulator/share/manipulator/cmake/export_manipulatorExport.cmake
[30.307s] -- Up-to-date: /mnt/emmc/cat_home/arm-platform/install/manipulator/share/manipulator/cmake/export_manipulatorExport-noconfig.cmake
[30.308s] -- Up-to-date: /mnt/emmc/cat_home/arm-platform/install/manipulator/share/manipulator/cmake/ament_cmake_export_targets-extras.cmake
[30.309s] -- Up-to-date: /mnt/emmc/cat_home/arm-platform/install/manipulator/share/manipulator/cmake/ament_cmake_export_include_directories-extras.cmake
[30.310s] -- Up-to-date: /mnt/emmc/cat_home/arm-platform/install/manipulator/share/manipulator/cmake/ament_cmake_export_dependencies-extras.cmake
[30.312s] -- Up-to-date: /mnt/emmc/cat_home/arm-platform/install/manipulator/share/manipulator/cmake/manipulatorConfig.cmake
[30.312s] -- Up-to-date: /mnt/emmc/cat_home/arm-platform/install/manipulator/share/manipulator/cmake/manipulatorConfig-version.cmake
[30.313s] -- Up-to-date: /mnt/emmc/cat_home/arm-platform/install/manipulator/share/manipulator/package.xml
[30.314s] Invoked command in '/mnt/emmc/cat_home/arm-platform/build/manipulator' returned '0': CMAKE_PREFIX_PATH=${CMAKE_PREFIX_PATH}:/opt/ros/humble /usr/bin/cmake --install /mnt/emmc/cat_home/arm-platform/build/manipulator
