[0.067s] DEBUG:colcon:Command line arguments: ['/usr/bin/colcon', 'build']
[0.067s] DEBUG:colcon:Parsed command line arguments: Namespace(log_base=None, log_level=None, verb_name='build', build_base='build', install_base='install', merge_install=False, symlink_install=False, test_result_base=None, continue_on_error=False, executor='parallel', parallel_workers=20, event_handlers=None, ignore_user_meta=False, metas=['./colcon.meta'], base_paths=['.'], packages_ignore=None, packages_ignore_regex=None, paths=None, packages_up_to=None, packages_up_to_regex=None, packages_above=None, packages_above_and_dependencies=None, packages_above_depth=None, packages_select_by_dep=None, packages_skip_by_dep=None, packages_skip_up_to=None, packages_select_build_failed=False, packages_skip_build_finished=False, packages_select_test_failures=False, packages_skip_test_passed=False, packages_select=None, packages_skip=None, packages_select_regex=None, packages_skip_regex=None, packages_start=None, packages_end=None, allow_overriding=[], cmake_args=None, cmake_target=None, cmake_target_skip_unavailable=False, cmake_clean_cache=False, cmake_clean_first=False, cmake_force_configure=False, ament_cmake_args=None, catkin_cmake_args=None, catkin_skip_building_tests=False, verb_parser=<colcon_defaults.argument_parser.defaults.DefaultArgumentsDecorator object at 0x72ae6ac6d510>, verb_extension=<colcon_core.verb.build.BuildVerb object at 0x72ae6ac6ce50>, main=<bound method BuildVerb.main of <colcon_core.verb.build.BuildVerb object at 0x72ae6ac6ce50>>)
[0.174s] Level 1:colcon.colcon_core.package_discovery:discover_packages(colcon_meta) check parameters
[0.175s] Level 1:colcon.colcon_core.package_discovery:discover_packages(recursive) check parameters
[0.175s] Level 1:colcon.colcon_core.package_discovery:discover_packages(ignore) check parameters
[0.175s] Level 1:colcon.colcon_core.package_discovery:discover_packages(path) check parameters
[0.175s] Level 1:colcon.colcon_core.package_discovery:discover_packages(colcon_meta) discover
[0.175s] Level 1:colcon.colcon_core.package_discovery:discover_packages(recursive) discover
[0.175s] INFO:colcon.colcon_core.package_discovery:Crawling recursively for packages in '/home/crz/arm-platform'
[0.175s] Level 1:colcon.colcon_core.package_identification:_identify(.) by extensions ['ignore', 'ignore_ament_install']
[0.175s] Level 1:colcon.colcon_core.package_identification:_identify(.) by extension 'ignore'
[0.175s] Level 1:colcon.colcon_core.package_identification:_identify(.) by extension 'ignore_ament_install'
[0.175s] Level 1:colcon.colcon_core.package_identification:_identify(.) by extensions ['colcon_pkg']
[0.175s] Level 1:colcon.colcon_core.package_identification:_identify(.) by extension 'colcon_pkg'
[0.175s] Level 1:colcon.colcon_core.package_identification:_identify(.) by extensions ['colcon_meta']
[0.175s] Level 1:colcon.colcon_core.package_identification:_identify(.) by extension 'colcon_meta'
[0.175s] Level 1:colcon.colcon_core.package_identification:_identify(.) by extensions ['ros']
[0.175s] Level 1:colcon.colcon_core.package_identification:_identify(.) by extension 'ros'
[0.184s] DEBUG:colcon.colcon_core.package_identification:Package '.' with type 'ros.ament_cmake' and name 'manipulator'
[0.184s] Level 1:colcon.colcon_core.package_discovery:discover_packages(recursive) using defaults
[0.184s] Level 1:colcon.colcon_core.package_discovery:discover_packages(ignore) discover
[0.184s] Level 1:colcon.colcon_core.package_discovery:discover_packages(ignore) using defaults
[0.184s] Level 1:colcon.colcon_core.package_discovery:discover_packages(path) discover
[0.184s] Level 1:colcon.colcon_core.package_discovery:discover_packages(path) using defaults
[0.206s] Level 1:colcon.colcon_core.package_discovery:discover_packages(prefix_path) check parameters
[0.206s] Level 1:colcon.colcon_core.package_discovery:discover_packages(prefix_path) discover
[0.207s] DEBUG:colcon.colcon_installed_package_information.package_discovery:Found 1 installed packages in /home/crz/arm-platform/install
[0.207s] DEBUG:colcon.colcon_installed_package_information.package_discovery:Found 1 installed packages in /home/crz/dummy-interface/install
[0.208s] DEBUG:colcon.colcon_installed_package_information.package_discovery:Found 409 installed packages in /opt/ros/humble
[0.209s] Level 1:colcon.colcon_core.package_discovery:discover_packages(prefix_path) using defaults
[0.238s] Level 5:colcon.colcon_core.verb:set package 'manipulator' build argument 'cmake_args' from command line to 'None'
[0.238s] Level 5:colcon.colcon_core.verb:set package 'manipulator' build argument 'cmake_target' from command line to 'None'
[0.238s] Level 5:colcon.colcon_core.verb:set package 'manipulator' build argument 'cmake_target_skip_unavailable' from command line to 'False'
[0.238s] Level 5:colcon.colcon_core.verb:set package 'manipulator' build argument 'cmake_clean_cache' from command line to 'False'
[0.238s] Level 5:colcon.colcon_core.verb:set package 'manipulator' build argument 'cmake_clean_first' from command line to 'False'
[0.238s] Level 5:colcon.colcon_core.verb:set package 'manipulator' build argument 'cmake_force_configure' from command line to 'False'
[0.238s] Level 5:colcon.colcon_core.verb:set package 'manipulator' build argument 'ament_cmake_args' from command line to 'None'
[0.238s] Level 5:colcon.colcon_core.verb:set package 'manipulator' build argument 'catkin_cmake_args' from command line to 'None'
[0.238s] Level 5:colcon.colcon_core.verb:set package 'manipulator' build argument 'catkin_skip_building_tests' from command line to 'False'
[0.238s] DEBUG:colcon.colcon_core.verb:Building package 'manipulator' with the following arguments: {'ament_cmake_args': None, 'build_base': '/home/crz/arm-platform/build/manipulator', 'catkin_cmake_args': None, 'catkin_skip_building_tests': False, 'cmake_args': None, 'cmake_clean_cache': False, 'cmake_clean_first': False, 'cmake_force_configure': False, 'cmake_target': None, 'cmake_target_skip_unavailable': False, 'install_base': '/home/crz/arm-platform/install/manipulator', 'merge_install': False, 'path': '/home/crz/arm-platform', 'symlink_install': False, 'test_result_base': None}
[0.238s] INFO:colcon.colcon_core.executor:Executing jobs using 'parallel' executor
[0.239s] DEBUG:colcon.colcon_parallel_executor.executor.parallel:run_until_complete
[0.239s] INFO:colcon.colcon_ros.task.ament_cmake.build:Building ROS package in '/home/crz/arm-platform' with build type 'ament_cmake'
[0.240s] INFO:colcon.colcon_cmake.task.cmake.build:Building CMake package in '/home/crz/arm-platform'
[0.241s] INFO:colcon.colcon_core.plugin_system:Skipping extension 'colcon_core.shell.bat': Not used on non-Windows systems
[0.241s] INFO:colcon.colcon_core.shell:Skip shell extension 'powershell' for command environment: Not usable outside of PowerShell
[0.241s] DEBUG:colcon.colcon_core.shell:Skip shell extension 'dsv' for command environment
[0.248s] DEBUG:colcon.colcon_core.event_handler.log_command:Invoking command in '/home/crz/arm-platform/build/manipulator': CMAKE_PREFIX_PATH=${CMAKE_PREFIX_PATH}:/opt/ros/humble /usr/bin/cmake --build /home/crz/arm-platform/build/manipulator -- -j20 -l20
[3.244s] DEBUG:colcon.colcon_core.event_handler.log_command:Invoked command in '/home/crz/arm-platform/build/manipulator' returned '0': CMAKE_PREFIX_PATH=${CMAKE_PREFIX_PATH}:/opt/ros/humble /usr/bin/cmake --build /home/crz/arm-platform/build/manipulator -- -j20 -l20
[3.254s] DEBUG:colcon.colcon_core.event_handler.log_command:Invoking command in '/home/crz/arm-platform/build/manipulator': CMAKE_PREFIX_PATH=${CMAKE_PREFIX_PATH}:/opt/ros/humble /usr/bin/cmake --install /home/crz/arm-platform/build/manipulator
[3.283s] Level 1:colcon.colcon_core.environment:create_environment_scripts_only(manipulator)
[3.283s] DEBUG:colcon.colcon_core.event_handler.log_command:Invoked command in '/home/crz/arm-platform/build/manipulator' returned '0': CMAKE_PREFIX_PATH=${CMAKE_PREFIX_PATH}:/opt/ros/humble /usr/bin/cmake --install /home/crz/arm-platform/build/manipulator
[3.285s] Level 1:colcon.colcon_core.environment:checking '/home/crz/arm-platform/install/manipulator' for CMake module files
[3.285s] Level 1:colcon.colcon_core.environment:checking '/home/crz/arm-platform/install/manipulator' for CMake config files
[3.286s] Level 1:colcon.colcon_core.shell:create_environment_hook('manipulator', 'cmake_prefix_path')
[3.286s] INFO:colcon.colcon_core.shell:Creating environment hook '/home/crz/arm-platform/install/manipulator/share/manipulator/hook/cmake_prefix_path.ps1'
[3.286s] INFO:colcon.colcon_core.shell:Creating environment descriptor '/home/crz/arm-platform/install/manipulator/share/manipulator/hook/cmake_prefix_path.dsv'
[3.287s] INFO:colcon.colcon_core.shell:Creating environment hook '/home/crz/arm-platform/install/manipulator/share/manipulator/hook/cmake_prefix_path.sh'
[3.287s] Level 1:colcon.colcon_core.environment:checking '/home/crz/arm-platform/install/manipulator/lib'
[3.287s] Level 1:colcon.colcon_core.environment:checking '/home/crz/arm-platform/install/manipulator/bin'
[3.287s] Level 1:colcon.colcon_core.environment:checking '/home/crz/arm-platform/install/manipulator/lib/pkgconfig/manipulator.pc'
[3.287s] Level 1:colcon.colcon_core.environment:checking '/home/crz/arm-platform/install/manipulator/lib/python3.10/site-packages'
[3.288s] Level 1:colcon.colcon_core.environment:checking '/home/crz/arm-platform/install/manipulator/bin'
[3.288s] INFO:colcon.colcon_core.shell:Creating package script '/home/crz/arm-platform/install/manipulator/share/manipulator/package.ps1'
[3.288s] INFO:colcon.colcon_core.shell:Creating package descriptor '/home/crz/arm-platform/install/manipulator/share/manipulator/package.dsv'
[3.289s] INFO:colcon.colcon_core.shell:Creating package script '/home/crz/arm-platform/install/manipulator/share/manipulator/package.sh'
[3.289s] INFO:colcon.colcon_core.shell:Creating package script '/home/crz/arm-platform/install/manipulator/share/manipulator/package.bash'
[3.290s] INFO:colcon.colcon_core.shell:Creating package script '/home/crz/arm-platform/install/manipulator/share/manipulator/package.zsh'
[3.290s] Level 1:colcon.colcon_core.environment:create_file_with_runtime_dependencies(/home/crz/arm-platform/install/manipulator/share/colcon-core/packages/manipulator)
[3.290s] Level 1:colcon.colcon_core.environment:create_environment_scripts_only(manipulator)
[3.291s] Level 1:colcon.colcon_core.environment:checking '/home/crz/arm-platform/install/manipulator' for CMake module files
[3.291s] Level 1:colcon.colcon_core.environment:checking '/home/crz/arm-platform/install/manipulator' for CMake config files
[3.291s] Level 1:colcon.colcon_core.shell:create_environment_hook('manipulator', 'cmake_prefix_path')
[3.291s] INFO:colcon.colcon_core.shell:Creating environment hook '/home/crz/arm-platform/install/manipulator/share/manipulator/hook/cmake_prefix_path.ps1'
[3.292s] INFO:colcon.colcon_core.shell:Creating environment descriptor '/home/crz/arm-platform/install/manipulator/share/manipulator/hook/cmake_prefix_path.dsv'
[3.292s] INFO:colcon.colcon_core.shell:Creating environment hook '/home/crz/arm-platform/install/manipulator/share/manipulator/hook/cmake_prefix_path.sh'
[3.292s] Level 1:colcon.colcon_core.environment:checking '/home/crz/arm-platform/install/manipulator/lib'
[3.292s] Level 1:colcon.colcon_core.environment:checking '/home/crz/arm-platform/install/manipulator/bin'
[3.292s] Level 1:colcon.colcon_core.environment:checking '/home/crz/arm-platform/install/manipulator/lib/pkgconfig/manipulator.pc'
[3.292s] Level 1:colcon.colcon_core.environment:checking '/home/crz/arm-platform/install/manipulator/lib/python3.10/site-packages'
[3.293s] Level 1:colcon.colcon_core.environment:checking '/home/crz/arm-platform/install/manipulator/bin'
[3.293s] INFO:colcon.colcon_core.shell:Creating package script '/home/crz/arm-platform/install/manipulator/share/manipulator/package.ps1'
[3.293s] INFO:colcon.colcon_core.shell:Creating package descriptor '/home/crz/arm-platform/install/manipulator/share/manipulator/package.dsv'
[3.293s] INFO:colcon.colcon_core.shell:Creating package script '/home/crz/arm-platform/install/manipulator/share/manipulator/package.sh'
[3.293s] INFO:colcon.colcon_core.shell:Creating package script '/home/crz/arm-platform/install/manipulator/share/manipulator/package.bash'
[3.294s] INFO:colcon.colcon_core.shell:Creating package script '/home/crz/arm-platform/install/manipulator/share/manipulator/package.zsh'
[3.294s] Level 1:colcon.colcon_core.environment:create_file_with_runtime_dependencies(/home/crz/arm-platform/install/manipulator/share/colcon-core/packages/manipulator)
[3.294s] DEBUG:colcon.colcon_parallel_executor.executor.parallel:closing loop
[3.294s] DEBUG:colcon.colcon_parallel_executor.executor.parallel:loop closed
[3.294s] DEBUG:colcon.colcon_parallel_executor.executor.parallel:run_until_complete finished with '0'
[3.294s] DEBUG:colcon.colcon_core.event_reactor:joining thread
[3.298s] INFO:colcon.colcon_core.plugin_system:Skipping extension 'colcon_notification.desktop_notification.terminal_notifier': Not used on non-Darwin systems
[3.298s] INFO:colcon.colcon_core.plugin_system:Skipping extension 'colcon_notification.desktop_notification.win32': Not used on non-Windows systems
[3.298s] INFO:colcon.colcon_notification.desktop_notification:Sending desktop notification using 'notify2'
[3.305s] DEBUG:colcon.colcon_core.event_reactor:joined thread
[3.306s] INFO:colcon.colcon_core.shell:Creating prefix script '/home/crz/arm-platform/install/local_setup.ps1'
[3.307s] INFO:colcon.colcon_core.shell:Creating prefix util module '/home/crz/arm-platform/install/_local_setup_util_ps1.py'
[3.308s] INFO:colcon.colcon_core.shell:Creating prefix chain script '/home/crz/arm-platform/install/setup.ps1'
[3.310s] INFO:colcon.colcon_core.shell:Creating prefix script '/home/crz/arm-platform/install/local_setup.sh'
[3.311s] INFO:colcon.colcon_core.shell:Creating prefix util module '/home/crz/arm-platform/install/_local_setup_util_sh.py'
[3.312s] INFO:colcon.colcon_core.shell:Creating prefix chain script '/home/crz/arm-platform/install/setup.sh'
[3.312s] INFO:colcon.colcon_core.shell:Creating prefix script '/home/crz/arm-platform/install/local_setup.bash'
[3.313s] INFO:colcon.colcon_core.shell:Creating prefix chain script '/home/crz/arm-platform/install/setup.bash'
[3.314s] INFO:colcon.colcon_core.shell:Creating prefix script '/home/crz/arm-platform/install/local_setup.zsh'
[3.314s] INFO:colcon.colcon_core.shell:Creating prefix chain script '/home/crz/arm-platform/install/setup.zsh'
