[0.009s] Invoking command in '/home/crz/arm-platform/build/manipulator': CMAKE_PREFIX_PATH=${CMAKE_PREFIX_PATH}:/opt/ros/humble /usr/bin/cmake --build /home/crz/arm-platform/build/manipulator -- -j20 -l20
[0.065s] [  9%] Built target gravity_compensation
[0.073s] [ 19%] Built target gravity_compensation_pinocchio
[0.073s] [ 71%] Built target manipulator_core
[0.091s] [35m[1mConsolidate compiler generated dependencies of target slave_arm_node[0m
[0.096s] [ 80%] Built target arm_hardware_node
[0.096s] [35m[1mConsolidate compiler generated dependencies of target master_arm_node[0m
[0.117s] [ 85%] [32mBuilding CXX object CMakeFiles/slave_arm_node.dir/src/slave_arm_node.cc.o[0m
[0.126s] [ 95%] Built target master_arm_node
[26.360s] [100%] [32m[1mLinking CXX executable slave_arm_node[0m
[27.062s] [100%] Built target slave_arm_node
[27.071s] Invoked command in '/home/crz/arm-platform/build/manipulator' returned '0': CMAKE_PREFIX_PATH=${CMAKE_PREFIX_PATH}:/opt/ros/humble /usr/bin/cmake --build /home/crz/arm-platform/build/manipulator -- -j20 -l20
[27.080s] Invoking command in '/home/crz/arm-platform/build/manipulator': CMAKE_PREFIX_PATH=${CMAKE_PREFIX_PATH}:/opt/ros/humble /usr/bin/cmake --install /home/crz/arm-platform/build/manipulator
[27.089s] -- Install configuration: ""
[27.090s] -- Up-to-date: /home/crz/arm-platform/install/manipulator/lib/libmanipulator_core.a
[27.090s] -- Up-to-date: /home/crz/arm-platform/install/manipulator/lib/libgravity_compensation.a
[27.090s] -- Up-to-date: /home/crz/arm-platform/install/manipulator/lib/libgravity_compensation_pinocchio.a
[27.090s] -- Up-to-date: /home/crz/arm-platform/install/manipulator/lib/manipulator/arm_hardware_node
[27.090s] -- Up-to-date: /home/crz/arm-platform/install/manipulator/lib/manipulator/master_arm_node
[27.090s] -- Installing: /home/crz/arm-platform/install/manipulator/lib/manipulator/slave_arm_node
[27.098s] -- Set runtime path of "/home/crz/arm-platform/install/manipulator/lib/manipulator/slave_arm_node" to ""
[27.098s] -- Up-to-date: /home/crz/arm-platform/install/manipulator/include
[27.098s] -- Up-to-date: /home/crz/arm-platform/install/manipulator/include/manipulator
[27.098s] -- Up-to-date: /home/crz/arm-platform/install/manipulator/include/manipulator/controller
[27.098s] -- Up-to-date: /home/crz/arm-platform/install/manipulator/include/manipulator/controller/dummy_controller.h
[27.098s] -- Up-to-date: /home/crz/arm-platform/install/manipulator/include/manipulator/controller/i_arm_controller.h
[27.098s] -- Up-to-date: /home/crz/arm-platform/install/manipulator/include/manipulator/arm_types.h
[27.099s] -- Up-to-date: /home/crz/arm-platform/install/manipulator/include/manipulator/arm
[27.099s] -- Up-to-date: /home/crz/arm-platform/install/manipulator/include/manipulator/arm/abs_arm.h
[27.099s] -- Up-to-date: /home/crz/arm-platform/install/manipulator/include/manipulator/arm/i_arm.h
[27.099s] -- Up-to-date: /home/crz/arm-platform/install/manipulator/include/manipulator/arm/a_l1_gamma.h
[27.099s] -- Up-to-date: /home/crz/arm-platform/install/manipulator/include/manipulator/arm/arm_factory.h
[27.099s] -- Up-to-date: /home/crz/arm-platform/install/manipulator/include/manipulator/arm/a_l1_beta.h
[27.099s] -- Up-to-date: /home/crz/arm-platform/install/manipulator/include/manipulator/bus
[27.099s] -- Up-to-date: /home/crz/arm-platform/install/manipulator/include/manipulator/bus/abs_bus.h
[27.099s] -- Up-to-date: /home/crz/arm-platform/install/manipulator/include/manipulator/bus/serial_bus.h
[27.099s] -- Up-to-date: /home/crz/arm-platform/install/manipulator/include/manipulator/bus/i_bus.h
[27.099s] -- Up-to-date: /home/crz/arm-platform/install/manipulator/include/manipulator/slave_arm_node.h
[27.099s] -- Up-to-date: /home/crz/arm-platform/install/manipulator/include/manipulator/master_arm_node.h
[27.099s] -- Up-to-date: /home/crz/arm-platform/install/manipulator/include/manipulator/gravity_compensation.h
[27.099s] -- Up-to-date: /home/crz/arm-platform/install/manipulator/include/manipulator/gravity_compensation_pinocchio.h
[27.099s] -- Up-to-date: /home/crz/arm-platform/install/manipulator/include/manipulator/protocol
[27.099s] -- Up-to-date: /home/crz/arm-platform/install/manipulator/include/manipulator/protocol/protocol_v1.h
[27.099s] -- Up-to-date: /home/crz/arm-platform/install/manipulator/include/manipulator/protocol/protocol_factory.h
[27.099s] -- Up-to-date: /home/crz/arm-platform/install/manipulator/include/manipulator/protocol/i_protocol.h
[27.099s] -- Up-to-date: /home/crz/arm-platform/install/manipulator/include/manipulator/protocol/abs_protocol.h
[27.099s] -- Up-to-date: /home/crz/arm-platform/install/manipulator/include/manipulator/motor
[27.099s] -- Up-to-date: /home/crz/arm-platform/install/manipulator/include/manipulator/motor/dm_motor.h
[27.099s] -- Up-to-date: /home/crz/arm-platform/install/manipulator/include/manipulator/motor/i_motor.h
[27.099s] -- Up-to-date: /home/crz/arm-platform/install/manipulator/include/manipulator/motor/abs_motor.h
[27.099s] -- Up-to-date: /home/crz/arm-platform/install/manipulator/include/manipulator/arm_hardware_node.h
[27.099s] -- Up-to-date: /home/crz/arm-platform/install/manipulator/share/manipulator/
[27.100s] -- Up-to-date: /home/crz/arm-platform/install/manipulator/share/manipulator//master_arm.launch.py
[27.100s] -- Up-to-date: /home/crz/arm-platform/install/manipulator/share/manipulator//slave_arm.launch.py
[27.100s] -- Up-to-date: /home/crz/arm-platform/install/manipulator/share/manipulator//demo.launch.py
[27.100s] -- Up-to-date: /home/crz/arm-platform/install/manipulator/share/manipulator/environment/library_path.sh
[27.100s] -- Up-to-date: /home/crz/arm-platform/install/manipulator/share/manipulator/environment/library_path.dsv
[27.100s] -- Up-to-date: /home/crz/arm-platform/install/manipulator/share/ament_index/resource_index/package_run_dependencies/manipulator
[27.100s] -- Up-to-date: /home/crz/arm-platform/install/manipulator/share/ament_index/resource_index/parent_prefix_path/manipulator
[27.100s] -- Up-to-date: /home/crz/arm-platform/install/manipulator/share/manipulator/environment/ament_prefix_path.sh
[27.100s] -- Up-to-date: /home/crz/arm-platform/install/manipulator/share/manipulator/environment/ament_prefix_path.dsv
[27.100s] -- Up-to-date: /home/crz/arm-platform/install/manipulator/share/manipulator/environment/path.sh
[27.100s] -- Up-to-date: /home/crz/arm-platform/install/manipulator/share/manipulator/environment/path.dsv
[27.100s] -- Up-to-date: /home/crz/arm-platform/install/manipulator/share/manipulator/local_setup.bash
[27.100s] -- Up-to-date: /home/crz/arm-platform/install/manipulator/share/manipulator/local_setup.sh
[27.100s] -- Up-to-date: /home/crz/arm-platform/install/manipulator/share/manipulator/local_setup.zsh
[27.100s] -- Up-to-date: /home/crz/arm-platform/install/manipulator/share/manipulator/local_setup.dsv
[27.100s] -- Installing: /home/crz/arm-platform/install/manipulator/share/manipulator/package.dsv
[27.100s] -- Up-to-date: /home/crz/arm-platform/install/manipulator/share/ament_index/resource_index/packages/manipulator
[27.100s] -- Up-to-date: /home/crz/arm-platform/install/manipulator/share/manipulator/cmake/export_manipulatorExport.cmake
[27.100s] -- Up-to-date: /home/crz/arm-platform/install/manipulator/share/manipulator/cmake/export_manipulatorExport-noconfig.cmake
[27.100s] -- Up-to-date: /home/crz/arm-platform/install/manipulator/share/manipulator/cmake/ament_cmake_export_targets-extras.cmake
[27.101s] -- Up-to-date: /home/crz/arm-platform/install/manipulator/share/manipulator/cmake/ament_cmake_export_include_directories-extras.cmake
[27.101s] -- Up-to-date: /home/crz/arm-platform/install/manipulator/share/manipulator/cmake/ament_cmake_export_dependencies-extras.cmake
[27.101s] -- Up-to-date: /home/crz/arm-platform/install/manipulator/share/manipulator/cmake/manipulatorConfig.cmake
[27.101s] -- Up-to-date: /home/crz/arm-platform/install/manipulator/share/manipulator/cmake/manipulatorConfig-version.cmake
[27.101s] -- Up-to-date: /home/crz/arm-platform/install/manipulator/share/manipulator/package.xml
[27.102s] Invoked command in '/home/crz/arm-platform/build/manipulator' returned '0': CMAKE_PREFIX_PATH=${CMAKE_PREFIX_PATH}:/opt/ros/humble /usr/bin/cmake --install /home/crz/arm-platform/build/manipulator
