[0.009s] Invoking command in '/home/crz/arm-platform/build/manipulator': CMAKE_PREFIX_PATH=${CMAKE_PREFIX_PATH}:/opt/ros/humble /usr/bin/cmake --build /home/crz/arm-platform/build/manipulator -- -j20 -l20
[0.077s] [  9%] Built target gravity_compensation
[0.082s] [ 61%] Built target manipulator_core
[0.087s] [ 71%] Built target gravity_compensation_pinocchio
[0.121s] [ 80%] Built target arm_hardware_node
[0.121s] [35m[1mConsolidate compiler generated dependencies of target slave_arm_node[0m
[0.144s] [ 90%] Built target master_arm_node
[0.153s] [ 95%] [32mBuilding CXX object CMakeFiles/slave_arm_node.dir/src/slave_arm_node.cc.o[0m
[25.510s] [100%] [32m[1mLinking CXX executable slave_arm_node[0m
[26.225s] [100%] Built target slave_arm_node
[26.240s] Invoked command in '/home/crz/arm-platform/build/manipulator' returned '0': CMAKE_PREFIX_PATH=${CMAKE_PREFIX_PATH}:/opt/ros/humble /usr/bin/cmake --build /home/crz/arm-platform/build/manipulator -- -j20 -l20
[26.257s] Invoking command in '/home/crz/arm-platform/build/manipulator': CMAKE_PREFIX_PATH=${CMAKE_PREFIX_PATH}:/opt/ros/humble /usr/bin/cmake --install /home/crz/arm-platform/build/manipulator
[26.271s] -- Install configuration: ""
[26.271s] -- Up-to-date: /home/crz/arm-platform/install/manipulator/lib/libmanipulator_core.a
[26.271s] -- Up-to-date: /home/crz/arm-platform/install/manipulator/lib/libgravity_compensation.a
[26.271s] -- Up-to-date: /home/crz/arm-platform/install/manipulator/lib/libgravity_compensation_pinocchio.a
[26.271s] -- Up-to-date: /home/crz/arm-platform/install/manipulator/lib/manipulator/arm_hardware_node
[26.271s] -- Up-to-date: /home/crz/arm-platform/install/manipulator/lib/manipulator/master_arm_node
[26.271s] -- Installing: /home/crz/arm-platform/install/manipulator/lib/manipulator/slave_arm_node
[26.276s] -- Set runtime path of "/home/crz/arm-platform/install/manipulator/lib/manipulator/slave_arm_node" to ""
[26.276s] -- Up-to-date: /home/crz/arm-platform/install/manipulator/include
[26.276s] -- Up-to-date: /home/crz/arm-platform/install/manipulator/include/manipulator
[26.276s] -- Up-to-date: /home/crz/arm-platform/install/manipulator/include/manipulator/controller
[26.276s] -- Up-to-date: /home/crz/arm-platform/install/manipulator/include/manipulator/controller/dummy_controller.h
[26.277s] -- Up-to-date: /home/crz/arm-platform/install/manipulator/include/manipulator/controller/i_arm_controller.h
[26.277s] -- Up-to-date: /home/crz/arm-platform/install/manipulator/include/manipulator/arm_types.h
[26.277s] -- Up-to-date: /home/crz/arm-platform/install/manipulator/include/manipulator/arm
[26.277s] -- Up-to-date: /home/crz/arm-platform/install/manipulator/include/manipulator/arm/abs_arm.h
[26.277s] -- Up-to-date: /home/crz/arm-platform/install/manipulator/include/manipulator/arm/i_arm.h
[26.277s] -- Up-to-date: /home/crz/arm-platform/install/manipulator/include/manipulator/arm/a_l1_gamma.h
[26.277s] -- Up-to-date: /home/crz/arm-platform/install/manipulator/include/manipulator/arm/arm_factory.h
[26.277s] -- Up-to-date: /home/crz/arm-platform/install/manipulator/include/manipulator/arm/a_l1_beta.h
[26.277s] -- Up-to-date: /home/crz/arm-platform/install/manipulator/include/manipulator/bus
[26.277s] -- Up-to-date: /home/crz/arm-platform/install/manipulator/include/manipulator/bus/abs_bus.h
[26.277s] -- Up-to-date: /home/crz/arm-platform/install/manipulator/include/manipulator/bus/serial_bus.h
[26.277s] -- Up-to-date: /home/crz/arm-platform/install/manipulator/include/manipulator/bus/i_bus.h
[26.277s] -- Up-to-date: /home/crz/arm-platform/install/manipulator/include/manipulator/slave_arm_node.h
[26.277s] -- Up-to-date: /home/crz/arm-platform/install/manipulator/include/manipulator/master_arm_node.h
[26.277s] -- Up-to-date: /home/crz/arm-platform/install/manipulator/include/manipulator/gravity_compensation.h
[26.277s] -- Up-to-date: /home/crz/arm-platform/install/manipulator/include/manipulator/gravity_compensation_pinocchio.h
[26.277s] -- Up-to-date: /home/crz/arm-platform/install/manipulator/include/manipulator/protocol
[26.277s] -- Up-to-date: /home/crz/arm-platform/install/manipulator/include/manipulator/protocol/protocol_v1.h
[26.277s] -- Up-to-date: /home/crz/arm-platform/install/manipulator/include/manipulator/protocol/protocol_factory.h
[26.277s] -- Up-to-date: /home/crz/arm-platform/install/manipulator/include/manipulator/protocol/i_protocol.h
[26.277s] -- Up-to-date: /home/crz/arm-platform/install/manipulator/include/manipulator/protocol/abs_protocol.h
[26.277s] -- Up-to-date: /home/crz/arm-platform/install/manipulator/include/manipulator/motor
[26.277s] -- Up-to-date: /home/crz/arm-platform/install/manipulator/include/manipulator/motor/dm_motor.h
[26.277s] -- Up-to-date: /home/crz/arm-platform/install/manipulator/include/manipulator/motor/i_motor.h
[26.277s] -- Up-to-date: /home/crz/arm-platform/install/manipulator/include/manipulator/motor/abs_motor.h
[26.277s] -- Up-to-date: /home/crz/arm-platform/install/manipulator/include/manipulator/arm_hardware_node.h
[26.277s] -- Up-to-date: /home/crz/arm-platform/install/manipulator/share/manipulator/
[26.277s] -- Up-to-date: /home/crz/arm-platform/install/manipulator/share/manipulator//master_arm.launch.py
[26.277s] -- Up-to-date: /home/crz/arm-platform/install/manipulator/share/manipulator//slave_arm.launch.py
[26.277s] -- Up-to-date: /home/crz/arm-platform/install/manipulator/share/manipulator//demo.launch.py
[26.278s] -- Up-to-date: /home/crz/arm-platform/install/manipulator/share/manipulator/environment/library_path.sh
[26.278s] -- Up-to-date: /home/crz/arm-platform/install/manipulator/share/manipulator/environment/library_path.dsv
[26.278s] -- Up-to-date: /home/crz/arm-platform/install/manipulator/share/ament_index/resource_index/package_run_dependencies/manipulator
[26.278s] -- Up-to-date: /home/crz/arm-platform/install/manipulator/share/ament_index/resource_index/parent_prefix_path/manipulator
[26.278s] -- Up-to-date: /home/crz/arm-platform/install/manipulator/share/manipulator/environment/ament_prefix_path.sh
[26.278s] -- Up-to-date: /home/crz/arm-platform/install/manipulator/share/manipulator/environment/ament_prefix_path.dsv
[26.278s] -- Up-to-date: /home/crz/arm-platform/install/manipulator/share/manipulator/environment/path.sh
[26.278s] -- Up-to-date: /home/crz/arm-platform/install/manipulator/share/manipulator/environment/path.dsv
[26.278s] -- Up-to-date: /home/crz/arm-platform/install/manipulator/share/manipulator/local_setup.bash
[26.278s] -- Up-to-date: /home/crz/arm-platform/install/manipulator/share/manipulator/local_setup.sh
[26.278s] -- Up-to-date: /home/crz/arm-platform/install/manipulator/share/manipulator/local_setup.zsh
[26.278s] -- Up-to-date: /home/crz/arm-platform/install/manipulator/share/manipulator/local_setup.dsv
[26.278s] -- Installing: /home/crz/arm-platform/install/manipulator/share/manipulator/package.dsv
[26.278s] -- Up-to-date: /home/crz/arm-platform/install/manipulator/share/ament_index/resource_index/packages/manipulator
[26.278s] -- Up-to-date: /home/crz/arm-platform/install/manipulator/share/manipulator/cmake/export_manipulatorExport.cmake
[26.279s] -- Up-to-date: /home/crz/arm-platform/install/manipulator/share/manipulator/cmake/export_manipulatorExport-noconfig.cmake
[26.279s] -- Up-to-date: /home/crz/arm-platform/install/manipulator/share/manipulator/cmake/ament_cmake_export_targets-extras.cmake
[26.279s] -- Up-to-date: /home/crz/arm-platform/install/manipulator/share/manipulator/cmake/ament_cmake_export_include_directories-extras.cmake
[26.279s] -- Up-to-date: /home/crz/arm-platform/install/manipulator/share/manipulator/cmake/ament_cmake_export_dependencies-extras.cmake
[26.279s] -- Up-to-date: /home/crz/arm-platform/install/manipulator/share/manipulator/cmake/manipulatorConfig.cmake
[26.279s] -- Up-to-date: /home/crz/arm-platform/install/manipulator/share/manipulator/cmake/manipulatorConfig-version.cmake
[26.279s] -- Up-to-date: /home/crz/arm-platform/install/manipulator/share/manipulator/package.xml
[26.279s] Invoked command in '/home/crz/arm-platform/build/manipulator' returned '0': CMAKE_PREFIX_PATH=${CMAKE_PREFIX_PATH}:/opt/ros/humble /usr/bin/cmake --install /home/crz/arm-platform/build/manipulator
