[0.024s] Invoking command in '/mnt/emmc/cat_home/arm-platform/build/manipulator': CMAKE_PREFIX_PATH=${CMAKE_PREFIX_PATH}:/opt/ros/humble /usr/bin/cmake --build /mnt/emmc/cat_home/arm-platform/build/manipulator -- -j8 -l8
[0.168s] [35m[1mConsolidate compiler generated dependencies of target gravity_compensation_pinocchio[0m
[0.195s] [  9%] Built target gravity_compensation
[0.226s] [ 61%] Built target manipulator_core
[0.232s] [ 66%] [32mBuilding CXX object CMakeFiles/gravity_compensation_pinocchio.dir/src/gravity_compensation_pinocchio.cc.o[0m
[0.288s] [35m[1mConsolidate compiler generated dependencies of target slave_arm_node[0m
[0.306s] [ 76%] Built target arm_hardware_node
[0.345s] [ 80%] [32mBuilding CXX object CMakeFiles/slave_arm_node.dir/src/slave_arm_node.cc.o[0m
[0.876s] In file included from [01m[K/mnt/emmc/cat_home/arm-platform/include/manipulator/slave_arm_node.h:13[m[K,
[0.877s]                  from [01m[K/mnt/emmc/cat_home/arm-platform/src/slave_arm_node.cc:2[m[K:
[0.877s] [01m[K/mnt/emmc/cat_home/arm-platform/include/manipulator/gravity_compensation_pinocchio.h:7:10:[m[K [01;31m[Kfatal error: [m[Kpinocchio/multibody/model.hpp: 没有那个文件或目录
[0.877s]     7 | #include [01;31m[K<pinocchio/multibody/model.hpp>[m[K
[0.878s]       |          [01;31m[K^~~~~~~~~~~~~~~~~~~~~~~~~~~~~~~[m[K
[0.878s] compilation terminated.
[0.886s] gmake[2]: *** [CMakeFiles/slave_arm_node.dir/build.make:76：CMakeFiles/slave_arm_node.dir/src/slave_arm_node.cc.o] 错误 1
[0.887s] gmake[1]: *** [CMakeFiles/Makefile2:279：CMakeFiles/slave_arm_node.dir/all] 错误 2
[0.887s] gmake[1]: *** 正在等待未完成的任务....
[21.457s] [ 85%] [32m[1mLinking CXX static library libgravity_compensation_pinocchio.a[0m
[21.682s] [ 85%] Built target gravity_compensation_pinocchio
[21.684s] gmake: *** [Makefile:146：all] 错误 2
[21.688s] Invoked command in '/mnt/emmc/cat_home/arm-platform/build/manipulator' returned '2': CMAKE_PREFIX_PATH=${CMAKE_PREFIX_PATH}:/opt/ros/humble /usr/bin/cmake --build /mnt/emmc/cat_home/arm-platform/build/manipulator -- -j8 -l8
