[0.027s] Invoking command in '/mnt/emmc/cat_home/arm-platform/build/manipulator': CMAKE_PREFIX_PATH=${CMAKE_PREFIX_PATH}:/opt/ros/humble /usr/bin/cmake --build /mnt/emmc/cat_home/arm-platform/build/manipulator -- -j8 -l8
[0.207s] [  9%] Built target gravity_compensation
[0.233s] [ 19%] Built target gravity_compensation_pinocchio
[0.248s] [ 71%] Built target manipulator_core
[0.303s] [35m[1mConsolidate compiler generated dependencies of target slave_arm_node[0m
[0.328s] [ 80%] Built target arm_hardware_node
[0.377s] [ 90%] Built target master_arm_node
[0.405s] [ 95%] [32mBuilding CXX object CMakeFiles/slave_arm_node.dir/src/slave_arm_node.cc.o[0m
[66.459s] [100%] [32m[1mLinking CXX executable slave_arm_node[0m
[68.338s] [100%] Built target slave_arm_node
[68.370s] Invoked command in '/mnt/emmc/cat_home/arm-platform/build/manipulator' returned '0': CMAKE_PREFIX_PATH=${CMAKE_PREFIX_PATH}:/opt/ros/humble /usr/bin/cmake --build /mnt/emmc/cat_home/arm-platform/build/manipulator -- -j8 -l8
[68.389s] Invoking command in '/mnt/emmc/cat_home/arm-platform/build/manipulator': CMAKE_PREFIX_PATH=${CMAKE_PREFIX_PATH}:/opt/ros/humble /usr/bin/cmake --install /mnt/emmc/cat_home/arm-platform/build/manipulator
[68.404s] -- Install configuration: ""
[68.404s] -- Up-to-date: /mnt/emmc/cat_home/arm-platform/install/manipulator/lib/libmanipulator_core.a
[68.405s] -- Up-to-date: /mnt/emmc/cat_home/arm-platform/install/manipulator/lib/libgravity_compensation.a
[68.405s] -- Up-to-date: /mnt/emmc/cat_home/arm-platform/install/manipulator/lib/libgravity_compensation_pinocchio.a
[68.405s] -- Up-to-date: /mnt/emmc/cat_home/arm-platform/install/manipulator/lib/manipulator/arm_hardware_node
[68.406s] -- Up-to-date: /mnt/emmc/cat_home/arm-platform/install/manipulator/lib/manipulator/master_arm_node
[68.406s] -- Installing: /mnt/emmc/cat_home/arm-platform/install/manipulator/lib/manipulator/slave_arm_node
[68.428s] -- Set runtime path of "/mnt/emmc/cat_home/arm-platform/install/manipulator/lib/manipulator/slave_arm_node" to ""
[68.429s] -- Up-to-date: /mnt/emmc/cat_home/arm-platform/install/manipulator/include
[68.429s] -- Up-to-date: /mnt/emmc/cat_home/arm-platform/install/manipulator/include/manipulator
[68.430s] -- Up-to-date: /mnt/emmc/cat_home/arm-platform/install/manipulator/include/manipulator/slave_arm_node.h
[68.430s] -- Up-to-date: /mnt/emmc/cat_home/arm-platform/install/manipulator/include/manipulator/arm
[68.431s] -- Up-to-date: /mnt/emmc/cat_home/arm-platform/install/manipulator/include/manipulator/arm/abs_arm.h
[68.431s] -- Up-to-date: /mnt/emmc/cat_home/arm-platform/install/manipulator/include/manipulator/arm/i_arm.h
[68.431s] -- Up-to-date: /mnt/emmc/cat_home/arm-platform/install/manipulator/include/manipulator/arm/a_l1_gamma.h
[68.432s] -- Up-to-date: /mnt/emmc/cat_home/arm-platform/install/manipulator/include/manipulator/arm/a_l1_beta.h
[68.432s] -- Up-to-date: /mnt/emmc/cat_home/arm-platform/install/manipulator/include/manipulator/arm/arm_factory.h
[68.433s] -- Up-to-date: /mnt/emmc/cat_home/arm-platform/install/manipulator/include/manipulator/arm_types.h
[68.434s] -- Up-to-date: /mnt/emmc/cat_home/arm-platform/install/manipulator/include/manipulator/bus
[68.435s] -- Up-to-date: /mnt/emmc/cat_home/arm-platform/install/manipulator/include/manipulator/bus/i_bus.h
[68.436s] -- Up-to-date: /mnt/emmc/cat_home/arm-platform/install/manipulator/include/manipulator/bus/abs_bus.h
[68.436s] -- Up-to-date: /mnt/emmc/cat_home/arm-platform/install/manipulator/include/manipulator/bus/serial_bus.h
[68.437s] -- Up-to-date: /mnt/emmc/cat_home/arm-platform/install/manipulator/include/manipulator/arm_hardware_node.h
[68.437s] -- Up-to-date: /mnt/emmc/cat_home/arm-platform/install/manipulator/include/manipulator/motor
[68.438s] -- Up-to-date: /mnt/emmc/cat_home/arm-platform/install/manipulator/include/manipulator/motor/dm_motor.h
[68.438s] -- Up-to-date: /mnt/emmc/cat_home/arm-platform/install/manipulator/include/manipulator/motor/abs_motor.h
[68.439s] -- Up-to-date: /mnt/emmc/cat_home/arm-platform/install/manipulator/include/manipulator/motor/i_motor.h
[68.440s] -- Up-to-date: /mnt/emmc/cat_home/arm-platform/install/manipulator/include/manipulator/master_arm_node.h
[68.440s] -- Up-to-date: /mnt/emmc/cat_home/arm-platform/install/manipulator/include/manipulator/gravity_compensation_pinocchio.h
[68.441s] -- Up-to-date: /mnt/emmc/cat_home/arm-platform/install/manipulator/include/manipulator/controller
[68.441s] -- Up-to-date: /mnt/emmc/cat_home/arm-platform/install/manipulator/include/manipulator/controller/dummy_controller.h
[68.442s] -- Up-to-date: /mnt/emmc/cat_home/arm-platform/install/manipulator/include/manipulator/controller/i_arm_controller.h
[68.444s] -- Up-to-date: /mnt/emmc/cat_home/arm-platform/install/manipulator/include/manipulator/protocol
[68.444s] -- Up-to-date: /mnt/emmc/cat_home/arm-platform/install/manipulator/include/manipulator/protocol/protocol_v1.h
[68.444s] -- Up-to-date: /mnt/emmc/cat_home/arm-platform/install/manipulator/include/manipulator/protocol/i_protocol.h
[68.445s] -- Up-to-date: /mnt/emmc/cat_home/arm-platform/install/manipulator/include/manipulator/protocol/abs_protocol.h
[68.445s] -- Up-to-date: /mnt/emmc/cat_home/arm-platform/install/manipulator/include/manipulator/protocol/protocol_factory.h
[68.446s] -- Up-to-date: /mnt/emmc/cat_home/arm-platform/install/manipulator/include/manipulator/gravity_compensation.h
[68.446s] -- Up-to-date: /mnt/emmc/cat_home/arm-platform/install/manipulator/share/manipulator/
[68.447s] -- Up-to-date: /mnt/emmc/cat_home/arm-platform/install/manipulator/share/manipulator//master_arm.launch.py
[68.447s] -- Up-to-date: /mnt/emmc/cat_home/arm-platform/install/manipulator/share/manipulator//demo.launch.py
[68.448s] -- Up-to-date: /mnt/emmc/cat_home/arm-platform/install/manipulator/share/manipulator//slave_arm.launch.py
[68.448s] -- Up-to-date: /mnt/emmc/cat_home/arm-platform/install/manipulator/share/manipulator/environment/library_path.sh
[68.448s] -- Up-to-date: /mnt/emmc/cat_home/arm-platform/install/manipulator/share/manipulator/environment/library_path.dsv
[68.450s] -- Up-to-date: /mnt/emmc/cat_home/arm-platform/install/manipulator/share/ament_index/resource_index/package_run_dependencies/manipulator
[68.451s] -- Up-to-date: /mnt/emmc/cat_home/arm-platform/install/manipulator/share/ament_index/resource_index/parent_prefix_path/manipulator
[68.452s] -- Up-to-date: /mnt/emmc/cat_home/arm-platform/install/manipulator/share/manipulator/environment/ament_prefix_path.sh
[68.452s] -- Up-to-date: /mnt/emmc/cat_home/arm-platform/install/manipulator/share/manipulator/environment/ament_prefix_path.dsv
[68.453s] -- Up-to-date: /mnt/emmc/cat_home/arm-platform/install/manipulator/share/manipulator/environment/path.sh
[68.454s] -- Up-to-date: /mnt/emmc/cat_home/arm-platform/install/manipulator/share/manipulator/environment/path.dsv
[68.455s] -- Up-to-date: /mnt/emmc/cat_home/arm-platform/install/manipulator/share/manipulator/local_setup.bash
[68.458s] -- Up-to-date: /mnt/emmc/cat_home/arm-platform/install/manipulator/share/manipulator/local_setup.sh
[68.459s] -- Up-to-date: /mnt/emmc/cat_home/arm-platform/install/manipulator/share/manipulator/local_setup.zsh
[68.460s] -- Up-to-date: /mnt/emmc/cat_home/arm-platform/install/manipulator/share/manipulator/local_setup.dsv
[68.460s] -- Installing: /mnt/emmc/cat_home/arm-platform/install/manipulator/share/manipulator/package.dsv
[68.461s] -- Up-to-date: /mnt/emmc/cat_home/arm-platform/install/manipulator/share/ament_index/resource_index/packages/manipulator
[68.463s] -- Up-to-date: /mnt/emmc/cat_home/arm-platform/install/manipulator/share/manipulator/cmake/export_manipulatorExport.cmake
[68.463s] -- Up-to-date: /mnt/emmc/cat_home/arm-platform/install/manipulator/share/manipulator/cmake/export_manipulatorExport-noconfig.cmake
[68.464s] -- Up-to-date: /mnt/emmc/cat_home/arm-platform/install/manipulator/share/manipulator/cmake/ament_cmake_export_targets-extras.cmake
[68.465s] -- Up-to-date: /mnt/emmc/cat_home/arm-platform/install/manipulator/share/manipulator/cmake/ament_cmake_export_include_directories-extras.cmake
[68.467s] -- Up-to-date: /mnt/emmc/cat_home/arm-platform/install/manipulator/share/manipulator/cmake/ament_cmake_export_dependencies-extras.cmake
[68.468s] -- Up-to-date: /mnt/emmc/cat_home/arm-platform/install/manipulator/share/manipulator/cmake/manipulatorConfig.cmake
[68.468s] -- Up-to-date: /mnt/emmc/cat_home/arm-platform/install/manipulator/share/manipulator/cmake/manipulatorConfig-version.cmake
[68.469s] -- Up-to-date: /mnt/emmc/cat_home/arm-platform/install/manipulator/share/manipulator/package.xml
[68.470s] Invoked command in '/mnt/emmc/cat_home/arm-platform/build/manipulator' returned '0': CMAKE_PREFIX_PATH=${CMAKE_PREFIX_PATH}:/opt/ros/humble /usr/bin/cmake --install /mnt/emmc/cat_home/arm-platform/build/manipulator
