[0.024s] Invoking command in '/mnt/emmc/cat_home/arm-platform/build/manipulator': CMAKE_PREFIX_PATH=${CMAKE_PREFIX_PATH}:/opt/ros/humble /usr/bin/cmake --build /mnt/emmc/cat_home/arm-platform/build/manipulator -- -j8 -l8
[0.174s] [  9%] Built target gravity_compensation
[0.204s] [ 19%] Built target gravity_compensation_pinocchio
[0.249s] [ 71%] Built target manipulator_core
[0.317s] [35m[1mConsolidate compiler generated dependencies of target slave_arm_node[0m
[0.340s] [ 80%] Built target master_arm_node
[0.366s] [ 90%] Built target arm_hardware_node
[0.421s] [ 95%] [32mBuilding CXX object CMakeFiles/slave_arm_node.dir/src/slave_arm_node.cc.o[0m
[13.974s] [01m[K/mnt/emmc/cat_home/arm-platform/src/slave_arm_node.cc:[m[K In constructor ‘[01m[Kmanipulator::SlaveArmNode::SlaveArmNode()[m[K’:
[13.975s] [01m[K/mnt/emmc/cat_home/arm-platform/src/slave_arm_node.cc:258:34:[m[K [01;31m[Kerror: [m[Kno matching function for call to ‘[01m[Kmanipulator::GravityCompensationPinocchio::SetParams(const double&, const double&, const double&, const double&, const double&, const double&, const double&)[m[K’
[13.975s]   258 |   [01;31m[Kgravity_compensation_.SetParams([m[K
[13.976s]       |   [01;31m[K~~~~~~~~~~~~~~~~~~~~~~~~~~~~~~~^[m[K
[13.976s]   259 | [01;31m[K      G_GAIN_0, G_GAIN_1, G_GAIN_2,[m[K
[13.976s]       |       [01;31m[K~~~~~~~~~~~~~~~~~~~~~~~~~~~~~[m[K
[13.977s]   260 | [01;31m[K      G_GAIN_3, G_GAIN_4, G_GAIN_5, G_GAIN_6)[m[K;
[13.977s]       |       [01;31m[K~~~~~~~~~~~~~~~~~~~~~~~~~~~~~~~~~~~~~~~[m[K
[13.977s] In file included from [01m[K/mnt/emmc/cat_home/arm-platform/include/manipulator/slave_arm_node.h:13[m[K,
[13.978s]                  from [01m[K/mnt/emmc/cat_home/arm-platform/src/slave_arm_node.cc:1[m[K:
[13.978s] [01m[K/mnt/emmc/cat_home/arm-platform/include/manipulator/gravity_compensation_pinocchio.h:19:8:[m[K [01;36m[Knote: [m[Kcandidate: ‘[01m[Kvoid manipulator::GravityCompensationPinocchio::SetParams(double, double, double, double)[m[K’
[13.979s]    19 |   void [01;36m[KSetParams[m[K(double MAX_TORQUE, double GRAVITY, double FORCE_FEEDBACK_THRESHOLD, double FORCE_FEEDBACK_GAIN);
[13.979s]       |        [01;36m[K^~~~~~~~~[m[K
[13.979s] [01m[K/mnt/emmc/cat_home/arm-platform/include/manipulator/gravity_compensation_pinocchio.h:19:8:[m[K [01;36m[Knote: [m[K  candidate expects 4 arguments, 7 provided
[48.950s] gmake[2]: *** [CMakeFiles/slave_arm_node.dir/build.make:76：CMakeFiles/slave_arm_node.dir/src/slave_arm_node.cc.o] 错误 1
[48.950s] gmake[1]: *** [CMakeFiles/Makefile2:279：CMakeFiles/slave_arm_node.dir/all] 错误 2
[48.951s] gmake: *** [Makefile:146：all] 错误 2
[48.956s] Invoked command in '/mnt/emmc/cat_home/arm-platform/build/manipulator' returned '2': CMAKE_PREFIX_PATH=${CMAKE_PREFIX_PATH}:/opt/ros/humble /usr/bin/cmake --build /mnt/emmc/cat_home/arm-platform/build/manipulator -- -j8 -l8
