[0.070s] DEBUG:colcon:Command line arguments: ['/usr/bin/colcon', 'build']
[0.070s] DEBUG:colcon:Parsed command line arguments: Namespace(log_base=None, log_level=None, verb_name='build', build_base='build', install_base='install', merge_install=False, symlink_install=False, test_result_base=None, continue_on_error=False, executor='parallel', parallel_workers=20, event_handlers=None, ignore_user_meta=False, metas=['./colcon.meta'], base_paths=['.'], packages_ignore=None, packages_ignore_regex=None, paths=None, packages_up_to=None, packages_up_to_regex=None, packages_above=None, packages_above_and_dependencies=None, packages_above_depth=None, packages_select_by_dep=None, packages_skip_by_dep=None, packages_skip_up_to=None, packages_select_build_failed=False, packages_skip_build_finished=False, packages_select_test_failures=False, packages_skip_test_passed=False, packages_select=None, packages_skip=None, packages_select_regex=None, packages_skip_regex=None, packages_start=None, packages_end=None, allow_overriding=[], cmake_args=None, cmake_target=None, cmake_target_skip_unavailable=False, cmake_clean_cache=False, cmake_clean_first=False, cmake_force_configure=False, ament_cmake_args=None, catkin_cmake_args=None, catkin_skip_building_tests=False, verb_parser=<colcon_defaults.argument_parser.defaults.DefaultArgumentsDecorator object at 0x72f982369510>, verb_extension=<colcon_core.verb.build.BuildVerb object at 0x72f982368e50>, main=<bound method BuildVerb.main of <colcon_core.verb.build.BuildVerb object at 0x72f982368e50>>)
[0.185s] Level 1:colcon.colcon_core.package_discovery:discover_packages(colcon_meta) check parameters
[0.185s] Level 1:colcon.colcon_core.package_discovery:discover_packages(recursive) check parameters
[0.185s] Level 1:colcon.colcon_core.package_discovery:discover_packages(ignore) check parameters
[0.185s] Level 1:colcon.colcon_core.package_discovery:discover_packages(path) check parameters
[0.185s] Level 1:colcon.colcon_core.package_discovery:discover_packages(colcon_meta) discover
[0.186s] Level 1:colcon.colcon_core.package_discovery:discover_packages(recursive) discover
[0.186s] INFO:colcon.colcon_core.package_discovery:Crawling recursively for packages in '/home/crz/arm-platform'
[0.186s] Level 1:colcon.colcon_core.package_identification:_identify(.) by extensions ['ignore', 'ignore_ament_install']
[0.186s] Level 1:colcon.colcon_core.package_identification:_identify(.) by extension 'ignore'
[0.186s] Level 1:colcon.colcon_core.package_identification:_identify(.) by extension 'ignore_ament_install'
[0.186s] Level 1:colcon.colcon_core.package_identification:_identify(.) by extensions ['colcon_pkg']
[0.186s] Level 1:colcon.colcon_core.package_identification:_identify(.) by extension 'colcon_pkg'
[0.186s] Level 1:colcon.colcon_core.package_identification:_identify(.) by extensions ['colcon_meta']
[0.186s] Level 1:colcon.colcon_core.package_identification:_identify(.) by extension 'colcon_meta'
[0.186s] Level 1:colcon.colcon_core.package_identification:_identify(.) by extensions ['ros']
[0.186s] Level 1:colcon.colcon_core.package_identification:_identify(.) by extension 'ros'
[0.195s] DEBUG:colcon.colcon_core.package_identification:Package '.' with type 'ros.ament_cmake' and name 'manipulator'
[0.195s] Level 1:colcon.colcon_core.package_discovery:discover_packages(recursive) using defaults
[0.195s] Level 1:colcon.colcon_core.package_discovery:discover_packages(ignore) discover
[0.195s] Level 1:colcon.colcon_core.package_discovery:discover_packages(ignore) using defaults
[0.196s] Level 1:colcon.colcon_core.package_discovery:discover_packages(path) discover
[0.196s] Level 1:colcon.colcon_core.package_discovery:discover_packages(path) using defaults
[0.217s] Level 1:colcon.colcon_core.package_discovery:discover_packages(prefix_path) check parameters
[0.217s] Level 1:colcon.colcon_core.package_discovery:discover_packages(prefix_path) discover
[0.218s] DEBUG:colcon.colcon_installed_package_information.package_discovery:Found 1 installed packages in /home/crz/arm-platform/install
[0.219s] DEBUG:colcon.colcon_installed_package_information.package_discovery:Found 1 installed packages in /home/crz/dummy-interface/install
[0.220s] DEBUG:colcon.colcon_installed_package_information.package_discovery:Found 409 installed packages in /opt/ros/humble
[0.221s] Level 1:colcon.colcon_core.package_discovery:discover_packages(prefix_path) using defaults
[0.253s] Level 5:colcon.colcon_core.verb:set package 'manipulator' build argument 'cmake_args' from command line to 'None'
[0.253s] Level 5:colcon.colcon_core.verb:set package 'manipulator' build argument 'cmake_target' from command line to 'None'
[0.253s] Level 5:colcon.colcon_core.verb:set package 'manipulator' build argument 'cmake_target_skip_unavailable' from command line to 'False'
[0.253s] Level 5:colcon.colcon_core.verb:set package 'manipulator' build argument 'cmake_clean_cache' from command line to 'False'
[0.253s] Level 5:colcon.colcon_core.verb:set package 'manipulator' build argument 'cmake_clean_first' from command line to 'False'
[0.253s] Level 5:colcon.colcon_core.verb:set package 'manipulator' build argument 'cmake_force_configure' from command line to 'False'
[0.253s] Level 5:colcon.colcon_core.verb:set package 'manipulator' build argument 'ament_cmake_args' from command line to 'None'
[0.253s] Level 5:colcon.colcon_core.verb:set package 'manipulator' build argument 'catkin_cmake_args' from command line to 'None'
[0.253s] Level 5:colcon.colcon_core.verb:set package 'manipulator' build argument 'catkin_skip_building_tests' from command line to 'False'
[0.253s] DEBUG:colcon.colcon_core.verb:Building package 'manipulator' with the following arguments: {'ament_cmake_args': None, 'build_base': '/home/crz/arm-platform/build/manipulator', 'catkin_cmake_args': None, 'catkin_skip_building_tests': False, 'cmake_args': None, 'cmake_clean_cache': False, 'cmake_clean_first': False, 'cmake_force_configure': False, 'cmake_target': None, 'cmake_target_skip_unavailable': False, 'install_base': '/home/crz/arm-platform/install/manipulator', 'merge_install': False, 'path': '/home/crz/arm-platform', 'symlink_install': False, 'test_result_base': None}
[0.253s] INFO:colcon.colcon_core.executor:Executing jobs using 'parallel' executor
[0.255s] DEBUG:colcon.colcon_parallel_executor.executor.parallel:run_until_complete
[0.255s] INFO:colcon.colcon_ros.task.ament_cmake.build:Building ROS package in '/home/crz/arm-platform' with build type 'ament_cmake'
[0.255s] INFO:colcon.colcon_cmake.task.cmake.build:Building CMake package in '/home/crz/arm-platform'
[0.257s] INFO:colcon.colcon_core.plugin_system:Skipping extension 'colcon_core.shell.bat': Not used on non-Windows systems
[0.258s] INFO:colcon.colcon_core.shell:Skip shell extension 'powershell' for command environment: Not usable outside of PowerShell
[0.258s] DEBUG:colcon.colcon_core.shell:Skip shell extension 'dsv' for command environment
[0.267s] DEBUG:colcon.colcon_core.event_handler.log_command:Invoking command in '/home/crz/arm-platform/build/manipulator': CMAKE_PREFIX_PATH=${CMAKE_PREFIX_PATH}:/opt/ros/humble /usr/bin/cmake --build /home/crz/arm-platform/build/manipulator -- -j20 -l20
[27.397s] DEBUG:colcon.colcon_core.event_handler.log_command:Invoked command in '/home/crz/arm-platform/build/manipulator' returned '0': CMAKE_PREFIX_PATH=${CMAKE_PREFIX_PATH}:/opt/ros/humble /usr/bin/cmake --build /home/crz/arm-platform/build/manipulator -- -j20 -l20
[27.409s] DEBUG:colcon.colcon_core.event_handler.log_command:Invoking command in '/home/crz/arm-platform/build/manipulator': CMAKE_PREFIX_PATH=${CMAKE_PREFIX_PATH}:/opt/ros/humble /usr/bin/cmake --install /home/crz/arm-platform/build/manipulator
[27.430s] Level 1:colcon.colcon_core.environment:create_environment_scripts_only(manipulator)
[27.430s] DEBUG:colcon.colcon_core.event_handler.log_command:Invoked command in '/home/crz/arm-platform/build/manipulator' returned '0': CMAKE_PREFIX_PATH=${CMAKE_PREFIX_PATH}:/opt/ros/humble /usr/bin/cmake --install /home/crz/arm-platform/build/manipulator
[27.433s] Level 1:colcon.colcon_core.environment:checking '/home/crz/arm-platform/install/manipulator' for CMake module files
[27.434s] Level 1:colcon.colcon_core.environment:checking '/home/crz/arm-platform/install/manipulator' for CMake config files
[27.435s] Level 1:colcon.colcon_core.shell:create_environment_hook('manipulator', 'cmake_prefix_path')
[27.435s] INFO:colcon.colcon_core.shell:Creating environment hook '/home/crz/arm-platform/install/manipulator/share/manipulator/hook/cmake_prefix_path.ps1'
[27.436s] INFO:colcon.colcon_core.shell:Creating environment descriptor '/home/crz/arm-platform/install/manipulator/share/manipulator/hook/cmake_prefix_path.dsv'
[27.436s] INFO:colcon.colcon_core.shell:Creating environment hook '/home/crz/arm-platform/install/manipulator/share/manipulator/hook/cmake_prefix_path.sh'
[27.437s] Level 1:colcon.colcon_core.environment:checking '/home/crz/arm-platform/install/manipulator/lib'
[27.437s] Level 1:colcon.colcon_core.environment:checking '/home/crz/arm-platform/install/manipulator/bin'
[27.437s] Level 1:colcon.colcon_core.environment:checking '/home/crz/arm-platform/install/manipulator/lib/pkgconfig/manipulator.pc'
[27.437s] Level 1:colcon.colcon_core.environment:checking '/home/crz/arm-platform/install/manipulator/lib/python3.10/site-packages'
[27.437s] Level 1:colcon.colcon_core.environment:checking '/home/crz/arm-platform/install/manipulator/bin'
[27.438s] INFO:colcon.colcon_core.shell:Creating package script '/home/crz/arm-platform/install/manipulator/share/manipulator/package.ps1'
[27.438s] INFO:colcon.colcon_core.shell:Creating package descriptor '/home/crz/arm-platform/install/manipulator/share/manipulator/package.dsv'
[27.439s] INFO:colcon.colcon_core.shell:Creating package script '/home/crz/arm-platform/install/manipulator/share/manipulator/package.sh'
[27.439s] INFO:colcon.colcon_core.shell:Creating package script '/home/crz/arm-platform/install/manipulator/share/manipulator/package.bash'
[27.440s] INFO:colcon.colcon_core.shell:Creating package script '/home/crz/arm-platform/install/manipulator/share/manipulator/package.zsh'
[27.440s] Level 1:colcon.colcon_core.environment:create_file_with_runtime_dependencies(/home/crz/arm-platform/install/manipulator/share/colcon-core/packages/manipulator)
[27.441s] Level 1:colcon.colcon_core.environment:create_environment_scripts_only(manipulator)
[27.441s] Level 1:colcon.colcon_core.environment:checking '/home/crz/arm-platform/install/manipulator' for CMake module files
[27.442s] Level 1:colcon.colcon_core.environment:checking '/home/crz/arm-platform/install/manipulator' for CMake config files
[27.442s] Level 1:colcon.colcon_core.shell:create_environment_hook('manipulator', 'cmake_prefix_path')
[27.442s] INFO:colcon.colcon_core.shell:Creating environment hook '/home/crz/arm-platform/install/manipulator/share/manipulator/hook/cmake_prefix_path.ps1'
[27.443s] INFO:colcon.colcon_core.shell:Creating environment descriptor '/home/crz/arm-platform/install/manipulator/share/manipulator/hook/cmake_prefix_path.dsv'
[27.443s] INFO:colcon.colcon_core.shell:Creating environment hook '/home/crz/arm-platform/install/manipulator/share/manipulator/hook/cmake_prefix_path.sh'
[27.443s] Level 1:colcon.colcon_core.environment:checking '/home/crz/arm-platform/install/manipulator/lib'
[27.443s] Level 1:colcon.colcon_core.environment:checking '/home/crz/arm-platform/install/manipulator/bin'
[27.444s] Level 1:colcon.colcon_core.environment:checking '/home/crz/arm-platform/install/manipulator/lib/pkgconfig/manipulator.pc'
[27.444s] Level 1:colcon.colcon_core.environment:checking '/home/crz/arm-platform/install/manipulator/lib/python3.10/site-packages'
[27.444s] Level 1:colcon.colcon_core.environment:checking '/home/crz/arm-platform/install/manipulator/bin'
[27.444s] INFO:colcon.colcon_core.shell:Creating package script '/home/crz/arm-platform/install/manipulator/share/manipulator/package.ps1'
[27.445s] INFO:colcon.colcon_core.shell:Creating package descriptor '/home/crz/arm-platform/install/manipulator/share/manipulator/package.dsv'
[27.445s] INFO:colcon.colcon_core.shell:Creating package script '/home/crz/arm-platform/install/manipulator/share/manipulator/package.sh'
[27.446s] INFO:colcon.colcon_core.shell:Creating package script '/home/crz/arm-platform/install/manipulator/share/manipulator/package.bash'
[27.446s] INFO:colcon.colcon_core.shell:Creating package script '/home/crz/arm-platform/install/manipulator/share/manipulator/package.zsh'
[27.446s] Level 1:colcon.colcon_core.environment:create_file_with_runtime_dependencies(/home/crz/arm-platform/install/manipulator/share/colcon-core/packages/manipulator)
[27.447s] DEBUG:colcon.colcon_parallel_executor.executor.parallel:closing loop
[27.447s] DEBUG:colcon.colcon_parallel_executor.executor.parallel:loop closed
[27.447s] DEBUG:colcon.colcon_parallel_executor.executor.parallel:run_until_complete finished with '0'
[27.447s] DEBUG:colcon.colcon_core.event_reactor:joining thread
[27.452s] INFO:colcon.colcon_core.plugin_system:Skipping extension 'colcon_notification.desktop_notification.terminal_notifier': Not used on non-Darwin systems
[27.453s] INFO:colcon.colcon_core.plugin_system:Skipping extension 'colcon_notification.desktop_notification.win32': Not used on non-Windows systems
[27.453s] INFO:colcon.colcon_notification.desktop_notification:Sending desktop notification using 'notify2'
[27.475s] DEBUG:colcon.colcon_core.event_reactor:joined thread
[27.475s] INFO:colcon.colcon_core.shell:Creating prefix script '/home/crz/arm-platform/install/local_setup.ps1'
[27.476s] INFO:colcon.colcon_core.shell:Creating prefix util module '/home/crz/arm-platform/install/_local_setup_util_ps1.py'
[27.477s] INFO:colcon.colcon_core.shell:Creating prefix chain script '/home/crz/arm-platform/install/setup.ps1'
[27.479s] INFO:colcon.colcon_core.shell:Creating prefix script '/home/crz/arm-platform/install/local_setup.sh'
[27.479s] INFO:colcon.colcon_core.shell:Creating prefix util module '/home/crz/arm-platform/install/_local_setup_util_sh.py'
[27.480s] INFO:colcon.colcon_core.shell:Creating prefix chain script '/home/crz/arm-platform/install/setup.sh'
[27.480s] INFO:colcon.colcon_core.shell:Creating prefix script '/home/crz/arm-platform/install/local_setup.bash'
[27.481s] INFO:colcon.colcon_core.shell:Creating prefix chain script '/home/crz/arm-platform/install/setup.bash'
[27.481s] INFO:colcon.colcon_core.shell:Creating prefix script '/home/crz/arm-platform/install/local_setup.zsh'
[27.482s] INFO:colcon.colcon_core.shell:Creating prefix chain script '/home/crz/arm-platform/install/setup.zsh'
