[ 52%] Built target manipulator_core
[ 71%] Built target gravity_compensation
[ 66%] Built target gravity_compensation_pinocchio
[35m[1mConsolidate compiler generated dependencies of target slave_arm_node[0m
[ 80%] Built target master_arm_node
[ 90%] Built target arm_hardware_node
[ 95%] [32mBuilding CXX object CMakeFiles/slave_arm_node.dir/src/slave_arm_node.cc.o[0m
[01m[K/mnt/emmc/cat_home/arm-platform/src/slave_arm_node.cc:[m[K In constructor ‘[01m[Kmanipulator::SlaveArmNode::SlaveArmNode()[m[K’:
[01m[K/mnt/emmc/cat_home/arm-platform/src/slave_arm_node.cc:77:3:[m[K [01;31m[Kerror: [m[K‘[01m[Ksub_joint_pose[m[K’ was not declared in this scope; did you mean ‘[01m[Kpub_joint_state_[m[K’?
   77 |   [01;31m[Ksub_joint_pose[m[K = this->create_subscription<sensor_msgs::msg::JointState>(
      |   [01;31m[K^~~~~~~~~~~~~~[m[K
      |   [32m[Kpub_joint_state_[m[K
[01m[K/mnt/emmc/cat_home/arm-platform/src/slave_arm_node.cc:[m[K In lambda function:
[01m[K/mnt/emmc/cat_home/arm-platform/src/slave_arm_node.cc:80:9:[m[K [01;31m[Kerror: [m[K‘[01m[Karm_pose[m[K’ is not captured
   80 |         [01;31m[Karm_pose[m[K.position = msg.position;
      |         [01;31m[K^~~~~~~~[m[K
[01m[K/mnt/emmc/cat_home/arm-platform/src/slave_arm_node.cc:79:12:[m[K [01;36m[Knote: [m[Kthe lambda has no capture-default
   79 |       [this[01;36m[K][m[K(const sensor_msgs::msg::JointState::ConstSharedPtr& msg) {
      |            [01;36m[K^[m[K
[01m[K/mnt/emmc/cat_home/arm-platform/src/slave_arm_node.cc:74:32:[m[K [01;36m[Knote: [m[K‘[01m[Ksensor_msgs::msg::JointState arm_pose[m[K’ declared here
   74 |   sensor_msgs::msg::JointState [01;36m[Karm_pose[m[K;
      |                                [01;36m[K^~~~~~~~[m[K
[01m[K/mnt/emmc/cat_home/arm-platform/src/slave_arm_node.cc:80:33:[m[K [01;31m[Kerror: [m[K‘[01m[Kconst ConstSharedPtr[m[K’ {aka ‘[01m[Kconst class std::shared_ptr<const sensor_msgs::msg::JointState_<std::allocator<void> > >[m[K’} has no member named ‘[01m[Kposition[m[K’
   80 |         arm_pose.position = msg.[01;31m[Kposition[m[K;
      |                                 [01;31m[K^~~~~~~~[m[K
[01m[K/mnt/emmc/cat_home/arm-platform/src/slave_arm_node.cc:[m[K In constructor ‘[01m[Kmanipulator::SlaveArmNode::SlaveArmNode()[m[K’:
[01m[K/mnt/emmc/cat_home/arm-platform/src/slave_arm_node.cc:72:8:[m[K [01;35m[Kwarning: [m[Kunused variable ‘[01m[Kpublish_joint_state[m[K’ [[01;35m[K]8;;https://gcc.gnu.org/onlinedocs/gcc/Warning-Options.html#index-Wunused-variable-Wunused-variable]8;;[m[K]
   72 |   bool [01;35m[Kpublish_joint_state[m[K = this->get_parameter("publish_joint_state").as_bool();
      |        [01;35m[K^~~~~~~~~~~~~~~~~~~[m[K
gmake[2]: *** [CMakeFiles/slave_arm_node.dir/build.make:76：CMakeFiles/slave_arm_node.dir/src/slave_arm_node.cc.o] 错误 1
gmake[1]: *** [CMakeFiles/Makefile2:279：CMakeFiles/slave_arm_node.dir/all] 错误 2
gmake: *** [Makefile:146：all] 错误 2
