[0.025s] Invoking command in '/mnt/emmc/cat_home/arm-platform/build/manipulator': CMAKE_PREFIX_PATH=${CMAKE_PREFIX_PATH}:/opt/ros/humble /usr/bin/cmake --build /mnt/emmc/cat_home/arm-platform/build/manipulator -- -j8 -l8
[0.192s] [ 52%] Built target manipulator_core
[0.198s] [ 71%] Built target gravity_compensation
[0.198s] [ 66%] Built target gravity_compensation_pinocchio
[0.234s] [35m[1mConsolidate compiler generated dependencies of target slave_arm_node[0m
[0.281s] [ 80%] Built target master_arm_node
[0.282s] [ 90%] Built target arm_hardware_node
[0.327s] [ 95%] [32mBuilding CXX object CMakeFiles/slave_arm_node.dir/src/slave_arm_node.cc.o[0m
[13.539s] [01m[K/mnt/emmc/cat_home/arm-platform/src/slave_arm_node.cc:[m[K In constructor ‘[01m[Kmanipulator::SlaveArmNode::SlaveArmNode()[m[K’:
[13.540s] [01m[K/mnt/emmc/cat_home/arm-platform/src/slave_arm_node.cc:77:3:[m[K [01;31m[Kerror: [m[K‘[01m[Ksub_joint_pose[m[K’ was not declared in this scope; did you mean ‘[01m[Kpub_joint_state_[m[K’?
[13.540s]    77 |   [01;31m[Ksub_joint_pose[m[K = this->create_subscription<sensor_msgs::msg::JointState>(
[13.540s]       |   [01;31m[K^~~~~~~~~~~~~~[m[K
[13.541s]       |   [32m[Kpub_joint_state_[m[K
[13.541s] [01m[K/mnt/emmc/cat_home/arm-platform/src/slave_arm_node.cc:[m[K In lambda function:
[13.542s] [01m[K/mnt/emmc/cat_home/arm-platform/src/slave_arm_node.cc:80:9:[m[K [01;31m[Kerror: [m[K‘[01m[Karm_pose[m[K’ is not captured
[13.542s]    80 |         [01;31m[Karm_pose[m[K.position = msg.position;
[13.542s]       |         [01;31m[K^~~~~~~~[m[K
[13.543s] [01m[K/mnt/emmc/cat_home/arm-platform/src/slave_arm_node.cc:79:12:[m[K [01;36m[Knote: [m[Kthe lambda has no capture-default
[13.543s]    79 |       [this[01;36m[K][m[K(const sensor_msgs::msg::JointState::ConstSharedPtr& msg) {
[13.543s]       |            [01;36m[K^[m[K
[13.544s] [01m[K/mnt/emmc/cat_home/arm-platform/src/slave_arm_node.cc:74:32:[m[K [01;36m[Knote: [m[K‘[01m[Ksensor_msgs::msg::JointState arm_pose[m[K’ declared here
[13.544s]    74 |   sensor_msgs::msg::JointState [01;36m[Karm_pose[m[K;
[13.545s]       |                                [01;36m[K^~~~~~~~[m[K
[13.545s] [01m[K/mnt/emmc/cat_home/arm-platform/src/slave_arm_node.cc:80:33:[m[K [01;31m[Kerror: [m[K‘[01m[Kconst ConstSharedPtr[m[K’ {aka ‘[01m[Kconst class std::shared_ptr<const sensor_msgs::msg::JointState_<std::allocator<void> > >[m[K’} has no member named ‘[01m[Kposition[m[K’
[13.545s]    80 |         arm_pose.position = msg.[01;31m[Kposition[m[K;
[13.546s]       |                                 [01;31m[K^~~~~~~~[m[K
[13.635s] [01m[K/mnt/emmc/cat_home/arm-platform/src/slave_arm_node.cc:[m[K In constructor ‘[01m[Kmanipulator::SlaveArmNode::SlaveArmNode()[m[K’:
[13.635s] [01m[K/mnt/emmc/cat_home/arm-platform/src/slave_arm_node.cc:72:8:[m[K [01;35m[Kwarning: [m[Kunused variable ‘[01m[Kpublish_joint_state[m[K’ [[01;35m[K]8;;https://gcc.gnu.org/onlinedocs/gcc/Warning-Options.html#index-Wunused-variable-Wunused-variable]8;;[m[K]
[13.636s]    72 |   bool [01;35m[Kpublish_joint_state[m[K = this->get_parameter("publish_joint_state").as_bool();
[13.636s]       |        [01;35m[K^~~~~~~~~~~~~~~~~~~[m[K
[23.425s] gmake[2]: *** [CMakeFiles/slave_arm_node.dir/build.make:76：CMakeFiles/slave_arm_node.dir/src/slave_arm_node.cc.o] 错误 1
[23.425s] gmake[1]: *** [CMakeFiles/Makefile2:279：CMakeFiles/slave_arm_node.dir/all] 错误 2
[23.426s] gmake: *** [Makefile:146：all] 错误 2
[23.431s] Invoked command in '/mnt/emmc/cat_home/arm-platform/build/manipulator' returned '2': CMAKE_PREFIX_PATH=${CMAKE_PREFIX_PATH}:/opt/ros/humble /usr/bin/cmake --build /mnt/emmc/cat_home/arm-platform/build/manipulator -- -j8 -l8
