[35m[1mConsolidate compiler generated dependencies of target gravity_compensation_pinocchio[0m
[  9%] Built target gravity_compensation
[ 61%] Built target manipulator_core
[ 66%] [32mBuilding CXX object CMakeFiles/gravity_compensation_pinocchio.dir/src/gravity_compensation_pinocchio.cc.o[0m
[ 76%] Built target arm_hardware_node
[ 80%] [32mBuilding CXX object CMakeFiles/slave_arm_node.dir/src/slave_arm_node.cc.o[0m
In file included from [01m[K/mnt/emmc/cat_home/arm-platform/src/gravity_compensation_pinocchio.cc:1[m[K:
[01m[K/mnt/emmc/cat_home/arm-platform/include/manipulator/gravity_compensation_pinocchio.h:34:3:[m[K [01;31m[Kerror: [m[K‘[01m[Kpinocchio[m[K’ does not name a type
   34 |   [01;31m[Kpinocchio[m[K::Model model_;
      |   [01;31m[K^~~~~~~~~[m[K
[01m[K/mnt/emmc/cat_home/arm-platform/include/manipulator/gravity_compensation_pinocchio.h:35:3:[m[K [01;31m[Kerror: [m[K‘[01m[Kpinocchio[m[K’ does not name a type
   35 |   [01;31m[Kpinocchio[m[K::Data data_;
      |   [01;31m[K^~~~~~~~~[m[K
In file included from [01m[K/mnt/emmc/cat_home/arm-platform/include/manipulator/slave_arm_node.h:13[m[K,
                 from [01m[K/mnt/emmc/cat_home/arm-platform/src/slave_arm_node.cc:2[m[K:
[01m[K/mnt/emmc/cat_home/arm-platform/include/manipulator/gravity_compensation_pinocchio.h:34:3:[m[K [01;31m[Kerror: [m[K‘[01m[Kpinocchio[m[K’ does not name a type
   34 |   [01;31m[Kpinocchio[m[K::Model model_;
      |   [01;31m[K^~~~~~~~~[m[K
[01m[K/mnt/emmc/cat_home/arm-platform/include/manipulator/gravity_compensation_pinocchio.h:35:3:[m[K [01;31m[Kerror: [m[K‘[01m[Kpinocchio[m[K’ does not name a type
   35 |   [01;31m[Kpinocchio[m[K::Data data_;
      |   [01;31m[K^~~~~~~~~[m[K
[01m[K/mnt/emmc/cat_home/arm-platform/src/slave_arm_node.cc:[m[K In constructor ‘[01m[Kmanipulator::SlaveArmNode::SlaveArmNode()[m[K’:
[01m[K/mnt/emmc/cat_home/arm-platform/src/slave_arm_node.cc:72:8:[m[K [01;35m[Kwarning: [m[Kunused variable ‘[01m[Kpublish_joint_state[m[K’ [[01;35m[K]8;;https://gcc.gnu.org/onlinedocs/gcc/Warning-Options.html#index-Wunused-variable-Wunused-variable]8;;[m[K]
   72 |   bool [01;35m[Kpublish_joint_state[m[K = this->get_parameter("publish_joint_state").as_bool();
      |        [01;35m[K^~~~~~~~~~~~~~~~~~~[m[K
[01m[K/mnt/emmc/cat_home/arm-platform/src/gravity_compensation_pinocchio.cc:[m[K In member function ‘[01m[Kbool manipulator::GravityCompensationPinocchio::LoadModel(const string&)[m[K’:
[01m[K/mnt/emmc/cat_home/arm-platform/src/gravity_compensation_pinocchio.cc:26:44:[m[K [01;31m[Kerror: [m[K‘[01m[Kmodel_[m[K’ was not declared in this scope; did you mean ‘[01m[Kmodfl[m[K’?
   26 |     pinocchio::urdf::buildModel(urdf_path, [01;31m[Kmodel_[m[K);
      |                                            [01;31m[K^~~~~~[m[K
      |                                            [32m[Kmodfl[m[K
[01m[K/mnt/emmc/cat_home/arm-platform/src/gravity_compensation_pinocchio.cc:27:5:[m[K [01;31m[Kerror: [m[K‘[01m[Kdata_[m[K’ was not declared in this scope
   27 |     [01;31m[Kdata_[m[K = pinocchio::Data(model_);
      |     [01;31m[K^~~~~[m[K
[01m[K/mnt/emmc/cat_home/arm-platform/src/gravity_compensation_pinocchio.cc:[m[K In member function ‘[01m[Kvoid manipulator::GravityCompensationPinocchio::UpdateGravityVector()[m[K’:
[01m[K/mnt/emmc/cat_home/arm-platform/src/gravity_compensation_pinocchio.cc:66:5:[m[K [01;31m[Kerror: [m[K‘[01m[Kmodel_[m[K’ was not declared in this scope; did you mean ‘[01m[Kmodfl[m[K’?
   66 |     [01;31m[Kmodel_[m[K.gravity.linear(gravity_vector_);
      |     [01;31m[K^~~~~~[m[K
      |     [32m[Kmodfl[m[K
[01m[K/mnt/emmc/cat_home/arm-platform/src/gravity_compensation_pinocchio.cc:[m[K In member function ‘[01m[Kstd::array<double, 7> manipulator::GravityCompensationPinocchio::Compute(const std::array<double, 7>&)[m[K’:
[01m[K/mnt/emmc/cat_home/arm-platform/src/gravity_compensation_pinocchio.cc:79:23:[m[K [01;31m[Kerror: [m[K‘[01m[Kmodel_[m[K’ was not declared in this scope; did you mean ‘[01m[Kmodfl[m[K’?
   79 |     Eigen::VectorXd q([01;31m[Kmodel_[m[K.nq);
      |                       [01;31m[K^~~~~~[m[K
      |                       [32m[Kmodfl[m[K
[01m[K/mnt/emmc/cat_home/arm-platform/src/gravity_compensation_pinocchio.cc:84:50:[m[K [01;31m[Kerror: [m[K‘[01m[Kdata_[m[K’ was not declared in this scope
   84 |     pinocchio::computeGeneralizedGravity(model_, [01;31m[Kdata_[m[K, q);
      |                                                  [01;31m[K^~~~~[m[K
gmake[2]: *** [CMakeFiles/slave_arm_node.dir/build.make:76：CMakeFiles/slave_arm_node.dir/src/slave_arm_node.cc.o] 错误 1
gmake[1]: *** [CMakeFiles/Makefile2:279：CMakeFiles/slave_arm_node.dir/all] 错误 2
gmake[1]: *** 正在等待未完成的任务....
gmake[2]: *** [CMakeFiles/gravity_compensation_pinocchio.dir/build.make:76：CMakeFiles/gravity_compensation_pinocchio.dir/src/gravity_compensation_pinocchio.cc.o] 错误 1
gmake[1]: *** [CMakeFiles/Makefile2:199：CMakeFiles/gravity_compensation_pinocchio.dir/all] 错误 2
gmake: *** [Makefile:146：all] 错误 2
