[0.022s] Invoking command in '/mnt/emmc/cat_home/arm-platform/build/manipulator': CMAKE_PREFIX_PATH=${CMAKE_PREFIX_PATH}:/opt/ros/humble /usr/bin/cmake --build /mnt/emmc/cat_home/arm-platform/build/manipulator -- -j8 -l8
[0.164s] [35m[1mConsolidate compiler generated dependencies of target gravity_compensation_pinocchio[0m
[0.192s] [  9%] Built target gravity_compensation
[0.213s] [ 61%] Built target manipulator_core
[0.261s] [ 66%] [32mBuilding CXX object CMakeFiles/gravity_compensation_pinocchio.dir/src/gravity_compensation_pinocchio.cc.o[0m
[0.277s] [ 76%] Built target arm_hardware_node
[0.308s] [ 80%] [32mBuilding CXX object CMakeFiles/slave_arm_node.dir/src/slave_arm_node.cc.o[0m
[4.930s] In file included from [01m[K/mnt/emmc/cat_home/arm-platform/src/gravity_compensation_pinocchio.cc:1[m[K:
[4.931s] [01m[K/mnt/emmc/cat_home/arm-platform/include/manipulator/gravity_compensation_pinocchio.h:34:3:[m[K [01;31m[Kerror: [m[K‘[01m[Kpinocchio[m[K’ does not name a type
[4.931s]    34 |   [01;31m[Kpinocchio[m[K::Model model_;
[4.931s]       |   [01;31m[K^~~~~~~~~[m[K
[4.938s] [01m[K/mnt/emmc/cat_home/arm-platform/include/manipulator/gravity_compensation_pinocchio.h:35:3:[m[K [01;31m[Kerror: [m[K‘[01m[Kpinocchio[m[K’ does not name a type
[4.939s]    35 |   [01;31m[Kpinocchio[m[K::Data data_;
[4.939s]       |   [01;31m[K^~~~~~~~~[m[K
[5.313s] In file included from [01m[K/mnt/emmc/cat_home/arm-platform/include/manipulator/slave_arm_node.h:13[m[K,
[5.313s]                  from [01m[K/mnt/emmc/cat_home/arm-platform/src/slave_arm_node.cc:2[m[K:
[5.313s] [01m[K/mnt/emmc/cat_home/arm-platform/include/manipulator/gravity_compensation_pinocchio.h:34:3:[m[K [01;31m[Kerror: [m[K‘[01m[Kpinocchio[m[K’ does not name a type
[5.313s]    34 |   [01;31m[Kpinocchio[m[K::Model model_;
[5.313s]       |   [01;31m[K^~~~~~~~~[m[K
[5.318s] [01m[K/mnt/emmc/cat_home/arm-platform/include/manipulator/gravity_compensation_pinocchio.h:35:3:[m[K [01;31m[Kerror: [m[K‘[01m[Kpinocchio[m[K’ does not name a type
[5.319s]    35 |   [01;31m[Kpinocchio[m[K::Data data_;
[5.319s]       |   [01;31m[K^~~~~~~~~[m[K
[5.605s] [01m[K/mnt/emmc/cat_home/arm-platform/src/slave_arm_node.cc:[m[K In constructor ‘[01m[Kmanipulator::SlaveArmNode::SlaveArmNode()[m[K’:
[5.606s] [01m[K/mnt/emmc/cat_home/arm-platform/src/slave_arm_node.cc:72:8:[m[K [01;35m[Kwarning: [m[Kunused variable ‘[01m[Kpublish_joint_state[m[K’ [[01;35m[K]8;;https://gcc.gnu.org/onlinedocs/gcc/Warning-Options.html#index-Wunused-variable-Wunused-variable]8;;[m[K]
[5.606s]    72 |   bool [01;35m[Kpublish_joint_state[m[K = this->get_parameter("publish_joint_state").as_bool();
[5.606s]       |        [01;35m[K^~~~~~~~~~~~~~~~~~~[m[K
[8.980s] [01m[K/mnt/emmc/cat_home/arm-platform/src/gravity_compensation_pinocchio.cc:[m[K In member function ‘[01m[Kbool manipulator::GravityCompensationPinocchio::LoadModel(const string&)[m[K’:
[8.980s] [01m[K/mnt/emmc/cat_home/arm-platform/src/gravity_compensation_pinocchio.cc:26:44:[m[K [01;31m[Kerror: [m[K‘[01m[Kmodel_[m[K’ was not declared in this scope; did you mean ‘[01m[Kmodfl[m[K’?
[8.980s]    26 |     pinocchio::urdf::buildModel(urdf_path, [01;31m[Kmodel_[m[K);
[8.980s]       |                                            [01;31m[K^~~~~~[m[K
[8.980s]       |                                            [32m[Kmodfl[m[K
[8.998s] [01m[K/mnt/emmc/cat_home/arm-platform/src/gravity_compensation_pinocchio.cc:27:5:[m[K [01;31m[Kerror: [m[K‘[01m[Kdata_[m[K’ was not declared in this scope
[8.998s]    27 |     [01;31m[Kdata_[m[K = pinocchio::Data(model_);
[8.998s]       |     [01;31m[K^~~~~[m[K
[9.042s] [01m[K/mnt/emmc/cat_home/arm-platform/src/gravity_compensation_pinocchio.cc:[m[K In member function ‘[01m[Kvoid manipulator::GravityCompensationPinocchio::UpdateGravityVector()[m[K’:
[9.042s] [01m[K/mnt/emmc/cat_home/arm-platform/src/gravity_compensation_pinocchio.cc:66:5:[m[K [01;31m[Kerror: [m[K‘[01m[Kmodel_[m[K’ was not declared in this scope; did you mean ‘[01m[Kmodfl[m[K’?
[9.042s]    66 |     [01;31m[Kmodel_[m[K.gravity.linear(gravity_vector_);
[9.042s]       |     [01;31m[K^~~~~~[m[K
[9.042s]       |     [32m[Kmodfl[m[K
[9.062s] [01m[K/mnt/emmc/cat_home/arm-platform/src/gravity_compensation_pinocchio.cc:[m[K In member function ‘[01m[Kstd::array<double, 7> manipulator::GravityCompensationPinocchio::Compute(const std::array<double, 7>&)[m[K’:
[9.062s] [01m[K/mnt/emmc/cat_home/arm-platform/src/gravity_compensation_pinocchio.cc:79:23:[m[K [01;31m[Kerror: [m[K‘[01m[Kmodel_[m[K’ was not declared in this scope; did you mean ‘[01m[Kmodfl[m[K’?
[9.062s]    79 |     Eigen::VectorXd q([01;31m[Kmodel_[m[K.nq);
[9.062s]       |                       [01;31m[K^~~~~~[m[K
[9.063s]       |                       [32m[Kmodfl[m[K
[9.081s] [01m[K/mnt/emmc/cat_home/arm-platform/src/gravity_compensation_pinocchio.cc:84:50:[m[K [01;31m[Kerror: [m[K‘[01m[Kdata_[m[K’ was not declared in this scope
[9.081s]    84 |     pinocchio::computeGeneralizedGravity(model_, [01;31m[Kdata_[m[K, q);
[9.081s]       |                                                  [01;31m[K^~~~~[m[K
[10.401s] gmake[2]: *** [CMakeFiles/slave_arm_node.dir/build.make:76：CMakeFiles/slave_arm_node.dir/src/slave_arm_node.cc.o] 错误 1
[10.402s] gmake[1]: *** [CMakeFiles/Makefile2:279：CMakeFiles/slave_arm_node.dir/all] 错误 2
[10.402s] gmake[1]: *** 正在等待未完成的任务....
[11.402s] gmake[2]: *** [CMakeFiles/gravity_compensation_pinocchio.dir/build.make:76：CMakeFiles/gravity_compensation_pinocchio.dir/src/gravity_compensation_pinocchio.cc.o] 错误 1
[11.403s] gmake[1]: *** [CMakeFiles/Makefile2:199：CMakeFiles/gravity_compensation_pinocchio.dir/all] 错误 2
[11.403s] gmake: *** [Makefile:146：all] 错误 2
[11.406s] Invoked command in '/mnt/emmc/cat_home/arm-platform/build/manipulator' returned '2': CMAKE_PREFIX_PATH=${CMAKE_PREFIX_PATH}:/opt/ros/humble /usr/bin/cmake --build /mnt/emmc/cat_home/arm-platform/build/manipulator -- -j8 -l8
