[0.153s] DEBUG:colcon:Command line arguments: ['/usr/bin/colcon', 'build']
[0.153s] DEBUG:colcon:Parsed command line arguments: Namespace(log_base=None, log_level=None, verb_name='build', build_base='build', install_base='install', merge_install=False, symlink_install=False, test_result_base=None, continue_on_error=False, executor='parallel', parallel_workers=8, event_handlers=None, ignore_user_meta=False, metas=['./colcon.meta'], base_paths=['.'], packages_ignore=None, packages_ignore_regex=None, paths=None, packages_up_to=None, packages_up_to_regex=None, packages_above=None, packages_above_and_dependencies=None, packages_above_depth=None, packages_select_by_dep=None, packages_skip_by_dep=None, packages_skip_up_to=None, packages_select_build_failed=False, packages_skip_build_finished=False, packages_select_test_failures=False, packages_skip_test_passed=False, packages_select=None, packages_skip=None, packages_select_regex=None, packages_skip_regex=None, packages_start=None, packages_end=None, allow_overriding=[], cmake_args=None, cmake_target=None, cmake_target_skip_unavailable=False, cmake_clean_cache=False, cmake_clean_first=False, cmake_force_configure=False, ament_cmake_args=None, catkin_cmake_args=None, catkin_skip_building_tests=False, verb_parser=<colcon_defaults.argument_parser.defaults.DefaultArgumentsDecorator object at 0xffffb9cf9180>, verb_extension=<colcon_core.verb.build.BuildVerb object at 0xffffb9cf8d00>, main=<bound method BuildVerb.main of <colcon_core.verb.build.BuildVerb object at 0xffffb9cf8d00>>)
[0.414s] Level 1:colcon.colcon_core.package_discovery:discover_packages(colcon_meta) check parameters
[0.414s] Level 1:colcon.colcon_core.package_discovery:discover_packages(recursive) check parameters
[0.414s] Level 1:colcon.colcon_core.package_discovery:discover_packages(ignore) check parameters
[0.414s] Level 1:colcon.colcon_core.package_discovery:discover_packages(path) check parameters
[0.414s] Level 1:colcon.colcon_core.package_discovery:discover_packages(colcon_meta) discover
[0.415s] Level 1:colcon.colcon_core.package_discovery:discover_packages(recursive) discover
[0.415s] INFO:colcon.colcon_core.package_discovery:Crawling recursively for packages in '/mnt/emmc/cat_home/arm-platform'
[0.415s] Level 1:colcon.colcon_core.package_identification:_identify(.) by extensions ['ignore', 'ignore_ament_install']
[0.415s] Level 1:colcon.colcon_core.package_identification:_identify(.) by extension 'ignore'
[0.415s] Level 1:colcon.colcon_core.package_identification:_identify(.) by extension 'ignore_ament_install'
[0.415s] Level 1:colcon.colcon_core.package_identification:_identify(.) by extensions ['colcon_pkg']
[0.415s] Level 1:colcon.colcon_core.package_identification:_identify(.) by extension 'colcon_pkg'
[0.415s] Level 1:colcon.colcon_core.package_identification:_identify(.) by extensions ['colcon_meta']
[0.415s] Level 1:colcon.colcon_core.package_identification:_identify(.) by extension 'colcon_meta'
[0.415s] Level 1:colcon.colcon_core.package_identification:_identify(.) by extensions ['ros']
[0.415s] Level 1:colcon.colcon_core.package_identification:_identify(.) by extension 'ros'
[0.473s] DEBUG:colcon.colcon_core.package_identification:Package '.' with type 'ros.ament_cmake' and name 'manipulator'
[0.473s] Level 1:colcon.colcon_core.package_discovery:discover_packages(recursive) using defaults
[0.473s] Level 1:colcon.colcon_core.package_discovery:discover_packages(ignore) discover
[0.473s] Level 1:colcon.colcon_core.package_discovery:discover_packages(ignore) using defaults
[0.473s] Level 1:colcon.colcon_core.package_discovery:discover_packages(path) discover
[0.473s] Level 1:colcon.colcon_core.package_discovery:discover_packages(path) using defaults
[0.503s] Level 1:colcon.colcon_core.package_discovery:discover_packages(prefix_path) check parameters
[0.503s] Level 1:colcon.colcon_core.package_discovery:discover_packages(prefix_path) discover
[0.506s] DEBUG:colcon.colcon_installed_package_information.package_discovery:Found 1 installed packages in /home/cat/arm-platform/install
[0.507s] DEBUG:colcon.colcon_installed_package_information.package_discovery:Found 3 installed packages in /home/cat/huaben_ws/install
[0.508s] DEBUG:colcon.colcon_installed_package_information.package_discovery:Found 7 installed packages in /home/cat/uav_ws/install
[0.509s] DEBUG:colcon.colcon_installed_package_information.package_discovery:Found 6 installed packages in /home/cat/ArmRemoteController/install
[0.510s] DEBUG:colcon.colcon_installed_package_information.package_discovery:Found 296 installed packages in /opt/ros/humble
[0.512s] Level 1:colcon.colcon_core.package_discovery:discover_packages(prefix_path) using defaults
[0.573s] Level 5:colcon.colcon_core.verb:set package 'manipulator' build argument 'cmake_args' from command line to 'None'
[0.573s] Level 5:colcon.colcon_core.verb:set package 'manipulator' build argument 'cmake_target' from command line to 'None'
[0.574s] Level 5:colcon.colcon_core.verb:set package 'manipulator' build argument 'cmake_target_skip_unavailable' from command line to 'False'
[0.574s] Level 5:colcon.colcon_core.verb:set package 'manipulator' build argument 'cmake_clean_cache' from command line to 'False'
[0.574s] Level 5:colcon.colcon_core.verb:set package 'manipulator' build argument 'cmake_clean_first' from command line to 'False'
[0.574s] Level 5:colcon.colcon_core.verb:set package 'manipulator' build argument 'cmake_force_configure' from command line to 'False'
[0.574s] Level 5:colcon.colcon_core.verb:set package 'manipulator' build argument 'ament_cmake_args' from command line to 'None'
[0.574s] Level 5:colcon.colcon_core.verb:set package 'manipulator' build argument 'catkin_cmake_args' from command line to 'None'
[0.574s] Level 5:colcon.colcon_core.verb:set package 'manipulator' build argument 'catkin_skip_building_tests' from command line to 'False'
[0.574s] DEBUG:colcon.colcon_core.verb:Building package 'manipulator' with the following arguments: {'ament_cmake_args': None, 'build_base': '/mnt/emmc/cat_home/arm-platform/build/manipulator', 'catkin_cmake_args': None, 'catkin_skip_building_tests': False, 'cmake_args': None, 'cmake_clean_cache': False, 'cmake_clean_first': False, 'cmake_force_configure': False, 'cmake_target': None, 'cmake_target_skip_unavailable': False, 'install_base': '/mnt/emmc/cat_home/arm-platform/install/manipulator', 'merge_install': False, 'path': '/mnt/emmc/cat_home/arm-platform', 'symlink_install': False, 'test_result_base': None}
[0.574s] INFO:colcon.colcon_core.executor:Executing jobs using 'parallel' executor
[0.577s] DEBUG:colcon.colcon_parallel_executor.executor.parallel:run_until_complete
[0.577s] INFO:colcon.colcon_ros.task.ament_cmake.build:Building ROS package in '/mnt/emmc/cat_home/arm-platform' with build type 'ament_cmake'
[0.577s] INFO:colcon.colcon_cmake.task.cmake.build:Building CMake package in '/mnt/emmc/cat_home/arm-platform'
[0.581s] INFO:colcon.colcon_core.plugin_system:Skipping extension 'colcon_core.shell.bat': Not used on non-Windows systems
[0.581s] INFO:colcon.colcon_core.shell:Skip shell extension 'powershell' for command environment: Not usable outside of PowerShell
[0.581s] DEBUG:colcon.colcon_core.shell:Skip shell extension 'dsv' for command environment
[0.604s] DEBUG:colcon.colcon_core.event_handler.log_command:Invoking command in '/mnt/emmc/cat_home/arm-platform/build/manipulator': CMAKE_PREFIX_PATH=${CMAKE_PREFIX_PATH}:/opt/ros/humble /usr/bin/cmake --build /mnt/emmc/cat_home/arm-platform/build/manipulator -- -j8 -l8
[8.323s] DEBUG:colcon.colcon_core.event_handler.log_command:Invoked command in '/mnt/emmc/cat_home/arm-platform/build/manipulator' returned '0': CMAKE_PREFIX_PATH=${CMAKE_PREFIX_PATH}:/opt/ros/humble /usr/bin/cmake --build /mnt/emmc/cat_home/arm-platform/build/manipulator -- -j8 -l8
[8.357s] DEBUG:colcon.colcon_core.event_handler.log_command:Invoking command in '/mnt/emmc/cat_home/arm-platform/build/manipulator': CMAKE_PREFIX_PATH=${CMAKE_PREFIX_PATH}:/opt/ros/humble /usr/bin/cmake --install /mnt/emmc/cat_home/arm-platform/build/manipulator
[8.436s] Level 1:colcon.colcon_core.environment:create_environment_scripts_only(manipulator)
[8.444s] Level 1:colcon.colcon_core.environment:checking '/mnt/emmc/cat_home/arm-platform/install/manipulator' for CMake module files
[8.447s] Level 1:colcon.colcon_core.environment:checking '/mnt/emmc/cat_home/arm-platform/install/manipulator' for CMake config files
[8.449s] Level 1:colcon.colcon_core.shell:create_environment_hook('manipulator', 'cmake_prefix_path')
[8.449s] INFO:colcon.colcon_core.shell:Creating environment hook '/mnt/emmc/cat_home/arm-platform/install/manipulator/share/manipulator/hook/cmake_prefix_path.ps1'
[8.451s] INFO:colcon.colcon_core.shell:Creating environment descriptor '/mnt/emmc/cat_home/arm-platform/install/manipulator/share/manipulator/hook/cmake_prefix_path.dsv'
[8.452s] INFO:colcon.colcon_core.shell:Creating environment hook '/mnt/emmc/cat_home/arm-platform/install/manipulator/share/manipulator/hook/cmake_prefix_path.sh'
[8.454s] Level 1:colcon.colcon_core.environment:checking '/mnt/emmc/cat_home/arm-platform/install/manipulator/lib'
[8.455s] Level 1:colcon.colcon_core.environment:checking '/mnt/emmc/cat_home/arm-platform/install/manipulator/bin'
[8.455s] Level 1:colcon.colcon_core.environment:checking '/mnt/emmc/cat_home/arm-platform/install/manipulator/lib/pkgconfig/manipulator.pc'
[8.456s] Level 1:colcon.colcon_core.environment:checking '/mnt/emmc/cat_home/arm-platform/install/manipulator/lib/python3.10/site-packages'
[8.456s] Level 1:colcon.colcon_core.environment:checking '/mnt/emmc/cat_home/arm-platform/install/manipulator/bin'
[8.457s] INFO:colcon.colcon_core.shell:Creating package script '/mnt/emmc/cat_home/arm-platform/install/manipulator/share/manipulator/package.ps1'
[8.459s] INFO:colcon.colcon_core.shell:Creating package descriptor '/mnt/emmc/cat_home/arm-platform/install/manipulator/share/manipulator/package.dsv'
[8.460s] INFO:colcon.colcon_core.shell:Creating package script '/mnt/emmc/cat_home/arm-platform/install/manipulator/share/manipulator/package.sh'
[8.461s] INFO:colcon.colcon_core.shell:Creating package script '/mnt/emmc/cat_home/arm-platform/install/manipulator/share/manipulator/package.bash'
[8.463s] INFO:colcon.colcon_core.shell:Creating package script '/mnt/emmc/cat_home/arm-platform/install/manipulator/share/manipulator/package.zsh'
[8.464s] Level 1:colcon.colcon_core.environment:create_file_with_runtime_dependencies(/mnt/emmc/cat_home/arm-platform/install/manipulator/share/colcon-core/packages/manipulator)
[8.466s] Level 1:colcon.colcon_core.environment:create_environment_scripts_only(manipulator)
[8.466s] Level 1:colcon.colcon_core.environment:checking '/mnt/emmc/cat_home/arm-platform/install/manipulator' for CMake module files
[8.468s] Level 1:colcon.colcon_core.environment:checking '/mnt/emmc/cat_home/arm-platform/install/manipulator' for CMake config files
[8.470s] Level 1:colcon.colcon_core.shell:create_environment_hook('manipulator', 'cmake_prefix_path')
[8.471s] INFO:colcon.colcon_core.shell:Creating environment hook '/mnt/emmc/cat_home/arm-platform/install/manipulator/share/manipulator/hook/cmake_prefix_path.ps1'
[8.472s] DEBUG:colcon.colcon_core.event_handler.log_command:Invoked command in '/mnt/emmc/cat_home/arm-platform/build/manipulator' returned '0': CMAKE_PREFIX_PATH=${CMAKE_PREFIX_PATH}:/opt/ros/humble /usr/bin/cmake --install /mnt/emmc/cat_home/arm-platform/build/manipulator
[8.473s] INFO:colcon.colcon_core.shell:Creating environment descriptor '/mnt/emmc/cat_home/arm-platform/install/manipulator/share/manipulator/hook/cmake_prefix_path.dsv'
[8.473s] INFO:colcon.colcon_core.shell:Creating environment hook '/mnt/emmc/cat_home/arm-platform/install/manipulator/share/manipulator/hook/cmake_prefix_path.sh'
[8.474s] Level 1:colcon.colcon_core.environment:checking '/mnt/emmc/cat_home/arm-platform/install/manipulator/lib'
[8.474s] Level 1:colcon.colcon_core.environment:checking '/mnt/emmc/cat_home/arm-platform/install/manipulator/bin'
[8.474s] Level 1:colcon.colcon_core.environment:checking '/mnt/emmc/cat_home/arm-platform/install/manipulator/lib/pkgconfig/manipulator.pc'
[8.475s] Level 1:colcon.colcon_core.environment:checking '/mnt/emmc/cat_home/arm-platform/install/manipulator/lib/python3.10/site-packages'
[8.475s] Level 1:colcon.colcon_core.environment:checking '/mnt/emmc/cat_home/arm-platform/install/manipulator/bin'
[8.476s] INFO:colcon.colcon_core.shell:Creating package script '/mnt/emmc/cat_home/arm-platform/install/manipulator/share/manipulator/package.ps1'
[8.476s] INFO:colcon.colcon_core.shell:Creating package descriptor '/mnt/emmc/cat_home/arm-platform/install/manipulator/share/manipulator/package.dsv'
[8.477s] INFO:colcon.colcon_core.shell:Creating package script '/mnt/emmc/cat_home/arm-platform/install/manipulator/share/manipulator/package.sh'
[8.478s] INFO:colcon.colcon_core.shell:Creating package script '/mnt/emmc/cat_home/arm-platform/install/manipulator/share/manipulator/package.bash'
[8.478s] INFO:colcon.colcon_core.shell:Creating package script '/mnt/emmc/cat_home/arm-platform/install/manipulator/share/manipulator/package.zsh'
[8.479s] Level 1:colcon.colcon_core.environment:create_file_with_runtime_dependencies(/mnt/emmc/cat_home/arm-platform/install/manipulator/share/colcon-core/packages/manipulator)
[8.479s] DEBUG:colcon.colcon_parallel_executor.executor.parallel:closing loop
[8.480s] DEBUG:colcon.colcon_parallel_executor.executor.parallel:loop closed
[8.480s] DEBUG:colcon.colcon_parallel_executor.executor.parallel:run_until_complete finished with '0'
[8.480s] DEBUG:colcon.colcon_core.event_reactor:joining thread
[8.503s] INFO:colcon.colcon_core.plugin_system:Skipping extension 'colcon_notification.desktop_notification.terminal_notifier': Not used on non-Darwin systems
[8.504s] INFO:colcon.colcon_core.plugin_system:Skipping extension 'colcon_notification.desktop_notification.win32': Not used on non-Windows systems
[8.504s] INFO:colcon.colcon_notification.desktop_notification:Sending desktop notification using 'notify2'
[8.506s] DEBUG:colcon.colcon_notification.desktop_notification.notify2:Failed to initialize notify2: org.freedesktop.DBus.Error.ServiceUnknown: The name org.freedesktop.Notifications was not provided by any .service files
[8.506s] DEBUG:colcon.colcon_core.event_reactor:joined thread
[8.507s] INFO:colcon.colcon_core.shell:Creating prefix script '/mnt/emmc/cat_home/arm-platform/install/local_setup.ps1'
[8.508s] INFO:colcon.colcon_core.shell:Creating prefix util module '/mnt/emmc/cat_home/arm-platform/install/_local_setup_util_ps1.py'
[8.510s] INFO:colcon.colcon_core.shell:Creating prefix chain script '/mnt/emmc/cat_home/arm-platform/install/setup.ps1'
[8.513s] INFO:colcon.colcon_core.shell:Creating prefix script '/mnt/emmc/cat_home/arm-platform/install/local_setup.sh'
[8.514s] INFO:colcon.colcon_core.shell:Creating prefix util module '/mnt/emmc/cat_home/arm-platform/install/_local_setup_util_sh.py'
[8.515s] INFO:colcon.colcon_core.shell:Creating prefix chain script '/mnt/emmc/cat_home/arm-platform/install/setup.sh'
[8.517s] INFO:colcon.colcon_core.shell:Creating prefix script '/mnt/emmc/cat_home/arm-platform/install/local_setup.bash'
[8.518s] INFO:colcon.colcon_core.shell:Creating prefix chain script '/mnt/emmc/cat_home/arm-platform/install/setup.bash'
[8.520s] INFO:colcon.colcon_core.shell:Creating prefix script '/mnt/emmc/cat_home/arm-platform/install/local_setup.zsh'
[8.521s] INFO:colcon.colcon_core.shell:Creating prefix chain script '/mnt/emmc/cat_home/arm-platform/install/setup.zsh'
