[0.028s] Invoking command in '/mnt/emmc/cat_home/arm-platform/build/manipulator': CMAKE_PREFIX_PATH=${CMAKE_PREFIX_PATH}:/opt/ros/humble /usr/bin/cmake --build /mnt/emmc/cat_home/arm-platform/build/manipulator -- -j8 -l8
[0.093s] -- Found ament_cmake: 1.3.12 (/opt/ros/humble/share/ament_cmake/cmake)
[0.186s] -- Found Python3: /usr/bin/python3 (found version "3.10.12") found components: Interpreter 
[0.338s] -- Found rclcpp: 16.0.16 (/opt/ros/humble/share/rclcpp/cmake)
[0.382s] -- Found rosidl_generator_c: 3.1.7 (/opt/ros/humble/share/rosidl_generator_c/cmake)
[0.385s] -- Found rosidl_adapter: 3.1.7 (/opt/ros/humble/share/rosidl_adapter/cmake)
[0.394s] -- Found rosidl_generator_cpp: 3.1.7 (/opt/ros/humble/share/rosidl_generator_cpp/cmake)
[0.409s] -- Using all available rosidl_typesupport_c: rosidl_typesupport_fastrtps_c;rosidl_typesupport_introspection_c
[0.427s] -- Using all available rosidl_typesupport_cpp: rosidl_typesupport_fastrtps_cpp;rosidl_typesupport_introspection_cpp
[0.475s] -- Found rmw_implementation_cmake: 6.1.2 (/opt/ros/humble/share/rmw_implementation_cmake/cmake)
[0.477s] -- Found rmw_cyclonedds_cpp: 1.3.4 (/opt/ros/humble/share/rmw_cyclonedds_cpp/cmake)
[0.503s] -- Using RMW implementation 'rmw_cyclonedds_cpp' as default
[0.576s] -- Found sensor_msgs: 4.9.0 (/opt/ros/humble/share/sensor_msgs/cmake)
[0.622s] -- Found dummy_interface: 0.0.0 (/home/cat/ArmRemoteController/install/dummy_interface/share/dummy_interface/cmake)
[0.641s] -- Found serial: 1.2.1 (/usr/local/share/serial/cmake)
[0.646s] -- pinocchio_default FOUND. pinocchio_default at /opt/ros/humble/lib/aarch64-linux-gnu/libpinocchio_default.so
[0.647s] -- pinocchio_parsers FOUND. pinocchio_parsers at /opt/ros/humble/lib/aarch64-linux-gnu/libpinocchio_parsers.so
[0.651s] -- boost_filesystem FOUND. boost_filesystem at /lib/aarch64-linux-gnu/libboost_filesystem.so
[0.664s] -- Found Boost: /usr/include (found version "1.74.0") found components: filesystem serialization 
[0.665s] -- eigenpy FOUND. eigenpy at /opt/ros/humble/lib/aarch64-linux-gnu/libeigenpy.so
[0.726s] -- Checking for NumPy
[1.159s] --   NUMPY_INCLUDE_DIRS=/usr/lib/python3/dist-packages/numpy/core/include
[1.386s] --   NUMPY_VERSION=1.21.5
[1.931s] -- Found Python3: /usr/bin/python3 (found version "3.10.12") found components: Interpreter Development.Module NumPy 
[1.932s] -- PythonLibraryDirs: 
[1.932s] -- PythonLibVersionString: 3.10.12
[1.964s] -- Python site lib: lib/python3.10/site-packages
[1.965s] -- Python include dirs: /usr/include/python3.10
[2.036s] -- Checking for NumPy
[2.242s] --   NUMPY_INCLUDE_DIRS=/usr/lib/python3/dist-packages/numpy/core/include
[2.453s] --   NUMPY_VERSION=1.21.5
[2.454s] -- NumPy include dir: /usr/lib/python3/dist-packages/numpy/core/include
[2.461s] [33mCMake Warning at /usr/share/cmake-3.22/Modules/FindBoost.cmake:2201 (message):
[2.462s]   No header defined for python310; skipping header check (note: header-only
[2.462s]   libraries have no designated component)
[2.463s] Call Stack (most recent call first):
[2.463s]   /opt/ros/humble/lib/aarch64-linux-gnu/cmake/eigenpy/boost.cmake:148 (find_package)
[2.463s]   /opt/ros/humble/lib/aarch64-linux-gnu/cmake/eigenpy/eigenpyConfig.cmake:149 (SEARCH_FOR_BOOST_PYTHON)
[2.464s]   /usr/share/cmake-3.22/Modules/CMakeFindDependencyMacro.cmake:47 (find_package)
[2.464s]   /opt/ros/humble/lib/aarch64-linux-gnu/cmake/pinocchio/pinocchioConfig.cmake:161 (find_dependency)
[2.465s]   CMakeLists.txt:19 (find_package)
[2.465s] 
[2.465s] [0m
[2.466s] -- Found Boost: /usr/include (found version "1.74.0") found components: python310 
[3.038s] -- Default C++ standard: 201703
[3.038s] -- C++ standard sufficient: Minimal required 11, currently defined: 17
[3.038s] -- CMAKE_CXX_STANDARD was not set: automatically set to currently defined standard 17
[3.039s] -- hpp-fcl FOUND. hpp-fcl at /opt/ros/humble/lib/aarch64-linux-gnu/libhpp-fcl.so
[3.049s] -- Found Boost: /usr/include (found version "1.74.0") found components: chrono serialization filesystem 
[3.051s] -- C++ standard sufficient: Minimal required 11, currently defined: 17
[3.052s] -- C++ standard sufficient: Minimal required 11, currently defined: 17
[3.073s] -- Found ament_lint_auto: 0.12.14 (/opt/ros/humble/share/ament_lint_auto/cmake)
[3.233s] -- Added test 'cppcheck' to perform static code analysis on C / C++ code
[3.234s] -- Configured cppcheck include dirs: $<BUILD_INTERFACE:/mnt/emmc/cat_home/arm-platform/include>
[3.234s] -- Configured cppcheck exclude dirs and/or files: 
[3.237s] -- Added test 'flake8' to check Python code syntax and style conventions
[3.245s] -- Added test 'lint_cmake' to check CMake code style
[3.248s] -- Added test 'pep257' to check Python code against some of the docstring style conventions in PEP 257
[3.275s] -- Added test 'uncrustify' to check C / C++ code style
[3.276s] -- Configured uncrustify additional arguments: 
[3.279s] -- Added test 'xmllint' to check XML markup files
[3.280s] -- Configuring done
[3.335s] -- Generating done
[3.353s] -- Build files have been written to: /mnt/emmc/cat_home/arm-platform/build/manipulator
[3.439s] [35m[1mConsolidate compiler generated dependencies of target manipulator_core[0m
[3.447s] [35m[1mConsolidate compiler generated dependencies of target gravity_compensation[0m
[3.465s] [35m[1mConsolidate compiler generated dependencies of target gravity_compensation_pinocchio[0m
[3.501s] [ 52%] Built target manipulator_core
[3.504s] [ 61%] Built target gravity_compensation
[3.529s] [ 71%] Built target gravity_compensation_pinocchio
[3.541s] [35m[1mConsolidate compiler generated dependencies of target arm_hardware_node[0m
[3.557s] [35m[1mConsolidate compiler generated dependencies of target slave_arm_node[0m
[3.572s] [35m[1mConsolidate compiler generated dependencies of target master_arm_node[0m
[3.601s] [ 80%] Built target arm_hardware_node
[3.634s] [ 85%] [32mBuilding CXX object CMakeFiles/slave_arm_node.dir/src/slave_arm_node.cc.o[0m
[3.645s] [ 95%] Built target master_arm_node
[16.664s] [01m[K/mnt/emmc/cat_home/arm-platform/src/slave_arm_node.cc:[m[K In constructor ‘[01m[Kmanipulator::SlaveArmNode::SlaveArmNode()[m[K’:
[16.665s] [01m[K/mnt/emmc/cat_home/arm-platform/src/slave_arm_node.cc:72:8:[m[K [01;35m[Kwarning: [m[Kunused variable ‘[01m[Kpublish_joint_state[m[K’ [[01;35m[K]8;;https://gcc.gnu.org/onlinedocs/gcc/Warning-Options.html#index-Wunused-variable-Wunused-variable]8;;[m[K]
[16.665s]    72 |   bool [01;35m[Kpublish_joint_state[m[K = this->get_parameter("publish_joint_state").as_bool();
[16.666s]       |        [01;35m[K^~~~~~~~~~~~~~~~~~~[m[K
[31.473s] [100%] [32m[1mLinking CXX executable slave_arm_node[0m
[32.900s] [100%] Built target slave_arm_node
[32.937s] Invoked command in '/mnt/emmc/cat_home/arm-platform/build/manipulator' returned '0': CMAKE_PREFIX_PATH=${CMAKE_PREFIX_PATH}:/opt/ros/humble /usr/bin/cmake --build /mnt/emmc/cat_home/arm-platform/build/manipulator -- -j8 -l8
[32.960s] Invoking command in '/mnt/emmc/cat_home/arm-platform/build/manipulator': CMAKE_PREFIX_PATH=${CMAKE_PREFIX_PATH}:/opt/ros/humble /usr/bin/cmake --install /mnt/emmc/cat_home/arm-platform/build/manipulator
[32.976s] -- Install configuration: ""
[32.976s] -- Up-to-date: /mnt/emmc/cat_home/arm-platform/install/manipulator/lib/libmanipulator_core.a
[32.977s] -- Up-to-date: /mnt/emmc/cat_home/arm-platform/install/manipulator/lib/libgravity_compensation.a
[32.977s] -- Up-to-date: /mnt/emmc/cat_home/arm-platform/install/manipulator/lib/libgravity_compensation_pinocchio.a
[32.977s] -- Up-to-date: /mnt/emmc/cat_home/arm-platform/install/manipulator/lib/manipulator/arm_hardware_node
[32.978s] -- Up-to-date: /mnt/emmc/cat_home/arm-platform/install/manipulator/lib/manipulator/master_arm_node
[32.978s] -- Installing: /mnt/emmc/cat_home/arm-platform/install/manipulator/lib/manipulator/slave_arm_node
[32.995s] -- Set runtime path of "/mnt/emmc/cat_home/arm-platform/install/manipulator/lib/manipulator/slave_arm_node" to ""
[32.996s] -- Up-to-date: /mnt/emmc/cat_home/arm-platform/install/manipulator/include
[32.997s] -- Up-to-date: /mnt/emmc/cat_home/arm-platform/install/manipulator/include/manipulator
[32.997s] -- Up-to-date: /mnt/emmc/cat_home/arm-platform/install/manipulator/include/manipulator/slave_arm_node.h
[32.998s] -- Up-to-date: /mnt/emmc/cat_home/arm-platform/install/manipulator/include/manipulator/arm
[32.998s] -- Up-to-date: /mnt/emmc/cat_home/arm-platform/install/manipulator/include/manipulator/arm/abs_arm.h
[32.999s] -- Up-to-date: /mnt/emmc/cat_home/arm-platform/install/manipulator/include/manipulator/arm/i_arm.h
[32.999s] -- Up-to-date: /mnt/emmc/cat_home/arm-platform/install/manipulator/include/manipulator/arm/a_l1_gamma.h
[32.999s] -- Up-to-date: /mnt/emmc/cat_home/arm-platform/install/manipulator/include/manipulator/arm/a_l1_beta.h
[33.000s] -- Up-to-date: /mnt/emmc/cat_home/arm-platform/install/manipulator/include/manipulator/arm/arm_factory.h
[33.000s] -- Up-to-date: /mnt/emmc/cat_home/arm-platform/install/manipulator/include/manipulator/arm_types.h
[33.001s] -- Up-to-date: /mnt/emmc/cat_home/arm-platform/install/manipulator/include/manipulator/bus
[33.001s] -- Up-to-date: /mnt/emmc/cat_home/arm-platform/install/manipulator/include/manipulator/bus/i_bus.h
[33.003s] -- Up-to-date: /mnt/emmc/cat_home/arm-platform/install/manipulator/include/manipulator/bus/abs_bus.h
[33.004s] -- Up-to-date: /mnt/emmc/cat_home/arm-platform/install/manipulator/include/manipulator/bus/serial_bus.h
[33.005s] -- Up-to-date: /mnt/emmc/cat_home/arm-platform/install/manipulator/include/manipulator/arm_hardware_node.h
[33.005s] -- Up-to-date: /mnt/emmc/cat_home/arm-platform/install/manipulator/include/manipulator/motor
[33.006s] -- Up-to-date: /mnt/emmc/cat_home/arm-platform/install/manipulator/include/manipulator/motor/dm_motor.h
[33.006s] -- Up-to-date: /mnt/emmc/cat_home/arm-platform/install/manipulator/include/manipulator/motor/abs_motor.h
[33.007s] -- Up-to-date: /mnt/emmc/cat_home/arm-platform/install/manipulator/include/manipulator/motor/i_motor.h
[33.008s] -- Up-to-date: /mnt/emmc/cat_home/arm-platform/install/manipulator/include/manipulator/master_arm_node.h
[33.008s] -- Up-to-date: /mnt/emmc/cat_home/arm-platform/install/manipulator/include/manipulator/gravity_compensation_pinocchio.h
[33.009s] -- Up-to-date: /mnt/emmc/cat_home/arm-platform/install/manipulator/include/manipulator/controller
[33.009s] -- Up-to-date: /mnt/emmc/cat_home/arm-platform/install/manipulator/include/manipulator/controller/dummy_controller.h
[33.010s] -- Up-to-date: /mnt/emmc/cat_home/arm-platform/install/manipulator/include/manipulator/controller/i_arm_controller.h
[33.012s] -- Up-to-date: /mnt/emmc/cat_home/arm-platform/install/manipulator/include/manipulator/protocol
[33.012s] -- Up-to-date: /mnt/emmc/cat_home/arm-platform/install/manipulator/include/manipulator/protocol/protocol_v1.h
[33.012s] -- Up-to-date: /mnt/emmc/cat_home/arm-platform/install/manipulator/include/manipulator/protocol/i_protocol.h
[33.013s] -- Up-to-date: /mnt/emmc/cat_home/arm-platform/install/manipulator/include/manipulator/protocol/abs_protocol.h
[33.014s] -- Up-to-date: /mnt/emmc/cat_home/arm-platform/install/manipulator/include/manipulator/protocol/protocol_factory.h
[33.014s] -- Up-to-date: /mnt/emmc/cat_home/arm-platform/install/manipulator/include/manipulator/gravity_compensation.h
[33.015s] -- Up-to-date: /mnt/emmc/cat_home/arm-platform/install/manipulator/share/manipulator/
[33.015s] -- Up-to-date: /mnt/emmc/cat_home/arm-platform/install/manipulator/share/manipulator//master_arm.launch.py
[33.015s] -- Up-to-date: /mnt/emmc/cat_home/arm-platform/install/manipulator/share/manipulator//demo.launch.py
[33.017s] -- Installing: /mnt/emmc/cat_home/arm-platform/install/manipulator/share/manipulator//slave_arm.launch.py
[33.018s] -- Up-to-date: /mnt/emmc/cat_home/arm-platform/install/manipulator/share/manipulator/environment/library_path.sh
[33.019s] -- Installing: /mnt/emmc/cat_home/arm-platform/install/manipulator/share/manipulator/environment/library_path.dsv
[33.020s] -- Up-to-date: /mnt/emmc/cat_home/arm-platform/install/manipulator/share/ament_index/resource_index/package_run_dependencies/manipulator
[33.021s] -- Up-to-date: /mnt/emmc/cat_home/arm-platform/install/manipulator/share/ament_index/resource_index/parent_prefix_path/manipulator
[33.023s] -- Up-to-date: /mnt/emmc/cat_home/arm-platform/install/manipulator/share/manipulator/environment/ament_prefix_path.sh
[33.025s] -- Installing: /mnt/emmc/cat_home/arm-platform/install/manipulator/share/manipulator/environment/ament_prefix_path.dsv
[33.026s] -- Up-to-date: /mnt/emmc/cat_home/arm-platform/install/manipulator/share/manipulator/environment/path.sh
[33.027s] -- Installing: /mnt/emmc/cat_home/arm-platform/install/manipulator/share/manipulator/environment/path.dsv
[33.028s] -- Up-to-date: /mnt/emmc/cat_home/arm-platform/install/manipulator/share/manipulator/local_setup.bash
[33.030s] -- Up-to-date: /mnt/emmc/cat_home/arm-platform/install/manipulator/share/manipulator/local_setup.sh
[33.031s] -- Up-to-date: /mnt/emmc/cat_home/arm-platform/install/manipulator/share/manipulator/local_setup.zsh
[33.034s] -- Installing: /mnt/emmc/cat_home/arm-platform/install/manipulator/share/manipulator/local_setup.dsv
[33.034s] -- Installing: /mnt/emmc/cat_home/arm-platform/install/manipulator/share/manipulator/package.dsv
[33.035s] -- Up-to-date: /mnt/emmc/cat_home/arm-platform/install/manipulator/share/ament_index/resource_index/packages/manipulator
[33.035s] -- Up-to-date: /mnt/emmc/cat_home/arm-platform/install/manipulator/share/manipulator/cmake/export_manipulatorExport.cmake
[33.036s] -- Up-to-date: /mnt/emmc/cat_home/arm-platform/install/manipulator/share/manipulator/cmake/export_manipulatorExport-noconfig.cmake
[33.036s] -- Up-to-date: /mnt/emmc/cat_home/arm-platform/install/manipulator/share/manipulator/cmake/ament_cmake_export_targets-extras.cmake
[33.037s] -- Up-to-date: /mnt/emmc/cat_home/arm-platform/install/manipulator/share/manipulator/cmake/ament_cmake_export_include_directories-extras.cmake
[33.038s] -- Up-to-date: /mnt/emmc/cat_home/arm-platform/install/manipulator/share/manipulator/cmake/ament_cmake_export_dependencies-extras.cmake
[33.039s] -- Up-to-date: /mnt/emmc/cat_home/arm-platform/install/manipulator/share/manipulator/cmake/manipulatorConfig.cmake
[33.040s] -- Up-to-date: /mnt/emmc/cat_home/arm-platform/install/manipulator/share/manipulator/cmake/manipulatorConfig-version.cmake
[33.040s] -- Up-to-date: /mnt/emmc/cat_home/arm-platform/install/manipulator/share/manipulator/package.xml
[33.042s] Invoked command in '/mnt/emmc/cat_home/arm-platform/build/manipulator' returned '0': CMAKE_PREFIX_PATH=${CMAKE_PREFIX_PATH}:/opt/ros/humble /usr/bin/cmake --install /mnt/emmc/cat_home/arm-platform/build/manipulator
