[0.182s] DEBUG:colcon:Command line arguments: ['/usr/bin/colcon', 'build']
[0.183s] DEBUG:colcon:Parsed command line arguments: Namespace(log_base=None, log_level=None, verb_name='build', build_base='build', install_base='install', merge_install=False, symlink_install=False, test_result_base=None, continue_on_error=False, executor='parallel', parallel_workers=8, event_handlers=None, ignore_user_meta=False, metas=['./colcon.meta'], base_paths=['.'], packages_ignore=None, packages_ignore_regex=None, paths=None, packages_up_to=None, packages_up_to_regex=None, packages_above=None, packages_above_and_dependencies=None, packages_above_depth=None, packages_select_by_dep=None, packages_skip_by_dep=None, packages_skip_up_to=None, packages_select_build_failed=False, packages_skip_build_finished=False, packages_select_test_failures=False, packages_skip_test_passed=False, packages_select=None, packages_skip=None, packages_select_regex=None, packages_skip_regex=None, packages_start=None, packages_end=None, allow_overriding=[], cmake_args=None, cmake_target=None, cmake_target_skip_unavailable=False, cmake_clean_cache=False, cmake_clean_first=False, cmake_force_configure=False, ament_cmake_args=None, catkin_cmake_args=None, catkin_skip_building_tests=False, verb_parser=<colcon_defaults.argument_parser.defaults.DefaultArgumentsDecorator object at 0xffff9ef39210>, verb_extension=<colcon_core.verb.build.BuildVerb object at 0xffff9ef38d90>, main=<bound method BuildVerb.main of <colcon_core.verb.build.BuildVerb object at 0xffff9ef38d90>>)
[0.446s] Level 1:colcon.colcon_core.package_discovery:discover_packages(colcon_meta) check parameters
[0.446s] Level 1:colcon.colcon_core.package_discovery:discover_packages(recursive) check parameters
[0.446s] Level 1:colcon.colcon_core.package_discovery:discover_packages(ignore) check parameters
[0.446s] Level 1:colcon.colcon_core.package_discovery:discover_packages(path) check parameters
[0.446s] Level 1:colcon.colcon_core.package_discovery:discover_packages(colcon_meta) discover
[0.446s] Level 1:colcon.colcon_core.package_discovery:discover_packages(recursive) discover
[0.446s] INFO:colcon.colcon_core.package_discovery:Crawling recursively for packages in '/mnt/emmc/cat_home/arm-platform'
[0.447s] Level 1:colcon.colcon_core.package_identification:_identify(.) by extensions ['ignore', 'ignore_ament_install']
[0.447s] Level 1:colcon.colcon_core.package_identification:_identify(.) by extension 'ignore'
[0.447s] Level 1:colcon.colcon_core.package_identification:_identify(.) by extension 'ignore_ament_install'
[0.447s] Level 1:colcon.colcon_core.package_identification:_identify(.) by extensions ['colcon_pkg']
[0.447s] Level 1:colcon.colcon_core.package_identification:_identify(.) by extension 'colcon_pkg'
[0.447s] Level 1:colcon.colcon_core.package_identification:_identify(.) by extensions ['colcon_meta']
[0.447s] Level 1:colcon.colcon_core.package_identification:_identify(.) by extension 'colcon_meta'
[0.447s] Level 1:colcon.colcon_core.package_identification:_identify(.) by extensions ['ros']
[0.447s] Level 1:colcon.colcon_core.package_identification:_identify(.) by extension 'ros'
[0.508s] DEBUG:colcon.colcon_core.package_identification:Package '.' with type 'ros.ament_cmake' and name 'manipulator'
[0.509s] Level 1:colcon.colcon_core.package_discovery:discover_packages(recursive) using defaults
[0.509s] Level 1:colcon.colcon_core.package_discovery:discover_packages(ignore) discover
[0.509s] Level 1:colcon.colcon_core.package_discovery:discover_packages(ignore) using defaults
[0.509s] Level 1:colcon.colcon_core.package_discovery:discover_packages(path) discover
[0.509s] Level 1:colcon.colcon_core.package_discovery:discover_packages(path) using defaults
[0.539s] Level 1:colcon.colcon_core.package_discovery:discover_packages(prefix_path) check parameters
[0.540s] Level 1:colcon.colcon_core.package_discovery:discover_packages(prefix_path) discover
[0.543s] DEBUG:colcon.colcon_installed_package_information.package_discovery:Found 1 installed packages in /home/cat/arm-platform/install
[0.544s] DEBUG:colcon.colcon_installed_package_information.package_discovery:Found 3 installed packages in /home/cat/huaben_ws/install
[0.545s] DEBUG:colcon.colcon_installed_package_information.package_discovery:Found 7 installed packages in /home/cat/uav_ws/install
[0.546s] DEBUG:colcon.colcon_installed_package_information.package_discovery:Found 6 installed packages in /home/cat/ArmRemoteController/install
[0.548s] DEBUG:colcon.colcon_installed_package_information.package_discovery:Found 296 installed packages in /opt/ros/humble
[0.549s] Level 1:colcon.colcon_core.package_discovery:discover_packages(prefix_path) using defaults
[0.612s] Level 5:colcon.colcon_core.verb:set package 'manipulator' build argument 'cmake_args' from command line to 'None'
[0.613s] Level 5:colcon.colcon_core.verb:set package 'manipulator' build argument 'cmake_target' from command line to 'None'
[0.613s] Level 5:colcon.colcon_core.verb:set package 'manipulator' build argument 'cmake_target_skip_unavailable' from command line to 'False'
[0.613s] Level 5:colcon.colcon_core.verb:set package 'manipulator' build argument 'cmake_clean_cache' from command line to 'False'
[0.613s] Level 5:colcon.colcon_core.verb:set package 'manipulator' build argument 'cmake_clean_first' from command line to 'False'
[0.613s] Level 5:colcon.colcon_core.verb:set package 'manipulator' build argument 'cmake_force_configure' from command line to 'False'
[0.613s] Level 5:colcon.colcon_core.verb:set package 'manipulator' build argument 'ament_cmake_args' from command line to 'None'
[0.613s] Level 5:colcon.colcon_core.verb:set package 'manipulator' build argument 'catkin_cmake_args' from command line to 'None'
[0.613s] Level 5:colcon.colcon_core.verb:set package 'manipulator' build argument 'catkin_skip_building_tests' from command line to 'False'
[0.613s] DEBUG:colcon.colcon_core.verb:Building package 'manipulator' with the following arguments: {'ament_cmake_args': None, 'build_base': '/mnt/emmc/cat_home/arm-platform/build/manipulator', 'catkin_cmake_args': None, 'catkin_skip_building_tests': False, 'cmake_args': None, 'cmake_clean_cache': False, 'cmake_clean_first': False, 'cmake_force_configure': False, 'cmake_target': None, 'cmake_target_skip_unavailable': False, 'install_base': '/mnt/emmc/cat_home/arm-platform/install/manipulator', 'merge_install': False, 'path': '/mnt/emmc/cat_home/arm-platform', 'symlink_install': False, 'test_result_base': None}
[0.613s] INFO:colcon.colcon_core.executor:Executing jobs using 'parallel' executor
[0.615s] DEBUG:colcon.colcon_parallel_executor.executor.parallel:run_until_complete
[0.616s] INFO:colcon.colcon_ros.task.ament_cmake.build:Building ROS package in '/mnt/emmc/cat_home/arm-platform' with build type 'ament_cmake'
[0.616s] INFO:colcon.colcon_cmake.task.cmake.build:Building CMake package in '/mnt/emmc/cat_home/arm-platform'
[0.619s] INFO:colcon.colcon_core.plugin_system:Skipping extension 'colcon_core.shell.bat': Not used on non-Windows systems
[0.619s] INFO:colcon.colcon_core.shell:Skip shell extension 'powershell' for command environment: Not usable outside of PowerShell
[0.619s] DEBUG:colcon.colcon_core.shell:Skip shell extension 'dsv' for command environment
[0.642s] DEBUG:colcon.colcon_core.event_handler.log_command:Invoking command in '/mnt/emmc/cat_home/arm-platform/build/manipulator': CMAKE_PREFIX_PATH=${CMAKE_PREFIX_PATH}:/opt/ros/humble /usr/bin/cmake --build /mnt/emmc/cat_home/arm-platform/build/manipulator -- -j8 -l8
[22.305s] DEBUG:colcon.colcon_core.event_handler.log_command:Invoked command in '/mnt/emmc/cat_home/arm-platform/build/manipulator' returned '2': CMAKE_PREFIX_PATH=${CMAKE_PREFIX_PATH}:/opt/ros/humble /usr/bin/cmake --build /mnt/emmc/cat_home/arm-platform/build/manipulator -- -j8 -l8
[22.306s] Level 1:colcon.colcon_core.environment:create_environment_scripts_only(manipulator)
[22.309s] Level 1:colcon.colcon_core.environment:checking '/mnt/emmc/cat_home/arm-platform/install/manipulator' for CMake module files
[22.309s] Level 1:colcon.colcon_core.environment:checking '/mnt/emmc/cat_home/arm-platform/install/manipulator' for CMake config files
[22.310s] Level 1:colcon.colcon_core.shell:create_environment_hook('manipulator', 'cmake_prefix_path')
[22.310s] INFO:colcon.colcon_core.shell:Creating environment hook '/mnt/emmc/cat_home/arm-platform/install/manipulator/share/manipulator/hook/cmake_prefix_path.ps1'
[22.311s] INFO:colcon.colcon_core.shell:Creating environment descriptor '/mnt/emmc/cat_home/arm-platform/install/manipulator/share/manipulator/hook/cmake_prefix_path.dsv'
[22.312s] INFO:colcon.colcon_core.shell:Creating environment hook '/mnt/emmc/cat_home/arm-platform/install/manipulator/share/manipulator/hook/cmake_prefix_path.sh'
[22.313s] Level 1:colcon.colcon_core.environment:checking '/mnt/emmc/cat_home/arm-platform/install/manipulator/lib'
[22.313s] Level 1:colcon.colcon_core.environment:checking '/mnt/emmc/cat_home/arm-platform/install/manipulator/bin'
[22.313s] Level 1:colcon.colcon_core.environment:checking '/mnt/emmc/cat_home/arm-platform/install/manipulator/lib/pkgconfig/manipulator.pc'
[22.313s] Level 1:colcon.colcon_core.environment:checking '/mnt/emmc/cat_home/arm-platform/install/manipulator/lib/python3.10/site-packages'
[22.314s] Level 1:colcon.colcon_core.environment:checking '/mnt/emmc/cat_home/arm-platform/install/manipulator/bin'
[22.314s] INFO:colcon.colcon_core.shell:Creating package script '/mnt/emmc/cat_home/arm-platform/install/manipulator/share/manipulator/package.ps1'
[22.315s] INFO:colcon.colcon_core.shell:Creating package descriptor '/mnt/emmc/cat_home/arm-platform/install/manipulator/share/manipulator/package.dsv'
[22.316s] INFO:colcon.colcon_core.shell:Creating package script '/mnt/emmc/cat_home/arm-platform/install/manipulator/share/manipulator/package.sh'
[22.317s] INFO:colcon.colcon_core.shell:Creating package script '/mnt/emmc/cat_home/arm-platform/install/manipulator/share/manipulator/package.bash'
[22.318s] INFO:colcon.colcon_core.shell:Creating package script '/mnt/emmc/cat_home/arm-platform/install/manipulator/share/manipulator/package.zsh'
[22.319s] Level 1:colcon.colcon_core.environment:create_file_with_runtime_dependencies(/mnt/emmc/cat_home/arm-platform/install/manipulator/share/colcon-core/packages/manipulator)
[22.329s] DEBUG:colcon.colcon_parallel_executor.executor.parallel:closing loop
[22.329s] DEBUG:colcon.colcon_parallel_executor.executor.parallel:loop closed
[22.329s] DEBUG:colcon.colcon_parallel_executor.executor.parallel:run_until_complete finished with '2'
[22.330s] DEBUG:colcon.colcon_core.event_reactor:joining thread
[22.349s] INFO:colcon.colcon_core.plugin_system:Skipping extension 'colcon_notification.desktop_notification.terminal_notifier': Not used on non-Darwin systems
[22.350s] INFO:colcon.colcon_core.plugin_system:Skipping extension 'colcon_notification.desktop_notification.win32': Not used on non-Windows systems
[22.350s] INFO:colcon.colcon_notification.desktop_notification:Sending desktop notification using 'notify2'
[22.352s] DEBUG:colcon.colcon_notification.desktop_notification.notify2:Failed to initialize notify2: org.freedesktop.DBus.Error.ServiceUnknown: The name org.freedesktop.Notifications was not provided by any .service files
[22.352s] DEBUG:colcon.colcon_core.event_reactor:joined thread
[22.353s] INFO:colcon.colcon_core.shell:Creating prefix script '/mnt/emmc/cat_home/arm-platform/install/local_setup.ps1'
[22.354s] INFO:colcon.colcon_core.shell:Creating prefix util module '/mnt/emmc/cat_home/arm-platform/install/_local_setup_util_ps1.py'
[22.356s] INFO:colcon.colcon_core.shell:Creating prefix chain script '/mnt/emmc/cat_home/arm-platform/install/setup.ps1'
[22.358s] INFO:colcon.colcon_core.shell:Creating prefix script '/mnt/emmc/cat_home/arm-platform/install/local_setup.sh'
[22.359s] INFO:colcon.colcon_core.shell:Creating prefix util module '/mnt/emmc/cat_home/arm-platform/install/_local_setup_util_sh.py'
[22.360s] INFO:colcon.colcon_core.shell:Creating prefix chain script '/mnt/emmc/cat_home/arm-platform/install/setup.sh'
[22.362s] INFO:colcon.colcon_core.shell:Creating prefix script '/mnt/emmc/cat_home/arm-platform/install/local_setup.bash'
[22.363s] INFO:colcon.colcon_core.shell:Creating prefix chain script '/mnt/emmc/cat_home/arm-platform/install/setup.bash'
[22.365s] INFO:colcon.colcon_core.shell:Creating prefix script '/mnt/emmc/cat_home/arm-platform/install/local_setup.zsh'
[22.366s] INFO:colcon.colcon_core.shell:Creating prefix chain script '/mnt/emmc/cat_home/arm-platform/install/setup.zsh'
