[0.187s] DEBUG:colcon:Command line arguments: ['/usr/bin/colcon', 'build']
[0.187s] DEBUG:colcon:Parsed command line arguments: Namespace(log_base=None, log_level=None, verb_name='build', build_base='build', install_base='install', merge_install=False, symlink_install=False, test_result_base=None, continue_on_error=False, executor='parallel', parallel_workers=8, event_handlers=None, ignore_user_meta=False, metas=['./colcon.meta'], base_paths=['.'], packages_ignore=None, packages_ignore_regex=None, paths=None, packages_up_to=None, packages_up_to_regex=None, packages_above=None, packages_above_and_dependencies=None, packages_above_depth=None, packages_select_by_dep=None, packages_skip_by_dep=None, packages_skip_up_to=None, packages_select_build_failed=False, packages_skip_build_finished=False, packages_select_test_failures=False, packages_skip_test_passed=False, packages_select=None, packages_skip=None, packages_select_regex=None, packages_skip_regex=None, packages_start=None, packages_end=None, allow_overriding=[], cmake_args=None, cmake_target=None, cmake_target_skip_unavailable=False, cmake_clean_cache=False, cmake_clean_first=False, cmake_force_configure=False, ament_cmake_args=None, catkin_cmake_args=None, catkin_skip_building_tests=False, verb_parser=<colcon_defaults.argument_parser.defaults.DefaultArgumentsDecorator object at 0xffffb1849210>, verb_extension=<colcon_core.verb.build.BuildVerb object at 0xffffb1848d90>, main=<bound method BuildVerb.main of <colcon_core.verb.build.BuildVerb object at 0xffffb1848d90>>)
[0.456s] Level 1:colcon.colcon_core.package_discovery:discover_packages(colcon_meta) check parameters
[0.457s] Level 1:colcon.colcon_core.package_discovery:discover_packages(recursive) check parameters
[0.457s] Level 1:colcon.colcon_core.package_discovery:discover_packages(ignore) check parameters
[0.457s] Level 1:colcon.colcon_core.package_discovery:discover_packages(path) check parameters
[0.457s] Level 1:colcon.colcon_core.package_discovery:discover_packages(colcon_meta) discover
[0.457s] Level 1:colcon.colcon_core.package_discovery:discover_packages(recursive) discover
[0.457s] INFO:colcon.colcon_core.package_discovery:Crawling recursively for packages in '/mnt/emmc/cat_home/arm-platform'
[0.457s] Level 1:colcon.colcon_core.package_identification:_identify(.) by extensions ['ignore', 'ignore_ament_install']
[0.457s] Level 1:colcon.colcon_core.package_identification:_identify(.) by extension 'ignore'
[0.457s] Level 1:colcon.colcon_core.package_identification:_identify(.) by extension 'ignore_ament_install'
[0.457s] Level 1:colcon.colcon_core.package_identification:_identify(.) by extensions ['colcon_pkg']
[0.458s] Level 1:colcon.colcon_core.package_identification:_identify(.) by extension 'colcon_pkg'
[0.458s] Level 1:colcon.colcon_core.package_identification:_identify(.) by extensions ['colcon_meta']
[0.458s] Level 1:colcon.colcon_core.package_identification:_identify(.) by extension 'colcon_meta'
[0.458s] Level 1:colcon.colcon_core.package_identification:_identify(.) by extensions ['ros']
[0.458s] Level 1:colcon.colcon_core.package_identification:_identify(.) by extension 'ros'
[0.520s] DEBUG:colcon.colcon_core.package_identification:Package '.' with type 'ros.ament_cmake' and name 'manipulator'
[0.520s] Level 1:colcon.colcon_core.package_discovery:discover_packages(recursive) using defaults
[0.520s] Level 1:colcon.colcon_core.package_discovery:discover_packages(ignore) discover
[0.520s] Level 1:colcon.colcon_core.package_discovery:discover_packages(ignore) using defaults
[0.520s] Level 1:colcon.colcon_core.package_discovery:discover_packages(path) discover
[0.520s] Level 1:colcon.colcon_core.package_discovery:discover_packages(path) using defaults
[0.550s] Level 1:colcon.colcon_core.package_discovery:discover_packages(prefix_path) check parameters
[0.550s] Level 1:colcon.colcon_core.package_discovery:discover_packages(prefix_path) discover
[0.554s] DEBUG:colcon.colcon_installed_package_information.package_discovery:Found 3 installed packages in /home/cat/huaben_ws/install
[0.554s] DEBUG:colcon.colcon_installed_package_information.package_discovery:Found 7 installed packages in /home/cat/uav_ws/install
[0.555s] DEBUG:colcon.colcon_installed_package_information.package_discovery:Found 6 installed packages in /home/cat/ArmRemoteController/install
[0.557s] DEBUG:colcon.colcon_installed_package_information.package_discovery:Found 296 installed packages in /opt/ros/humble
[0.559s] Level 1:colcon.colcon_core.package_discovery:discover_packages(prefix_path) using defaults
[0.619s] Level 5:colcon.colcon_core.verb:set package 'manipulator' build argument 'cmake_args' from command line to 'None'
[0.620s] Level 5:colcon.colcon_core.verb:set package 'manipulator' build argument 'cmake_target' from command line to 'None'
[0.620s] Level 5:colcon.colcon_core.verb:set package 'manipulator' build argument 'cmake_target_skip_unavailable' from command line to 'False'
[0.620s] Level 5:colcon.colcon_core.verb:set package 'manipulator' build argument 'cmake_clean_cache' from command line to 'False'
[0.620s] Level 5:colcon.colcon_core.verb:set package 'manipulator' build argument 'cmake_clean_first' from command line to 'False'
[0.620s] Level 5:colcon.colcon_core.verb:set package 'manipulator' build argument 'cmake_force_configure' from command line to 'False'
[0.620s] Level 5:colcon.colcon_core.verb:set package 'manipulator' build argument 'ament_cmake_args' from command line to 'None'
[0.620s] Level 5:colcon.colcon_core.verb:set package 'manipulator' build argument 'catkin_cmake_args' from command line to 'None'
[0.620s] Level 5:colcon.colcon_core.verb:set package 'manipulator' build argument 'catkin_skip_building_tests' from command line to 'False'
[0.620s] DEBUG:colcon.colcon_core.verb:Building package 'manipulator' with the following arguments: {'ament_cmake_args': None, 'build_base': '/mnt/emmc/cat_home/arm-platform/build/manipulator', 'catkin_cmake_args': None, 'catkin_skip_building_tests': False, 'cmake_args': None, 'cmake_clean_cache': False, 'cmake_clean_first': False, 'cmake_force_configure': False, 'cmake_target': None, 'cmake_target_skip_unavailable': False, 'install_base': '/mnt/emmc/cat_home/arm-platform/install/manipulator', 'merge_install': False, 'path': '/mnt/emmc/cat_home/arm-platform', 'symlink_install': False, 'test_result_base': None}
[0.620s] INFO:colcon.colcon_core.executor:Executing jobs using 'parallel' executor
[0.622s] DEBUG:colcon.colcon_parallel_executor.executor.parallel:run_until_complete
[0.623s] INFO:colcon.colcon_ros.task.ament_cmake.build:Building ROS package in '/mnt/emmc/cat_home/arm-platform' with build type 'ament_cmake'
[0.623s] INFO:colcon.colcon_cmake.task.cmake.build:Building CMake package in '/mnt/emmc/cat_home/arm-platform'
[0.626s] INFO:colcon.colcon_core.plugin_system:Skipping extension 'colcon_core.shell.bat': Not used on non-Windows systems
[0.626s] INFO:colcon.colcon_core.shell:Skip shell extension 'powershell' for command environment: Not usable outside of PowerShell
[0.626s] DEBUG:colcon.colcon_core.shell:Skip shell extension 'dsv' for command environment
[0.646s] DEBUG:colcon.colcon_core.event_handler.log_command:Invoking command in '/mnt/emmc/cat_home/arm-platform/build/manipulator': CMAKE_PREFIX_PATH=${CMAKE_PREFIX_PATH}:/opt/ros/humble /usr/bin/cmake --build /mnt/emmc/cat_home/arm-platform/build/manipulator -- -j8 -l8
[24.464s] DEBUG:colcon.colcon_core.event_handler.log_command:Invoked command in '/mnt/emmc/cat_home/arm-platform/build/manipulator' returned '0': CMAKE_PREFIX_PATH=${CMAKE_PREFIX_PATH}:/opt/ros/humble /usr/bin/cmake --build /mnt/emmc/cat_home/arm-platform/build/manipulator -- -j8 -l8
[24.482s] DEBUG:colcon.colcon_core.event_handler.log_command:Invoking command in '/mnt/emmc/cat_home/arm-platform/build/manipulator': CMAKE_PREFIX_PATH=${CMAKE_PREFIX_PATH}:/opt/ros/humble /usr/bin/cmake --install /mnt/emmc/cat_home/arm-platform/build/manipulator
[24.545s] Level 1:colcon.colcon_core.environment:create_environment_scripts_only(manipulator)
[24.554s] Level 1:colcon.colcon_core.environment:checking '/mnt/emmc/cat_home/arm-platform/install/manipulator' for CMake module files
[24.556s] Level 1:colcon.colcon_core.environment:checking '/mnt/emmc/cat_home/arm-platform/install/manipulator' for CMake config files
[24.559s] Level 1:colcon.colcon_core.shell:create_environment_hook('manipulator', 'cmake_prefix_path')
[24.559s] INFO:colcon.colcon_core.shell:Creating environment hook '/mnt/emmc/cat_home/arm-platform/install/manipulator/share/manipulator/hook/cmake_prefix_path.ps1'
[24.560s] INFO:colcon.colcon_core.shell:Creating environment descriptor '/mnt/emmc/cat_home/arm-platform/install/manipulator/share/manipulator/hook/cmake_prefix_path.dsv'
[24.562s] INFO:colcon.colcon_core.shell:Creating environment hook '/mnt/emmc/cat_home/arm-platform/install/manipulator/share/manipulator/hook/cmake_prefix_path.sh'
[24.563s] Level 1:colcon.colcon_core.environment:checking '/mnt/emmc/cat_home/arm-platform/install/manipulator/lib'
[24.564s] Level 1:colcon.colcon_core.environment:checking '/mnt/emmc/cat_home/arm-platform/install/manipulator/bin'
[24.564s] Level 1:colcon.colcon_core.environment:checking '/mnt/emmc/cat_home/arm-platform/install/manipulator/lib/pkgconfig/manipulator.pc'
[24.564s] Level 1:colcon.colcon_core.environment:checking '/mnt/emmc/cat_home/arm-platform/install/manipulator/lib/python3.10/site-packages'
[24.565s] Level 1:colcon.colcon_core.environment:checking '/mnt/emmc/cat_home/arm-platform/install/manipulator/bin'
[24.566s] INFO:colcon.colcon_core.shell:Creating package script '/mnt/emmc/cat_home/arm-platform/install/manipulator/share/manipulator/package.ps1'
[24.567s] INFO:colcon.colcon_core.shell:Creating package descriptor '/mnt/emmc/cat_home/arm-platform/install/manipulator/share/manipulator/package.dsv'
[24.568s] INFO:colcon.colcon_core.shell:Creating package script '/mnt/emmc/cat_home/arm-platform/install/manipulator/share/manipulator/package.sh'
[24.569s] INFO:colcon.colcon_core.shell:Creating package script '/mnt/emmc/cat_home/arm-platform/install/manipulator/share/manipulator/package.bash'
[24.570s] INFO:colcon.colcon_core.shell:Creating package script '/mnt/emmc/cat_home/arm-platform/install/manipulator/share/manipulator/package.zsh'
[24.571s] Level 1:colcon.colcon_core.environment:create_file_with_runtime_dependencies(/mnt/emmc/cat_home/arm-platform/install/manipulator/share/colcon-core/packages/manipulator)
[24.573s] Level 1:colcon.colcon_core.environment:create_environment_scripts_only(manipulator)
[24.573s] Level 1:colcon.colcon_core.environment:checking '/mnt/emmc/cat_home/arm-platform/install/manipulator' for CMake module files
[24.575s] Level 1:colcon.colcon_core.environment:checking '/mnt/emmc/cat_home/arm-platform/install/manipulator' for CMake config files
[24.578s] DEBUG:colcon.colcon_core.event_handler.log_command:Invoked command in '/mnt/emmc/cat_home/arm-platform/build/manipulator' returned '0': CMAKE_PREFIX_PATH=${CMAKE_PREFIX_PATH}:/opt/ros/humble /usr/bin/cmake --install /mnt/emmc/cat_home/arm-platform/build/manipulator
[24.578s] Level 1:colcon.colcon_core.shell:create_environment_hook('manipulator', 'cmake_prefix_path')
[24.578s] INFO:colcon.colcon_core.shell:Creating environment hook '/mnt/emmc/cat_home/arm-platform/install/manipulator/share/manipulator/hook/cmake_prefix_path.ps1'
[24.579s] INFO:colcon.colcon_core.shell:Creating environment descriptor '/mnt/emmc/cat_home/arm-platform/install/manipulator/share/manipulator/hook/cmake_prefix_path.dsv'
[24.579s] INFO:colcon.colcon_core.shell:Creating environment hook '/mnt/emmc/cat_home/arm-platform/install/manipulator/share/manipulator/hook/cmake_prefix_path.sh'
[24.580s] Level 1:colcon.colcon_core.environment:checking '/mnt/emmc/cat_home/arm-platform/install/manipulator/lib'
[24.580s] Level 1:colcon.colcon_core.environment:checking '/mnt/emmc/cat_home/arm-platform/install/manipulator/bin'
[24.580s] Level 1:colcon.colcon_core.environment:checking '/mnt/emmc/cat_home/arm-platform/install/manipulator/lib/pkgconfig/manipulator.pc'
[24.581s] Level 1:colcon.colcon_core.environment:checking '/mnt/emmc/cat_home/arm-platform/install/manipulator/lib/python3.10/site-packages'
[24.581s] Level 1:colcon.colcon_core.environment:checking '/mnt/emmc/cat_home/arm-platform/install/manipulator/bin'
[24.581s] INFO:colcon.colcon_core.shell:Creating package script '/mnt/emmc/cat_home/arm-platform/install/manipulator/share/manipulator/package.ps1'
[24.582s] INFO:colcon.colcon_core.shell:Creating package descriptor '/mnt/emmc/cat_home/arm-platform/install/manipulator/share/manipulator/package.dsv'
[24.583s] INFO:colcon.colcon_core.shell:Creating package script '/mnt/emmc/cat_home/arm-platform/install/manipulator/share/manipulator/package.sh'
[24.583s] INFO:colcon.colcon_core.shell:Creating package script '/mnt/emmc/cat_home/arm-platform/install/manipulator/share/manipulator/package.bash'
[24.584s] INFO:colcon.colcon_core.shell:Creating package script '/mnt/emmc/cat_home/arm-platform/install/manipulator/share/manipulator/package.zsh'
[24.584s] Level 1:colcon.colcon_core.environment:create_file_with_runtime_dependencies(/mnt/emmc/cat_home/arm-platform/install/manipulator/share/colcon-core/packages/manipulator)
[24.585s] DEBUG:colcon.colcon_parallel_executor.executor.parallel:closing loop
[24.585s] DEBUG:colcon.colcon_parallel_executor.executor.parallel:loop closed
[24.585s] DEBUG:colcon.colcon_parallel_executor.executor.parallel:run_until_complete finished with '0'
[24.585s] DEBUG:colcon.colcon_core.event_reactor:joining thread
[24.608s] INFO:colcon.colcon_core.plugin_system:Skipping extension 'colcon_notification.desktop_notification.terminal_notifier': Not used on non-Darwin systems
[24.608s] INFO:colcon.colcon_core.plugin_system:Skipping extension 'colcon_notification.desktop_notification.win32': Not used on non-Windows systems
[24.609s] INFO:colcon.colcon_notification.desktop_notification:Sending desktop notification using 'notify2'
[24.611s] DEBUG:colcon.colcon_notification.desktop_notification.notify2:Failed to initialize notify2: org.freedesktop.DBus.Error.ServiceUnknown: The name org.freedesktop.Notifications was not provided by any .service files
[24.611s] DEBUG:colcon.colcon_core.event_reactor:joined thread
[24.612s] INFO:colcon.colcon_core.shell:Creating prefix script '/mnt/emmc/cat_home/arm-platform/install/local_setup.ps1'
[24.613s] INFO:colcon.colcon_core.shell:Creating prefix util module '/mnt/emmc/cat_home/arm-platform/install/_local_setup_util_ps1.py'
[24.615s] INFO:colcon.colcon_core.shell:Creating prefix chain script '/mnt/emmc/cat_home/arm-platform/install/setup.ps1'
[24.617s] INFO:colcon.colcon_core.shell:Creating prefix script '/mnt/emmc/cat_home/arm-platform/install/local_setup.sh'
[24.618s] INFO:colcon.colcon_core.shell:Creating prefix util module '/mnt/emmc/cat_home/arm-platform/install/_local_setup_util_sh.py'
[24.619s] INFO:colcon.colcon_core.shell:Creating prefix chain script '/mnt/emmc/cat_home/arm-platform/install/setup.sh'
[24.621s] INFO:colcon.colcon_core.shell:Creating prefix script '/mnt/emmc/cat_home/arm-platform/install/local_setup.bash'
[24.621s] INFO:colcon.colcon_core.shell:Creating prefix chain script '/mnt/emmc/cat_home/arm-platform/install/setup.bash'
[24.624s] INFO:colcon.colcon_core.shell:Creating prefix script '/mnt/emmc/cat_home/arm-platform/install/local_setup.zsh'
[24.624s] INFO:colcon.colcon_core.shell:Creating prefix chain script '/mnt/emmc/cat_home/arm-platform/install/setup.zsh'
