[0.011s] Invoking command in '/home/crz/arm-platform/build/manipulator': CMAKE_PREFIX_PATH=${CMAKE_PREFIX_PATH}:/opt/ros/humble /usr/bin/cmake --build /home/crz/arm-platform/build/manipulator -- -j20 -l20
[0.061s] [  9%] Built target gravity_compensation
[0.070s] [ 61%] Built target manipulator_core
[0.087s] [ 71%] Built target gravity_compensation_pinocchio
[0.111s] [ 80%] Built target arm_hardware_node
[0.115s] [35m[1mConsolidate compiler generated dependencies of target master_arm_node[0m
[0.132s] [ 90%] Built target slave_arm_node
[0.142s] [ 95%] [32mBuilding CXX object CMakeFiles/master_arm_node.dir/src/master_arm_node.cc.o[0m
[5.340s] [01m[K/home/crz/arm-platform/src/master_arm_node.cc:[m[K In constructor ‘[01m[Kmanipulator::MasterArmNode::MasterArmNode()[m[K’:
[5.341s] [01m[K/home/crz/arm-platform/src/master_arm_node.cc:72:8:[m[K [01;35m[Kwarning: [m[Kunused variable ‘[01m[Kpublish_joint_state[m[K’ [[01;35m[K]8;;https://gcc.gnu.org/onlinedocs/gcc/Warning-Options.html#index-Wunused-variable-Wunused-variable]8;;[m[K]
[5.341s]    72 |   bool [01;35m[Kpublish_joint_state[m[K = this->get_parameter("publish_joint_state").as_bool();
[5.341s]       |        [01;35m[K^~~~~~~~~~~~~~~~~~~[m[K
[11.914s] [100%] [32m[1mLinking CXX executable master_arm_node[0m
[12.454s] [100%] Built target master_arm_node
[12.470s] Invoked command in '/home/crz/arm-platform/build/manipulator' returned '0': CMAKE_PREFIX_PATH=${CMAKE_PREFIX_PATH}:/opt/ros/humble /usr/bin/cmake --build /home/crz/arm-platform/build/manipulator -- -j20 -l20
[12.482s] Invoking command in '/home/crz/arm-platform/build/manipulator': CMAKE_PREFIX_PATH=${CMAKE_PREFIX_PATH}:/opt/ros/humble /usr/bin/cmake --install /home/crz/arm-platform/build/manipulator
[12.487s] -- Install configuration: ""
[12.487s] -- Up-to-date: /home/crz/arm-platform/install/manipulator/lib/libmanipulator_core.a
[12.487s] -- Up-to-date: /home/crz/arm-platform/install/manipulator/lib/libgravity_compensation.a
[12.487s] -- Up-to-date: /home/crz/arm-platform/install/manipulator/lib/libgravity_compensation_pinocchio.a
[12.487s] -- Up-to-date: /home/crz/arm-platform/install/manipulator/lib/manipulator/arm_hardware_node
[12.487s] -- Installing: /home/crz/arm-platform/install/manipulator/lib/manipulator/master_arm_node
[12.492s] -- Set runtime path of "/home/crz/arm-platform/install/manipulator/lib/manipulator/master_arm_node" to ""
[12.492s] -- Up-to-date: /home/crz/arm-platform/install/manipulator/lib/manipulator/slave_arm_node
[12.492s] -- Up-to-date: /home/crz/arm-platform/install/manipulator/include
[12.492s] -- Up-to-date: /home/crz/arm-platform/install/manipulator/include/manipulator
[12.492s] -- Up-to-date: /home/crz/arm-platform/install/manipulator/include/manipulator/controller
[12.492s] -- Up-to-date: /home/crz/arm-platform/install/manipulator/include/manipulator/controller/dummy_controller.h
[12.492s] -- Up-to-date: /home/crz/arm-platform/install/manipulator/include/manipulator/controller/i_arm_controller.h
[12.492s] -- Up-to-date: /home/crz/arm-platform/install/manipulator/include/manipulator/arm_types.h
[12.492s] -- Up-to-date: /home/crz/arm-platform/install/manipulator/include/manipulator/arm
[12.492s] -- Up-to-date: /home/crz/arm-platform/install/manipulator/include/manipulator/arm/abs_arm.h
[12.492s] -- Up-to-date: /home/crz/arm-platform/install/manipulator/include/manipulator/arm/i_arm.h
[12.493s] -- Up-to-date: /home/crz/arm-platform/install/manipulator/include/manipulator/arm/a_l1_gamma.h
[12.493s] -- Up-to-date: /home/crz/arm-platform/install/manipulator/include/manipulator/arm/arm_factory.h
[12.493s] -- Up-to-date: /home/crz/arm-platform/install/manipulator/include/manipulator/arm/a_l1_beta.h
[12.493s] -- Up-to-date: /home/crz/arm-platform/install/manipulator/include/manipulator/bus
[12.493s] -- Up-to-date: /home/crz/arm-platform/install/manipulator/include/manipulator/bus/abs_bus.h
[12.493s] -- Up-to-date: /home/crz/arm-platform/install/manipulator/include/manipulator/bus/serial_bus.h
[12.493s] -- Up-to-date: /home/crz/arm-platform/install/manipulator/include/manipulator/bus/i_bus.h
[12.494s] -- Up-to-date: /home/crz/arm-platform/install/manipulator/include/manipulator/slave_arm_node.h
[12.494s] -- Up-to-date: /home/crz/arm-platform/install/manipulator/include/manipulator/master_arm_node.h
[12.494s] -- Up-to-date: /home/crz/arm-platform/install/manipulator/include/manipulator/gravity_compensation.h
[12.494s] -- Up-to-date: /home/crz/arm-platform/install/manipulator/include/manipulator/gravity_compensation_pinocchio.h
[12.494s] -- Up-to-date: /home/crz/arm-platform/install/manipulator/include/manipulator/protocol
[12.494s] -- Up-to-date: /home/crz/arm-platform/install/manipulator/include/manipulator/protocol/protocol_v1.h
[12.494s] -- Up-to-date: /home/crz/arm-platform/install/manipulator/include/manipulator/protocol/protocol_factory.h
[12.494s] -- Up-to-date: /home/crz/arm-platform/install/manipulator/include/manipulator/protocol/i_protocol.h
[12.494s] -- Up-to-date: /home/crz/arm-platform/install/manipulator/include/manipulator/protocol/abs_protocol.h
[12.494s] -- Up-to-date: /home/crz/arm-platform/install/manipulator/include/manipulator/motor
[12.494s] -- Up-to-date: /home/crz/arm-platform/install/manipulator/include/manipulator/motor/dm_motor.h
[12.494s] -- Up-to-date: /home/crz/arm-platform/install/manipulator/include/manipulator/motor/i_motor.h
[12.494s] -- Up-to-date: /home/crz/arm-platform/install/manipulator/include/manipulator/motor/abs_motor.h
[12.494s] -- Up-to-date: /home/crz/arm-platform/install/manipulator/include/manipulator/arm_hardware_node.h
[12.494s] -- Up-to-date: /home/crz/arm-platform/install/manipulator/share/manipulator/
[12.494s] -- Up-to-date: /home/crz/arm-platform/install/manipulator/share/manipulator//master_arm.launch.py
[12.494s] -- Up-to-date: /home/crz/arm-platform/install/manipulator/share/manipulator//slave_arm.launch.py
[12.494s] -- Up-to-date: /home/crz/arm-platform/install/manipulator/share/manipulator//demo.launch.py
[12.494s] -- Up-to-date: /home/crz/arm-platform/install/manipulator/share/manipulator/environment/library_path.sh
[12.494s] -- Up-to-date: /home/crz/arm-platform/install/manipulator/share/manipulator/environment/library_path.dsv
[12.494s] -- Up-to-date: /home/crz/arm-platform/install/manipulator/share/ament_index/resource_index/package_run_dependencies/manipulator
[12.494s] -- Up-to-date: /home/crz/arm-platform/install/manipulator/share/ament_index/resource_index/parent_prefix_path/manipulator
[12.494s] -- Up-to-date: /home/crz/arm-platform/install/manipulator/share/manipulator/environment/ament_prefix_path.sh
[12.494s] -- Up-to-date: /home/crz/arm-platform/install/manipulator/share/manipulator/environment/ament_prefix_path.dsv
[12.495s] -- Up-to-date: /home/crz/arm-platform/install/manipulator/share/manipulator/environment/path.sh
[12.495s] -- Up-to-date: /home/crz/arm-platform/install/manipulator/share/manipulator/environment/path.dsv
[12.495s] -- Up-to-date: /home/crz/arm-platform/install/manipulator/share/manipulator/local_setup.bash
[12.495s] -- Up-to-date: /home/crz/arm-platform/install/manipulator/share/manipulator/local_setup.sh
[12.495s] -- Up-to-date: /home/crz/arm-platform/install/manipulator/share/manipulator/local_setup.zsh
[12.495s] -- Up-to-date: /home/crz/arm-platform/install/manipulator/share/manipulator/local_setup.dsv
[12.495s] -- Installing: /home/crz/arm-platform/install/manipulator/share/manipulator/package.dsv
[12.495s] -- Up-to-date: /home/crz/arm-platform/install/manipulator/share/ament_index/resource_index/packages/manipulator
[12.495s] -- Up-to-date: /home/crz/arm-platform/install/manipulator/share/manipulator/cmake/export_manipulatorExport.cmake
[12.495s] -- Up-to-date: /home/crz/arm-platform/install/manipulator/share/manipulator/cmake/export_manipulatorExport-noconfig.cmake
[12.495s] -- Up-to-date: /home/crz/arm-platform/install/manipulator/share/manipulator/cmake/ament_cmake_export_targets-extras.cmake
[12.495s] -- Up-to-date: /home/crz/arm-platform/install/manipulator/share/manipulator/cmake/ament_cmake_export_include_directories-extras.cmake
[12.495s] -- Up-to-date: /home/crz/arm-platform/install/manipulator/share/manipulator/cmake/ament_cmake_export_dependencies-extras.cmake
[12.495s] -- Up-to-date: /home/crz/arm-platform/install/manipulator/share/manipulator/cmake/manipulatorConfig.cmake
[12.495s] -- Up-to-date: /home/crz/arm-platform/install/manipulator/share/manipulator/cmake/manipulatorConfig-version.cmake
[12.495s] -- Up-to-date: /home/crz/arm-platform/install/manipulator/share/manipulator/package.xml
[12.496s] Invoked command in '/home/crz/arm-platform/build/manipulator' returned '0': CMAKE_PREFIX_PATH=${CMAKE_PREFIX_PATH}:/opt/ros/humble /usr/bin/cmake --install /home/crz/arm-platform/build/manipulator
