[0.009s] Invoking command in '/home/crz/arm-platform/build/manipulator': CMAKE_PREFIX_PATH=${CMAKE_PREFIX_PATH}:/opt/ros/humble /usr/bin/cmake --build /home/crz/arm-platform/build/manipulator -- -j20 -l20
[0.058s] [  9%] Built target gravity_compensation
[0.060s] [ 61%] Built target manipulator_core
[0.065s] [ 71%] Built target gravity_compensation_pinocchio
[0.083s] [35m[1mConsolidate compiler generated dependencies of target slave_arm_node[0m
[0.088s] [ 80%] Built target arm_hardware_node
[0.103s] [ 90%] Built target master_arm_node
[0.115s] [ 95%] [32mBuilding CXX object CMakeFiles/slave_arm_node.dir/src/slave_arm_node.cc.o[0m
[5.592s] [01m[K/home/crz/arm-platform/src/slave_arm_node.cc:[m[K In member function ‘[01m[Kvoid manipulator::SlaveArmNode::ComputeAndPublishCompensation()[m[K’:
[5.592s] [01m[K/home/crz/arm-platform/src/slave_arm_node.cc:593:14:[m[K [01;31m[Kerror: [m[Kno match for ‘[01m[Koperator=[m[K’ (operand types are ‘[01m[Kdummy_interface::msg::MotorControl_<std::allocator<void> >::_d_type[m[K’ {aka ‘[01m[Kstd::vector<double, std::allocator<double> >[m[K’} and ‘[01m[Kdouble[m[K’)
[5.592s]   593 |     cmd_.d = [01;31m[K0.5[m[K;
[5.592s]       |              [01;31m[K^~~[m[K
[5.592s] In file included from [01m[K/usr/include/c++/11/vector:72[m[K,
[5.592s]                  from [01m[K/home/crz/arm-platform/include/manipulator/slave_arm_node.h:4[m[K,
[5.592s]                  from [01m[K/home/crz/arm-platform/src/slave_arm_node.cc:2[m[K:
[5.592s] [01m[K/usr/include/c++/11/bits/vector.tcc:198:5:[m[K [01;36m[Knote: [m[Kcandidate: ‘[01m[Kstd::vector<_Tp, _Alloc>& std::vector<_Tp, _Alloc>::operator=(const std::vector<_Tp, _Alloc>&) [with _Tp = double; _Alloc = std::allocator<double>][m[K’
[5.592s]   198 |     [01;36m[Kvector<_Tp, _Alloc>[m[K::
[5.592s]       |     [01;36m[K^~~~~~~~~~~~~~~~~~~[m[K
[5.592s] [01m[K/usr/include/c++/11/bits/vector.tcc:199:42:[m[K [01;36m[Knote: [m[K  no known conversion for argument 1 from ‘[01m[Kdouble[m[K’ to ‘[01m[Kconst std::vector<double, std::allocator<double> >&[m[K’
[5.592s]   199 |     operator=([01;36m[Kconst vector<_Tp, _Alloc>& __x[m[K)
[5.592s]       |               [01;36m[K~~~~~~~~~~~~~~~~~~~~~~~~~~~^~~[m[K
[5.592s] In file included from [01m[K/usr/include/c++/11/vector:67[m[K,
[5.592s]                  from [01m[K/home/crz/arm-platform/include/manipulator/slave_arm_node.h:4[m[K,
[5.592s]                  from [01m[K/home/crz/arm-platform/src/slave_arm_node.cc:2[m[K:
[5.592s] [01m[K/usr/include/c++/11/bits/stl_vector.h:709:7:[m[K [01;36m[Knote: [m[Kcandidate: ‘[01m[Kstd::vector<_Tp, _Alloc>& std::vector<_Tp, _Alloc>::operator=(std::vector<_Tp, _Alloc>&&) [with _Tp = double; _Alloc = std::allocator<double>][m[K’
[5.592s]   709 |       [01;36m[Koperator[m[K=(vector&& __x) noexcept(_Alloc_traits::_S_nothrow_move())
[5.592s]       |       [01;36m[K^~~~~~~~[m[K
[5.592s] [01m[K/usr/include/c++/11/bits/stl_vector.h:709:26:[m[K [01;36m[Knote: [m[K  no known conversion for argument 1 from ‘[01m[Kdouble[m[K’ to ‘[01m[Kstd::vector<double, std::allocator<double> >&&[m[K’
[5.592s]   709 |       operator=([01;36m[Kvector&& __x[m[K) noexcept(_Alloc_traits::_S_nothrow_move())
[5.592s]       |                 [01;36m[K~~~~~~~~~^~~[m[K
[5.593s] [01m[K/usr/include/c++/11/bits/stl_vector.h:730:7:[m[K [01;36m[Knote: [m[Kcandidate: ‘[01m[Kstd::vector<_Tp, _Alloc>& std::vector<_Tp, _Alloc>::operator=(std::initializer_list<_Tp>) [with _Tp = double; _Alloc = std::allocator<double>][m[K’
[5.593s]   730 |       [01;36m[Koperator[m[K=(initializer_list<value_type> __l)
[5.593s]       |       [01;36m[K^~~~~~~~[m[K
[5.593s] [01m[K/usr/include/c++/11/bits/stl_vector.h:730:46:[m[K [01;36m[Knote: [m[K  no known conversion for argument 1 from ‘[01m[Kdouble[m[K’ to ‘[01m[Kstd::initializer_list<double>[m[K’
[5.593s]   730 |       operator=([01;36m[Kinitializer_list<value_type> __l[m[K)
[5.593s]       |                 [01;36m[K~~~~~~~~~~~~~~~~~~~~~~~~~~~~~^~~[m[K
[20.647s] gmake[2]: *** [CMakeFiles/slave_arm_node.dir/build.make:76: CMakeFiles/slave_arm_node.dir/src/slave_arm_node.cc.o] Error 1
[20.648s] gmake[1]: *** [CMakeFiles/Makefile2:279: CMakeFiles/slave_arm_node.dir/all] Error 2
[20.648s] gmake: *** [Makefile:146: all] Error 2
[20.650s] Invoked command in '/home/crz/arm-platform/build/manipulator' returned '2': CMAKE_PREFIX_PATH=${CMAKE_PREFIX_PATH}:/opt/ros/humble /usr/bin/cmake --build /home/crz/arm-platform/build/manipulator -- -j20 -l20
