-- The C compiler identification is GNU 11.4.0
-- The CXX compiler identification is GNU 11.4.0
-- Detecting C compiler ABI info
-- Detecting C compiler ABI info - done
-- Check for working C compiler: /usr/bin/cc - skipped
-- Detecting C compile features
-- Detecting C compile features - done
-- Detecting CXX compiler ABI info
-- Detecting CXX compiler ABI info - done
-- Check for working CXX compiler: /usr/bin/c++ - skipped
-- Detecting CXX compile features
-- Detecting CXX compile features - done
-- Found ament_cmake: 1.3.12 (/opt/ros/humble/share/ament_cmake/cmake)
-- Found Python3: /usr/bin/python3 (found version "3.10.12") found components: Interpreter 
-- Found rclcpp: 16.0.16 (/opt/ros/humble/share/rclcpp/cmake)
-- Found rosidl_generator_c: 3.1.7 (/opt/ros/humble/share/rosidl_generator_c/cmake)
-- Found rosidl_adapter: 3.1.7 (/opt/ros/humble/share/rosidl_adapter/cmake)
-- Found rosidl_generator_cpp: 3.1.7 (/opt/ros/humble/share/rosidl_generator_cpp/cmake)
-- Using all available rosidl_typesupport_c: rosidl_typesupport_fastrtps_c;rosidl_typesupport_introspection_c
-- Using all available rosidl_typesupport_cpp: rosidl_typesupport_fastrtps_cpp;rosidl_typesupport_introspection_cpp
-- Found rmw_implementation_cmake: 6.1.2 (/opt/ros/humble/share/rmw_implementation_cmake/cmake)
-- Found rmw_cyclonedds_cpp: 1.3.4 (/opt/ros/humble/share/rmw_cyclonedds_cpp/cmake)
-- Using RMW implementation 'rmw_cyclonedds_cpp' as default
-- Looking for pthread.h
-- Looking for pthread.h - found
-- Performing Test CMAKE_HAVE_LIBC_PTHREAD
-- Performing Test CMAKE_HAVE_LIBC_PTHREAD - Success
-- Found Threads: TRUE  
-- Found sensor_msgs: 4.9.0 (/opt/ros/humble/share/sensor_msgs/cmake)
-- Found dummy_interface: 0.0.0 (/home/cat/ArmRemoteController/install/dummy_interface/share/dummy_interface/cmake)
-- Found serial: 1.2.1 (/usr/local/share/serial/cmake)
-- pinocchio_default FOUND. pinocchio_default at /opt/ros/humble/lib/aarch64-linux-gnu/libpinocchio_default.so
-- pinocchio_parsers FOUND. pinocchio_parsers at /opt/ros/humble/lib/aarch64-linux-gnu/libpinocchio_parsers.so
-- boost_filesystem FOUND. boost_filesystem at /lib/aarch64-linux-gnu/libboost_filesystem.so
-- Found Boost: /usr/include (found version "1.74.0") found components: filesystem serialization 
-- eigenpy FOUND. eigenpy at /opt/ros/humble/lib/aarch64-linux-gnu/libeigenpy.so
-- Checking for NumPy
--   NUMPY_INCLUDE_DIRS=/usr/lib/python3/dist-packages/numpy/core/include
--   NUMPY_VERSION=1.21.5
-- Found Python3: /usr/bin/python3 (found version "3.10.12") found components: Interpreter Development.Module NumPy 
-- PythonLibraryDirs: 
-- PythonLibVersionString: 3.10.12
-- Python site lib: lib/python3.10/site-packages
-- Python include dirs: /usr/include/python3.10
-- Checking for NumPy
--   NUMPY_INCLUDE_DIRS=/usr/lib/python3/dist-packages/numpy/core/include
--   NUMPY_VERSION=1.21.5
-- NumPy include dir: /usr/lib/python3/dist-packages/numpy/core/include
-- Found Boost: /usr/include (found version "1.74.0") found components: python310 
-- Default C++ standard: 201703
-- Minimal C++ standard upgraded to 11
-- C++ standard sufficient: Minimal required 11, currently defined: 17
-- CMAKE_CXX_STANDARD was not set: automatically set to currently defined standard 17
-- hpp-fcl FOUND. hpp-fcl at /opt/ros/humble/lib/aarch64-linux-gnu/libhpp-fcl.so
-- Found Boost: /usr/include (found version "1.74.0") found components: chrono serialization filesystem 
-- C++ standard sufficient: Minimal required 11, currently defined: 17
-- C++ standard sufficient: Minimal required 11, currently defined: 17
-- Found ament_lint_auto: 0.12.14 (/opt/ros/humble/share/ament_lint_auto/cmake)
-- Added test 'cppcheck' to perform static code analysis on C / C++ code
-- Configured cppcheck include dirs: $<BUILD_INTERFACE:/mnt/emmc/cat_home/arm-platform/include>
-- Configured cppcheck exclude dirs and/or files: 
-- Added test 'flake8' to check Python code syntax and style conventions
-- Added test 'lint_cmake' to check CMake code style
-- Added test 'pep257' to check Python code against some of the docstring style conventions in PEP 257
-- Added test 'uncrustify' to check C / C++ code style
-- Configured uncrustify additional arguments: 
-- Added test 'xmllint' to check XML markup files
-- Configuring done
-- Generating done
-- Build files have been written to: /mnt/emmc/cat_home/arm-platform/build/manipulator
[  4%] [32mBuilding CXX object CMakeFiles/gravity_compensation.dir/src/gravity_compensation.cc.o[0m
[ 14%] [32mBuilding CXX object CMakeFiles/manipulator_core.dir/src/bus/serial_bus.cc.o[0m
[ 14%] [32mBuilding CXX object CMakeFiles/manipulator_core.dir/src/arm/a_l1_gamma.cc.o[0m
[ 19%] [32mBuilding CXX object CMakeFiles/manipulator_core.dir/src/arm/arm_factory.cc.o[0m
[ 23%] [32mBuilding CXX object CMakeFiles/manipulator_core.dir/src/bus/abs_bus.cc.o[0m
[ 28%] [32mBuilding CXX object CMakeFiles/manipulator_core.dir/src/arm/a_l1_beta.cc.o[0m
[ 33%] [32mBuilding CXX object CMakeFiles/gravity_compensation_pinocchio.dir/src/gravity_compensation_pinocchio.cc.o[0m
[ 38%] [32mBuilding CXX object CMakeFiles/manipulator_core.dir/src/arm/abs_arm.cc.o[0m
[ 42%] [32mBuilding CXX object CMakeFiles/manipulator_core.dir/src/motor/dm_motor.cc.o[0m
[ 47%] [32mBuilding CXX object CMakeFiles/manipulator_core.dir/src/protocol/abs_protocol.cc.o[0m
[ 52%] [32mBuilding CXX object CMakeFiles/manipulator_core.dir/src/protocol/protocol_factory.cc.o[0m
[ 57%] [32mBuilding CXX object CMakeFiles/manipulator_core.dir/src/protocol/protocol_v1.cc.o[0m
[ 61%] [32m[1mLinking CXX static library libgravity_compensation.a[0m
[ 61%] Built target gravity_compensation
[ 66%] [32m[1mLinking CXX static library libmanipulator_core.a[0m
[ 66%] Built target manipulator_core
[ 71%] [32mBuilding CXX object CMakeFiles/slave_arm_node.dir/src/slave_arm_node.cc.o[0m
[ 76%] [32mBuilding CXX object CMakeFiles/arm_hardware_node.dir/src/arm_hardware_node.cc.o[0m
[ 80%] [32m[1mLinking CXX executable arm_hardware_node[0m
[ 80%] Built target arm_hardware_node
[ 85%] [32m[1mLinking CXX static library libgravity_compensation_pinocchio.a[0m
[ 85%] Built target gravity_compensation_pinocchio
[ 90%] [32mBuilding CXX object CMakeFiles/master_arm_node.dir/src/master_arm_node.cc.o[0m
[ 95%] [32m[1mLinking CXX executable slave_arm_node[0m
[ 95%] Built target slave_arm_node
[100%] [32m[1mLinking CXX executable master_arm_node[0m
[100%] Built target master_arm_node
-- Install configuration: ""
-- Installing: /mnt/emmc/cat_home/arm-platform/install/manipulator/lib/libmanipulator_core.a
-- Installing: /mnt/emmc/cat_home/arm-platform/install/manipulator/lib/libgravity_compensation.a
-- Installing: /mnt/emmc/cat_home/arm-platform/install/manipulator/lib/libgravity_compensation_pinocchio.a
-- Installing: /mnt/emmc/cat_home/arm-platform/install/manipulator/lib/manipulator/arm_hardware_node
-- Set runtime path of "/mnt/emmc/cat_home/arm-platform/install/manipulator/lib/manipulator/arm_hardware_node" to ""
-- Installing: /mnt/emmc/cat_home/arm-platform/install/manipulator/lib/manipulator/master_arm_node
-- Set runtime path of "/mnt/emmc/cat_home/arm-platform/install/manipulator/lib/manipulator/master_arm_node" to ""
-- Installing: /mnt/emmc/cat_home/arm-platform/install/manipulator/lib/manipulator/slave_arm_node
-- Set runtime path of "/mnt/emmc/cat_home/arm-platform/install/manipulator/lib/manipulator/slave_arm_node" to ""
-- Installing: /mnt/emmc/cat_home/arm-platform/install/manipulator/include
-- Installing: /mnt/emmc/cat_home/arm-platform/install/manipulator/include/manipulator
-- Installing: /mnt/emmc/cat_home/arm-platform/install/manipulator/include/manipulator/slave_arm_node.h
-- Installing: /mnt/emmc/cat_home/arm-platform/install/manipulator/include/manipulator/arm
-- Installing: /mnt/emmc/cat_home/arm-platform/install/manipulator/include/manipulator/arm/abs_arm.h
-- Installing: /mnt/emmc/cat_home/arm-platform/install/manipulator/include/manipulator/arm/i_arm.h
-- Installing: /mnt/emmc/cat_home/arm-platform/install/manipulator/include/manipulator/arm/a_l1_gamma.h
-- Installing: /mnt/emmc/cat_home/arm-platform/install/manipulator/include/manipulator/arm/a_l1_beta.h
-- Installing: /mnt/emmc/cat_home/arm-platform/install/manipulator/include/manipulator/arm/arm_factory.h
-- Installing: /mnt/emmc/cat_home/arm-platform/install/manipulator/include/manipulator/arm_types.h
-- Installing: /mnt/emmc/cat_home/arm-platform/install/manipulator/include/manipulator/bus
-- Installing: /mnt/emmc/cat_home/arm-platform/install/manipulator/include/manipulator/bus/i_bus.h
-- Installing: /mnt/emmc/cat_home/arm-platform/install/manipulator/include/manipulator/bus/abs_bus.h
-- Installing: /mnt/emmc/cat_home/arm-platform/install/manipulator/include/manipulator/bus/serial_bus.h
-- Installing: /mnt/emmc/cat_home/arm-platform/install/manipulator/include/manipulator/arm_hardware_node.h
-- Installing: /mnt/emmc/cat_home/arm-platform/install/manipulator/include/manipulator/motor
-- Installing: /mnt/emmc/cat_home/arm-platform/install/manipulator/include/manipulator/motor/dm_motor.h
-- Installing: /mnt/emmc/cat_home/arm-platform/install/manipulator/include/manipulator/motor/abs_motor.h
-- Installing: /mnt/emmc/cat_home/arm-platform/install/manipulator/include/manipulator/motor/i_motor.h
-- Installing: /mnt/emmc/cat_home/arm-platform/install/manipulator/include/manipulator/master_arm_node.h
-- Installing: /mnt/emmc/cat_home/arm-platform/install/manipulator/include/manipulator/gravity_compensation_pinocchio.h
-- Installing: /mnt/emmc/cat_home/arm-platform/install/manipulator/include/manipulator/controller
-- Installing: /mnt/emmc/cat_home/arm-platform/install/manipulator/include/manipulator/controller/dummy_controller.h
-- Installing: /mnt/emmc/cat_home/arm-platform/install/manipulator/include/manipulator/controller/i_arm_controller.h
-- Installing: /mnt/emmc/cat_home/arm-platform/install/manipulator/include/manipulator/protocol
-- Installing: /mnt/emmc/cat_home/arm-platform/install/manipulator/include/manipulator/protocol/protocol_v1.h
-- Installing: /mnt/emmc/cat_home/arm-platform/install/manipulator/include/manipulator/protocol/i_protocol.h
-- Installing: /mnt/emmc/cat_home/arm-platform/install/manipulator/include/manipulator/protocol/abs_protocol.h
-- Installing: /mnt/emmc/cat_home/arm-platform/install/manipulator/include/manipulator/protocol/protocol_factory.h
-- Installing: /mnt/emmc/cat_home/arm-platform/install/manipulator/include/manipulator/gravity_compensation.h
-- Installing: /mnt/emmc/cat_home/arm-platform/install/manipulator/share/manipulator/
-- Installing: /mnt/emmc/cat_home/arm-platform/install/manipulator/share/manipulator//master_arm.launch.py
-- Installing: /mnt/emmc/cat_home/arm-platform/install/manipulator/share/manipulator//demo.launch.py
-- Installing: /mnt/emmc/cat_home/arm-platform/install/manipulator/share/manipulator//slave_arm.launch.py
-- Installing: /mnt/emmc/cat_home/arm-platform/install/manipulator/share/manipulator/environment/library_path.sh
-- Installing: /mnt/emmc/cat_home/arm-platform/install/manipulator/share/manipulator/environment/library_path.dsv
-- Installing: /mnt/emmc/cat_home/arm-platform/install/manipulator/share/ament_index/resource_index/package_run_dependencies/manipulator
-- Installing: /mnt/emmc/cat_home/arm-platform/install/manipulator/share/ament_index/resource_index/parent_prefix_path/manipulator
-- Installing: /mnt/emmc/cat_home/arm-platform/install/manipulator/share/manipulator/environment/ament_prefix_path.sh
-- Installing: /mnt/emmc/cat_home/arm-platform/install/manipulator/share/manipulator/environment/ament_prefix_path.dsv
-- Installing: /mnt/emmc/cat_home/arm-platform/install/manipulator/share/manipulator/environment/path.sh
-- Installing: /mnt/emmc/cat_home/arm-platform/install/manipulator/share/manipulator/environment/path.dsv
-- Installing: /mnt/emmc/cat_home/arm-platform/install/manipulator/share/manipulator/local_setup.bash
-- Installing: /mnt/emmc/cat_home/arm-platform/install/manipulator/share/manipulator/local_setup.sh
-- Installing: /mnt/emmc/cat_home/arm-platform/install/manipulator/share/manipulator/local_setup.zsh
-- Installing: /mnt/emmc/cat_home/arm-platform/install/manipulator/share/manipulator/local_setup.dsv
-- Installing: /mnt/emmc/cat_home/arm-platform/install/manipulator/share/manipulator/package.dsv
-- Installing: /mnt/emmc/cat_home/arm-platform/install/manipulator/share/ament_index/resource_index/packages/manipulator
-- Installing: /mnt/emmc/cat_home/arm-platform/install/manipulator/share/manipulator/cmake/export_manipulatorExport.cmake
-- Installing: /mnt/emmc/cat_home/arm-platform/install/manipulator/share/manipulator/cmake/export_manipulatorExport-noconfig.cmake
-- Installing: /mnt/emmc/cat_home/arm-platform/install/manipulator/share/manipulator/cmake/ament_cmake_export_targets-extras.cmake
-- Installing: /mnt/emmc/cat_home/arm-platform/install/manipulator/share/manipulator/cmake/ament_cmake_export_include_directories-extras.cmake
-- Installing: /mnt/emmc/cat_home/arm-platform/install/manipulator/share/manipulator/cmake/ament_cmake_export_dependencies-extras.cmake
-- Installing: /mnt/emmc/cat_home/arm-platform/install/manipulator/share/manipulator/cmake/manipulatorConfig.cmake
-- Installing: /mnt/emmc/cat_home/arm-platform/install/manipulator/share/manipulator/cmake/manipulatorConfig-version.cmake
-- Installing: /mnt/emmc/cat_home/arm-platform/install/manipulator/share/manipulator/package.xml
