[0.008s] Invoking command in '/home/crz/arm-platform/build/manipulator': CMAKE_PREFIX_PATH=${CMAKE_PREFIX_PATH}:/opt/ros/humble /usr/bin/cmake --build /home/crz/arm-platform/build/manipulator -- -j20 -l20
[0.070s] [  9%] Built target gravity_compensation
[0.073s] [ 14%] [32mBuilding CXX object CMakeFiles/manipulator_core.dir/src/motor/dm_motor.cc.o[0m
[0.076s] [ 23%] Built target gravity_compensation_pinocchio
[2.075s] [ 28%] [32m[1mLinking CXX static library libmanipulator_core.a[0m
[2.130s] [ 71%] Built target manipulator_core
[2.151s] [35m[1mConsolidate compiler generated dependencies of target slave_arm_node[0m
[2.158s] [ 76%] [32m[1mLinking CXX executable arm_hardware_node[0m
[2.164s] [ 80%] [32m[1mLinking CXX executable master_arm_node[0m
[2.181s] [ 85%] [32m[1mLinking CXX executable slave_arm_node[0m
[2.571s] [ 90%] Built target arm_hardware_node
[2.771s] [ 95%] Built target master_arm_node
[2.996s] [100%] Built target slave_arm_node
[3.004s] Invoked command in '/home/crz/arm-platform/build/manipulator' returned '0': CMAKE_PREFIX_PATH=${CMAKE_PREFIX_PATH}:/opt/ros/humble /usr/bin/cmake --build /home/crz/arm-platform/build/manipulator -- -j20 -l20
[3.014s] Invoking command in '/home/crz/arm-platform/build/manipulator': CMAKE_PREFIX_PATH=${CMAKE_PREFIX_PATH}:/opt/ros/humble /usr/bin/cmake --install /home/crz/arm-platform/build/manipulator
[3.025s] -- Install configuration: ""
[3.025s] -- Installing: /home/crz/arm-platform/install/manipulator/lib/libmanipulator_core.a
[3.027s] -- Up-to-date: /home/crz/arm-platform/install/manipulator/lib/libgravity_compensation.a
[3.027s] -- Up-to-date: /home/crz/arm-platform/install/manipulator/lib/libgravity_compensation_pinocchio.a
[3.027s] -- Installing: /home/crz/arm-platform/install/manipulator/lib/manipulator/arm_hardware_node
[3.031s] -- Set runtime path of "/home/crz/arm-platform/install/manipulator/lib/manipulator/arm_hardware_node" to ""
[3.031s] -- Installing: /home/crz/arm-platform/install/manipulator/lib/manipulator/master_arm_node
[3.036s] -- Set runtime path of "/home/crz/arm-platform/install/manipulator/lib/manipulator/master_arm_node" to ""
[3.036s] -- Installing: /home/crz/arm-platform/install/manipulator/lib/manipulator/slave_arm_node
[3.041s] -- Set runtime path of "/home/crz/arm-platform/install/manipulator/lib/manipulator/slave_arm_node" to ""
[3.041s] -- Up-to-date: /home/crz/arm-platform/install/manipulator/include
[3.041s] -- Up-to-date: /home/crz/arm-platform/install/manipulator/include/manipulator
[3.041s] -- Up-to-date: /home/crz/arm-platform/install/manipulator/include/manipulator/controller
[3.041s] -- Up-to-date: /home/crz/arm-platform/install/manipulator/include/manipulator/controller/dummy_controller.h
[3.041s] -- Up-to-date: /home/crz/arm-platform/install/manipulator/include/manipulator/controller/i_arm_controller.h
[3.041s] -- Up-to-date: /home/crz/arm-platform/install/manipulator/include/manipulator/arm_types.h
[3.041s] -- Up-to-date: /home/crz/arm-platform/install/manipulator/include/manipulator/arm
[3.041s] -- Up-to-date: /home/crz/arm-platform/install/manipulator/include/manipulator/arm/abs_arm.h
[3.041s] -- Up-to-date: /home/crz/arm-platform/install/manipulator/include/manipulator/arm/i_arm.h
[3.041s] -- Up-to-date: /home/crz/arm-platform/install/manipulator/include/manipulator/arm/a_l1_gamma.h
[3.041s] -- Up-to-date: /home/crz/arm-platform/install/manipulator/include/manipulator/arm/arm_factory.h
[3.041s] -- Up-to-date: /home/crz/arm-platform/install/manipulator/include/manipulator/arm/a_l1_beta.h
[3.041s] -- Up-to-date: /home/crz/arm-platform/install/manipulator/include/manipulator/bus
[3.041s] -- Up-to-date: /home/crz/arm-platform/install/manipulator/include/manipulator/bus/abs_bus.h
[3.041s] -- Up-to-date: /home/crz/arm-platform/install/manipulator/include/manipulator/bus/serial_bus.h
[3.041s] -- Up-to-date: /home/crz/arm-platform/install/manipulator/include/manipulator/bus/i_bus.h
[3.041s] -- Up-to-date: /home/crz/arm-platform/install/manipulator/include/manipulator/slave_arm_node.h
[3.042s] -- Up-to-date: /home/crz/arm-platform/install/manipulator/include/manipulator/master_arm_node.h
[3.042s] -- Up-to-date: /home/crz/arm-platform/install/manipulator/include/manipulator/gravity_compensation.h
[3.042s] -- Up-to-date: /home/crz/arm-platform/install/manipulator/include/manipulator/gravity_compensation_pinocchio.h
[3.042s] -- Up-to-date: /home/crz/arm-platform/install/manipulator/include/manipulator/protocol
[3.042s] -- Up-to-date: /home/crz/arm-platform/install/manipulator/include/manipulator/protocol/protocol_v1.h
[3.042s] -- Up-to-date: /home/crz/arm-platform/install/manipulator/include/manipulator/protocol/protocol_factory.h
[3.042s] -- Up-to-date: /home/crz/arm-platform/install/manipulator/include/manipulator/protocol/i_protocol.h
[3.042s] -- Up-to-date: /home/crz/arm-platform/install/manipulator/include/manipulator/protocol/abs_protocol.h
[3.042s] -- Up-to-date: /home/crz/arm-platform/install/manipulator/include/manipulator/motor
[3.042s] -- Up-to-date: /home/crz/arm-platform/install/manipulator/include/manipulator/motor/dm_motor.h
[3.042s] -- Up-to-date: /home/crz/arm-platform/install/manipulator/include/manipulator/motor/i_motor.h
[3.042s] -- Up-to-date: /home/crz/arm-platform/install/manipulator/include/manipulator/motor/abs_motor.h
[3.042s] -- Up-to-date: /home/crz/arm-platform/install/manipulator/include/manipulator/arm_hardware_node.h
[3.042s] -- Up-to-date: /home/crz/arm-platform/install/manipulator/share/manipulator/
[3.042s] -- Up-to-date: /home/crz/arm-platform/install/manipulator/share/manipulator//master_arm.launch.py
[3.042s] -- Up-to-date: /home/crz/arm-platform/install/manipulator/share/manipulator//slave_arm.launch.py
[3.042s] -- Up-to-date: /home/crz/arm-platform/install/manipulator/share/manipulator//demo.launch.py
[3.042s] -- Up-to-date: /home/crz/arm-platform/install/manipulator/share/manipulator/environment/library_path.sh
[3.042s] -- Up-to-date: /home/crz/arm-platform/install/manipulator/share/manipulator/environment/library_path.dsv
[3.042s] -- Up-to-date: /home/crz/arm-platform/install/manipulator/share/ament_index/resource_index/package_run_dependencies/manipulator
[3.042s] -- Up-to-date: /home/crz/arm-platform/install/manipulator/share/ament_index/resource_index/parent_prefix_path/manipulator
[3.042s] -- Up-to-date: /home/crz/arm-platform/install/manipulator/share/manipulator/environment/ament_prefix_path.sh
[3.042s] -- Up-to-date: /home/crz/arm-platform/install/manipulator/share/manipulator/environment/ament_prefix_path.dsv
[3.042s] -- Up-to-date: /home/crz/arm-platform/install/manipulator/share/manipulator/environment/path.sh
[3.042s] -- Up-to-date: /home/crz/arm-platform/install/manipulator/share/manipulator/environment/path.dsv
[3.042s] -- Up-to-date: /home/crz/arm-platform/install/manipulator/share/manipulator/local_setup.bash
[3.042s] -- Up-to-date: /home/crz/arm-platform/install/manipulator/share/manipulator/local_setup.sh
[3.042s] -- Up-to-date: /home/crz/arm-platform/install/manipulator/share/manipulator/local_setup.zsh
[3.042s] -- Up-to-date: /home/crz/arm-platform/install/manipulator/share/manipulator/local_setup.dsv
[3.042s] -- Installing: /home/crz/arm-platform/install/manipulator/share/manipulator/package.dsv
[3.043s] -- Up-to-date: /home/crz/arm-platform/install/manipulator/share/ament_index/resource_index/packages/manipulator
[3.043s] -- Up-to-date: /home/crz/arm-platform/install/manipulator/share/manipulator/cmake/export_manipulatorExport.cmake
[3.043s] -- Up-to-date: /home/crz/arm-platform/install/manipulator/share/manipulator/cmake/export_manipulatorExport-noconfig.cmake
[3.043s] -- Up-to-date: /home/crz/arm-platform/install/manipulator/share/manipulator/cmake/ament_cmake_export_targets-extras.cmake
[3.043s] -- Up-to-date: /home/crz/arm-platform/install/manipulator/share/manipulator/cmake/ament_cmake_export_include_directories-extras.cmake
[3.043s] -- Up-to-date: /home/crz/arm-platform/install/manipulator/share/manipulator/cmake/ament_cmake_export_dependencies-extras.cmake
[3.043s] -- Up-to-date: /home/crz/arm-platform/install/manipulator/share/manipulator/cmake/manipulatorConfig.cmake
[3.043s] -- Up-to-date: /home/crz/arm-platform/install/manipulator/share/manipulator/cmake/manipulatorConfig-version.cmake
[3.043s] -- Up-to-date: /home/crz/arm-platform/install/manipulator/share/manipulator/package.xml
[3.044s] Invoked command in '/home/crz/arm-platform/build/manipulator' returned '0': CMAKE_PREFIX_PATH=${CMAKE_PREFIX_PATH}:/opt/ros/humble /usr/bin/cmake --install /home/crz/arm-platform/build/manipulator
