[0.024s] Invoking command in '/mnt/emmc/cat_home/arm-platform/build/manipulator': CMAKE_PREFIX_PATH=${CMAKE_PREFIX_PATH}:/opt/ros/humble /usr/bin/cmake --build /mnt/emmc/cat_home/arm-platform/build/manipulator -- -j8 -l8
[0.204s] [  9%] Built target gravity_compensation
[0.234s] [ 19%] Built target gravity_compensation_pinocchio
[0.241s] [ 71%] Built target manipulator_core
[0.306s] [35m[1mConsolidate compiler generated dependencies of target slave_arm_node[0m
[0.337s] [ 80%] Built target arm_hardware_node
[0.356s] [ 90%] Built target master_arm_node
[0.381s] [ 95%] [32mBuilding CXX object CMakeFiles/slave_arm_node.dir/src/slave_arm_node.cc.o[0m
[65.714s] [100%] [32m[1mLinking CXX executable slave_arm_node[0m
[67.689s] [100%] Built target slave_arm_node
[67.724s] Invoked command in '/mnt/emmc/cat_home/arm-platform/build/manipulator' returned '0': CMAKE_PREFIX_PATH=${CMAKE_PREFIX_PATH}:/opt/ros/humble /usr/bin/cmake --build /mnt/emmc/cat_home/arm-platform/build/manipulator -- -j8 -l8
[67.742s] Invoking command in '/mnt/emmc/cat_home/arm-platform/build/manipulator': CMAKE_PREFIX_PATH=${CMAKE_PREFIX_PATH}:/opt/ros/humble /usr/bin/cmake --install /mnt/emmc/cat_home/arm-platform/build/manipulator
[67.767s] -- Install configuration: ""
[67.767s] -- Up-to-date: /mnt/emmc/cat_home/arm-platform/install/manipulator/lib/libmanipulator_core.a
[67.768s] -- Up-to-date: /mnt/emmc/cat_home/arm-platform/install/manipulator/lib/libgravity_compensation.a
[67.768s] -- Up-to-date: /mnt/emmc/cat_home/arm-platform/install/manipulator/lib/libgravity_compensation_pinocchio.a
[67.769s] -- Up-to-date: /mnt/emmc/cat_home/arm-platform/install/manipulator/lib/manipulator/arm_hardware_node
[67.769s] -- Up-to-date: /mnt/emmc/cat_home/arm-platform/install/manipulator/lib/manipulator/master_arm_node
[67.770s] -- Installing: /mnt/emmc/cat_home/arm-platform/install/manipulator/lib/manipulator/slave_arm_node
[67.790s] -- Set runtime path of "/mnt/emmc/cat_home/arm-platform/install/manipulator/lib/manipulator/slave_arm_node" to ""
[67.791s] -- Up-to-date: /mnt/emmc/cat_home/arm-platform/install/manipulator/include
[67.791s] -- Up-to-date: /mnt/emmc/cat_home/arm-platform/install/manipulator/include/manipulator
[67.792s] -- Up-to-date: /mnt/emmc/cat_home/arm-platform/install/manipulator/include/manipulator/slave_arm_node.h
[67.792s] -- Up-to-date: /mnt/emmc/cat_home/arm-platform/install/manipulator/include/manipulator/arm
[67.792s] -- Up-to-date: /mnt/emmc/cat_home/arm-platform/install/manipulator/include/manipulator/arm/abs_arm.h
[67.793s] -- Up-to-date: /mnt/emmc/cat_home/arm-platform/install/manipulator/include/manipulator/arm/i_arm.h
[67.793s] -- Up-to-date: /mnt/emmc/cat_home/arm-platform/install/manipulator/include/manipulator/arm/a_l1_gamma.h
[67.794s] -- Up-to-date: /mnt/emmc/cat_home/arm-platform/install/manipulator/include/manipulator/arm/a_l1_beta.h
[67.794s] -- Up-to-date: /mnt/emmc/cat_home/arm-platform/install/manipulator/include/manipulator/arm/arm_factory.h
[67.794s] -- Up-to-date: /mnt/emmc/cat_home/arm-platform/install/manipulator/include/manipulator/arm_types.h
[67.795s] -- Up-to-date: /mnt/emmc/cat_home/arm-platform/install/manipulator/include/manipulator/bus
[67.796s] -- Up-to-date: /mnt/emmc/cat_home/arm-platform/install/manipulator/include/manipulator/bus/i_bus.h
[67.797s] -- Up-to-date: /mnt/emmc/cat_home/arm-platform/install/manipulator/include/manipulator/bus/abs_bus.h
[67.798s] -- Up-to-date: /mnt/emmc/cat_home/arm-platform/install/manipulator/include/manipulator/bus/serial_bus.h
[67.799s] -- Up-to-date: /mnt/emmc/cat_home/arm-platform/install/manipulator/include/manipulator/arm_hardware_node.h
[67.799s] -- Up-to-date: /mnt/emmc/cat_home/arm-platform/install/manipulator/include/manipulator/motor
[67.800s] -- Up-to-date: /mnt/emmc/cat_home/arm-platform/install/manipulator/include/manipulator/motor/dm_motor.h
[67.800s] -- Up-to-date: /mnt/emmc/cat_home/arm-platform/install/manipulator/include/manipulator/motor/abs_motor.h
[67.801s] -- Up-to-date: /mnt/emmc/cat_home/arm-platform/install/manipulator/include/manipulator/motor/i_motor.h
[67.801s] -- Up-to-date: /mnt/emmc/cat_home/arm-platform/install/manipulator/include/manipulator/master_arm_node.h
[67.802s] -- Up-to-date: /mnt/emmc/cat_home/arm-platform/install/manipulator/include/manipulator/gravity_compensation_pinocchio.h
[67.803s] -- Up-to-date: /mnt/emmc/cat_home/arm-platform/install/manipulator/include/manipulator/controller
[67.803s] -- Up-to-date: /mnt/emmc/cat_home/arm-platform/install/manipulator/include/manipulator/controller/dummy_controller.h
[67.804s] -- Up-to-date: /mnt/emmc/cat_home/arm-platform/install/manipulator/include/manipulator/controller/i_arm_controller.h
[67.804s] -- Up-to-date: /mnt/emmc/cat_home/arm-platform/install/manipulator/include/manipulator/protocol
[67.806s] -- Up-to-date: /mnt/emmc/cat_home/arm-platform/install/manipulator/include/manipulator/protocol/protocol_v1.h
[67.806s] -- Up-to-date: /mnt/emmc/cat_home/arm-platform/install/manipulator/include/manipulator/protocol/i_protocol.h
[67.807s] -- Up-to-date: /mnt/emmc/cat_home/arm-platform/install/manipulator/include/manipulator/protocol/abs_protocol.h
[67.807s] -- Up-to-date: /mnt/emmc/cat_home/arm-platform/install/manipulator/include/manipulator/protocol/protocol_factory.h
[67.808s] -- Up-to-date: /mnt/emmc/cat_home/arm-platform/install/manipulator/include/manipulator/gravity_compensation.h
[67.808s] -- Up-to-date: /mnt/emmc/cat_home/arm-platform/install/manipulator/share/manipulator/
[67.809s] -- Up-to-date: /mnt/emmc/cat_home/arm-platform/install/manipulator/share/manipulator//master_arm.launch.py
[67.809s] -- Up-to-date: /mnt/emmc/cat_home/arm-platform/install/manipulator/share/manipulator//demo.launch.py
[67.809s] -- Up-to-date: /mnt/emmc/cat_home/arm-platform/install/manipulator/share/manipulator//slave_arm.launch.py
[67.810s] -- Up-to-date: /mnt/emmc/cat_home/arm-platform/install/manipulator/share/manipulator/environment/library_path.sh
[67.810s] -- Up-to-date: /mnt/emmc/cat_home/arm-platform/install/manipulator/share/manipulator/environment/library_path.dsv
[67.812s] -- Up-to-date: /mnt/emmc/cat_home/arm-platform/install/manipulator/share/ament_index/resource_index/package_run_dependencies/manipulator
[67.813s] -- Up-to-date: /mnt/emmc/cat_home/arm-platform/install/manipulator/share/ament_index/resource_index/parent_prefix_path/manipulator
[67.814s] -- Up-to-date: /mnt/emmc/cat_home/arm-platform/install/manipulator/share/manipulator/environment/ament_prefix_path.sh
[67.815s] -- Up-to-date: /mnt/emmc/cat_home/arm-platform/install/manipulator/share/manipulator/environment/ament_prefix_path.dsv
[67.816s] -- Up-to-date: /mnt/emmc/cat_home/arm-platform/install/manipulator/share/manipulator/environment/path.sh
[67.818s] -- Up-to-date: /mnt/emmc/cat_home/arm-platform/install/manipulator/share/manipulator/environment/path.dsv
[67.819s] -- Up-to-date: /mnt/emmc/cat_home/arm-platform/install/manipulator/share/manipulator/local_setup.bash
[67.820s] -- Up-to-date: /mnt/emmc/cat_home/arm-platform/install/manipulator/share/manipulator/local_setup.sh
[67.821s] -- Up-to-date: /mnt/emmc/cat_home/arm-platform/install/manipulator/share/manipulator/local_setup.zsh
[67.822s] -- Up-to-date: /mnt/emmc/cat_home/arm-platform/install/manipulator/share/manipulator/local_setup.dsv
[67.823s] -- Installing: /mnt/emmc/cat_home/arm-platform/install/manipulator/share/manipulator/package.dsv
[67.824s] -- Up-to-date: /mnt/emmc/cat_home/arm-platform/install/manipulator/share/ament_index/resource_index/packages/manipulator
[67.825s] -- Up-to-date: /mnt/emmc/cat_home/arm-platform/install/manipulator/share/manipulator/cmake/export_manipulatorExport.cmake
[67.826s] -- Up-to-date: /mnt/emmc/cat_home/arm-platform/install/manipulator/share/manipulator/cmake/export_manipulatorExport-noconfig.cmake
[67.827s] -- Up-to-date: /mnt/emmc/cat_home/arm-platform/install/manipulator/share/manipulator/cmake/ament_cmake_export_targets-extras.cmake
[67.828s] -- Up-to-date: /mnt/emmc/cat_home/arm-platform/install/manipulator/share/manipulator/cmake/ament_cmake_export_include_directories-extras.cmake
[67.828s] -- Up-to-date: /mnt/emmc/cat_home/arm-platform/install/manipulator/share/manipulator/cmake/ament_cmake_export_dependencies-extras.cmake
[67.829s] -- Up-to-date: /mnt/emmc/cat_home/arm-platform/install/manipulator/share/manipulator/cmake/manipulatorConfig.cmake
[67.829s] -- Up-to-date: /mnt/emmc/cat_home/arm-platform/install/manipulator/share/manipulator/cmake/manipulatorConfig-version.cmake
[67.830s] -- Up-to-date: /mnt/emmc/cat_home/arm-platform/install/manipulator/share/manipulator/package.xml
[67.831s] Invoked command in '/mnt/emmc/cat_home/arm-platform/build/manipulator' returned '0': CMAKE_PREFIX_PATH=${CMAKE_PREFIX_PATH}:/opt/ros/humble /usr/bin/cmake --install /mnt/emmc/cat_home/arm-platform/build/manipulator
